
  GitNexus Analyzer (1.6.11)

  GitNexus Analyzer (1.6.11)
  Warning: no .git directory found — commit-tracking and incremental updates disabled.

{"level":40,"time":1791084642527,"name":"gitnexus","language":"java","context":"actual-formal-overflow:app-model/io/quarkus/bootstrap/model/MutableXxJvmOption.java:51:50","candidateCount":33,"cap":32,"msg":"callable-value-flow: candidate set exceeded the cap; no partial CALLS emitted"}
{"level":40,"time":1791084642527,"name":"gitnexus","language":"java","context":"actual-formal-overflow:app-model/io/quarkus/bootstrap/model/MutableXxJvmOption.java:51:50","candidateCount":33,"cap":32,"msg":"callable-value-flow: candidate set exceeded the cap; no partial CALLS emitted"}
{"level":40,"time":1791084642527,"name":"gitnexus","language":"java","context":"actual-formal-overflow:app-model/io/quarkus/bootstrap/model/MutableXxJvmOption.java:51:50","candidateCount":33,"cap":32,"msg":"callable-value-flow: candidate set exceeded the cap; no partial CALLS emitted"}
{"level":40,"time":1791084642527,"name":"gitnexus","language":"java","context":"actual-formal-overflow:app-model/io/quarkus/bootstrap/model/MutableXxJvmOption.java:51:50","candidateCount":33,"cap":32,"msg":"callable-value-flow: candidate set exceeded the cap; no partial CALLS emitted"}
{"level":40,"time":1791084642527,"name":"gitnexus","language":"java","context":"actual-formal-overflow:app-model/io/quarkus/bootstrap/model/MutableXxJvmOption.java:51:50","candidateCount":33,"cap":32,"msg":"callable-value-flow: candidate set exceeded the cap; no partial CALLS emitted"}
{"level":40,"time":1791084642527,"name":"gitnexus","language":"java","context":"actual-formal-overflow:app-model/io/quarkus/bootstrap/model/MutableXxJvmOption.java:51:50","candidateCount":33,"cap":32,"msg":"callable-value-flow: candidate set exceeded the cap; no partial CALLS emitted"}
{"level":40,"time":1791084642527,"name":"gitnexus","language":"java","context":"actual-formal-overflow:app-model/io/quarkus/bootstrap/model/MutableXxJvmOption.java:51:50","candidateCount":33,"cap":32,"msg":"callable-value-flow: candidate set exceeded the cap; no partial CALLS emitted"}
{"level":40,"time":1791084642527,"name":"gitnexus","language":"java","context":"actual-formal-overflow:app-model/io/quarkus/bootstrap/model/MutableXxJvmOption.java:51:50","candidateCount":33,"cap":32,"msg":"callable-value-flow: candidate set exceeded the cap; no partial CALLS emitted"}
{"level":40,"time":1791084642527,"name":"gitnexus","language":"java","context":"actual-formal-overflow:app-model/io/quarkus/bootstrap/model/MutableXxJvmOption.java:51:50","candidateCount":33,"cap":32,"msg":"callable-value-flow: candidate set exceeded the cap; no partial CALLS emitted"}
{"level":40,"time":1791084642527,"name":"gitnexus","language":"java","context":"actual-formal-overflow:app-model/io/quarkus/bootstrap/model/MutableXxJvmOption.java:51:50","candidateCount":33,"cap":32,"msg":"callable-value-flow: candidate set exceeded the cap; no partial CALLS emitted"}
{"level":40,"time":1791084642527,"name":"gitnexus","language":"java","context":"actual-formal-overflow:app-model/io/quarkus/bootstrap/model/MutableXxJvmOption.java:51:50","candidateCount":33,"cap":32,"msg":"callable-value-flow: candidate set exceeded the cap; no partial CALLS emitted"}
{"level":40,"time":1791084642527,"name":"gitnexus","language":"java","context":"actual-formal-overflow:app-model/io/quarkus/bootstrap/model/MutableXxJvmOption.java:51:50","candidateCount":33,"cap":32,"msg":"callable-value-flow: candidate set exceeded the cap; no partial CALLS emitted"}
{"level":40,"time":1791084642527,"name":"gitnexus","language":"java","context":"actual-formal-overflow:app-model/io/quarkus/bootstrap/model/MutableXxJvmOption.java:51:50","candidateCount":33,"cap":32,"msg":"callable-value-flow: candidate set exceeded the cap; no partial CALLS emitted"}
{"level":40,"time":1791084642527,"name":"gitnexus","language":"java","context":"actual-formal-overflow:app-model/io/quarkus/bootstrap/model/MutableXxJvmOption.java:51:50","candidateCount":33,"cap":32,"msg":"callable-value-flow: candidate set exceeded the cap; no partial CALLS emitted"}
{"level":40,"time":1791084642527,"name":"gitnexus","language":"java","context":"actual-formal-overflow:app-model/io/quarkus/bootstrap/model/MutableXxJvmOption.java:51:50","candidateCount":33,"cap":32,"msg":"callable-value-flow: candidate set exceeded the cap; no partial CALLS emitted"}
{"level":40,"time":1791084642527,"name":"gitnexus","language":"java","context":"actual-formal-overflow:app-model/io/quarkus/bootstrap/model/MutableXxJvmOption.java:51:50","candidateCount":33,"cap":32,"msg":"callable-value-flow: candidate set exceeded the cap; no partial CALLS emitted"}
{"level":40,"time":1791084642527,"name":"gitnexus","language":"java","context":"actual-formal-overflow:app-model/io/quarkus/bootstrap/model/MutableXxJvmOption.java:51:50","candidateCount":33,"cap":32,"msg":"callable-value-flow: candidate set exceeded the cap; no partial CALLS emitted"}
{"level":40,"time":1791084642527,"name":"gitnexus","language":"java","context":"actual-formal-overflow:app-model/io/quarkus/bootstrap/model/MutableXxJvmOption.java:51:50","candidateCount":33,"cap":32,"msg":"callable-value-flow: candidate set exceeded the cap; no partial CALLS emitted"}
{"level":40,"time":1791084642527,"name":"gitnexus","language":"java","context":"actual-formal-overflow:app-model/io/quarkus/bootstrap/model/MutableXxJvmOption.java:51:50","candidateCount":33,"cap":32,"msg":"callable-value-flow: candidate set exceeded the cap; no partial CALLS emitted"}
{"level":40,"time":1791084642527,"name":"gitnexus","language":"java","context":"actual-formal-overflow:app-model/io/quarkus/bootstrap/model/MutableXxJvmOption.java:51:50","candidateCount":33,"cap":32,"msg":"callable-value-flow: candidate set exceeded the cap; no partial CALLS emitted"}
{"level":40,"time":1791084642527,"name":"gitnexus","language":"java","context":"actual-formal-overflow:app-model/io/quarkus/bootstrap/model/MutableXxJvmOption.java:51:50","candidateCount":33,"cap":32,"msg":"callable-value-flow: candidate set exceeded the cap; no partial CALLS emitted"}
{"level":40,"time":1791084642527,"name":"gitnexus","language":"java","context":"actual-formal-overflow:app-model/io/quarkus/bootstrap/model/MutableXxJvmOption.java:51:50","candidateCount":33,"cap":32,"msg":"callable-value-flow: candidate set exceeded the cap; no partial CALLS emitted"}
{"level":40,"time":1791084642527,"name":"gitnexus","language":"java","context":"actual-formal-overflow:app-model/io/quarkus/bootstrap/model/MutableXxJvmOption.java:51:50","candidateCount":33,"cap":32,"msg":"callable-value-flow: candidate set exceeded the cap; no partial CALLS emitted"}
{"level":40,"time":1791084642527,"name":"gitnexus","language":"java","context":"actual-formal-overflow:app-model/io/quarkus/bootstrap/model/MutableXxJvmOption.java:51:50","candidateCount":33,"cap":32,"msg":"callable-value-flow: candidate set exceeded the cap; no partial CALLS emitted"}
{"level":40,"time":1791084642527,"name":"gitnexus","language":"java","context":"actual-formal-overflow:app-model/io/quarkus/bootstrap/model/MutableXxJvmOption.java:51:50","candidateCount":33,"cap":32,"msg":"callable-value-flow: candidate set exceeded the cap; no partial CALLS emitted"}
{"level":40,"time":1791084642527,"name":"gitnexus","language":"java","context":"actual-formal-overflow:app-model/io/quarkus/bootstrap/model/MutableXxJvmOption.java:51:50","candidateCount":33,"cap":32,"msg":"callable-value-flow: candidate set exceeded the cap; no partial CALLS emitted"}
{"level":40,"time":1791084642527,"name":"gitnexus","language":"java","context":"actual-formal-overflow:app-model/io/quarkus/bootstrap/model/MutableXxJvmOption.java:51:50","candidateCount":33,"cap":32,"msg":"callable-value-flow: candidate set exceeded the cap; no partial CALLS emitted"}
{"level":40,"time":1791084642527,"name":"gitnexus","language":"java","context":"actual-formal-overflow:app-model/io/quarkus/bootstrap/model/MutableXxJvmOption.java:51:50","candidateCount":33,"cap":32,"msg":"callable-value-flow: candidate set exceeded the cap; no partial CALLS emitted"}
{"level":40,"time":1791084642527,"name":"gitnexus","language":"java","context":"actual-formal-overflow:app-model/io/quarkus/bootstrap/model/MutableXxJvmOption.java:51:50","candidateCount":33,"cap":32,"msg":"callable-value-flow: candidate set exceeded the cap; no partial CALLS emitted"}
{"level":40,"time":1791084642527,"name":"gitnexus","language":"java","context":"actual-formal-overflow:app-model/io/quarkus/bootstrap/model/MutableXxJvmOption.java:51:50","candidateCount":33,"cap":32,"msg":"callable-value-flow: candidate set exceeded the cap; no partial CALLS emitted"}
{"level":40,"time":1791084642527,"name":"gitnexus","language":"java","context":"actual-formal-overflow:app-model/io/quarkus/bootstrap/model/MutableXxJvmOption.java:51:50","candidateCount":33,"cap":32,"msg":"callable-value-flow: candidate set exceeded the cap; no partial CALLS emitted"}
{"level":40,"time":1791084642527,"name":"gitnexus","language":"java","context":"actual-formal-overflow:app-model/io/quarkus/bootstrap/model/MutableXxJvmOption.java:51:50","candidateCount":33,"cap":32,"msg":"callable-value-flow: candidate set exceeded the cap; no partial CALLS emitted"}
{"level":40,"time":1791084642527,"name":"gitnexus","language":"java","context":"actual-formal-overflow:app-model/io/quarkus/bootstrap/model/MutableXxJvmOption.java:51:50","candidateCount":33,"cap":32,"msg":"callable-value-flow: candidate set exceeded the cap; no partial CALLS emitted"}
{"level":40,"time":1791084642527,"name":"gitnexus","language":"java","context":"actual-formal-overflow:app-model/io/quarkus/bootstrap/model/MutableXxJvmOption.java:51:50","candidateCount":33,"cap":32,"msg":"callable-value-flow: candidate set exceeded the cap; no partial CALLS emitted"}
{"level":40,"time":1791084642527,"name":"gitnexus","language":"java","context":"actual-formal-overflow:app-model/io/quarkus/bootstrap/model/MutableXxJvmOption.java:51:50","candidateCount":33,"cap":32,"msg":"callable-value-flow: candidate set exceeded the cap; no partial CALLS emitted"}
{"level":40,"time":1791084642527,"name":"gitnexus","language":"java","context":"actual-formal-overflow:app-model/io/quarkus/bootstrap/model/MutableXxJvmOption.java:51:50","candidateCount":33,"cap":32,"msg":"callable-value-flow: candidate set exceeded the cap; no partial CALLS emitted"}
{"level":40,"time":1791084642527,"name":"gitnexus","language":"java","context":"actual-formal-overflow:app-model/io/quarkus/bootstrap/model/MutableXxJvmOption.java:51:50","candidateCount":33,"cap":32,"msg":"callable-value-flow: candidate set exceeded the cap; no partial CALLS emitted"}
{"level":40,"time":1791084642527,"name":"gitnexus","language":"java","context":"actual-formal-overflow:app-model/io/quarkus/bootstrap/model/MutableXxJvmOption.java:51:50","candidateCount":33,"cap":32,"msg":"callable-value-flow: candidate set exceeded the cap; no partial CALLS emitted"}
{"level":40,"time":1791084642527,"name":"gitnexus","language":"java","context":"actual-formal-overflow:app-model/io/quarkus/bootstrap/model/MutableXxJvmOption.java:51:50","candidateCount":33,"cap":32,"msg":"callable-value-flow: candidate set exceeded the cap; no partial CALLS emitted"}
{"level":40,"time":1791084642527,"name":"gitnexus","language":"java","context":"actual-formal-overflow:app-model/io/quarkus/bootstrap/model/MutableXxJvmOption.java:51:50","candidateCount":33,"cap":32,"msg":"callable-value-flow: candidate set exceeded the cap; no partial CALLS emitted"}
{"level":40,"time":1791084642527,"name":"gitnexus","language":"java","context":"actual-formal-overflow:app-model/io/quarkus/bootstrap/model/MutableXxJvmOption.java:51:50","candidateCount":33,"cap":32,"msg":"callable-value-flow: candidate set exceeded the cap; no partial CALLS emitted"}
{"level":40,"time":1791084642527,"name":"gitnexus","language":"java","context":"actual-formal-overflow:app-model/io/quarkus/bootstrap/model/MutableXxJvmOption.java:51:50","candidateCount":33,"cap":32,"msg":"callable-value-flow: candidate set exceeded the cap; no partial CALLS emitted"}
{"level":40,"time":1791084642527,"name":"gitnexus","language":"java","context":"actual-formal-overflow:app-model/io/quarkus/bootstrap/model/MutableXxJvmOption.java:51:50","candidateCount":33,"cap":32,"msg":"callable-value-flow: candidate set exceeded the cap; no partial CALLS emitted"}
{"level":40,"time":1791084642527,"name":"gitnexus","language":"java","context":"actual-formal-overflow:app-model/io/quarkus/bootstrap/model/MutableXxJvmOption.java:51:50","candidateCount":33,"cap":32,"msg":"callable-value-flow: candidate set exceeded the cap; no partial CALLS emitted"}
{"level":40,"time":1791084642527,"name":"gitnexus","language":"java","context":"actual-formal-overflow:app-model/io/quarkus/bootstrap/model/MutableXxJvmOption.java:51:50","candidateCount":33,"cap":32,"msg":"callable-value-flow: candidate set exceeded the cap; no partial CALLS emitted"}
{"level":40,"time":1791084642527,"name":"gitnexus","language":"java","context":"actual-formal-overflow:app-model/io/quarkus/bootstrap/model/MutableXxJvmOption.java:51:50","candidateCount":33,"cap":32,"msg":"callable-value-flow: candidate set exceeded the cap; no partial CALLS emitted"}
{"level":40,"time":1791084642527,"name":"gitnexus","language":"java","context":"actual-formal-overflow:app-model/io/quarkus/bootstrap/model/MutableXxJvmOption.java:51:50","candidateCount":33,"cap":32,"msg":"callable-value-flow: candidate set exceeded the cap; no partial CALLS emitted"}
{"level":40,"time":1791084642527,"name":"gitnexus","language":"java","context":"actual-formal-overflow:app-model/io/quarkus/bootstrap/model/MutableXxJvmOption.java:51:50","candidateCount":33,"cap":32,"msg":"callable-value-flow: candidate set exceeded the cap; no partial CALLS emitted"}
{"level":40,"time":1791084642527,"name":"gitnexus","language":"java","context":"actual-formal-overflow:app-model/io/quarkus/bootstrap/model/MutableXxJvmOption.java:51:50","candidateCount":33,"cap":32,"msg":"callable-value-flow: candidate set exceeded the cap; no partial CALLS emitted"}
{"level":40,"time":1791084642527,"name":"gitnexus","language":"java","context":"actual-formal-overflow:app-model/io/quarkus/bootstrap/model/MutableXxJvmOption.java:51:50","candidateCount":33,"cap":32,"msg":"callable-value-flow: candidate set exceeded the cap; no partial CALLS emitted"}
{"level":40,"time":1791084642527,"name":"gitnexus","language":"java","context":"actual-formal-overflow:app-model/io/quarkus/bootstrap/model/MutableXxJvmOption.java:51:50","candidateCount":33,"cap":32,"msg":"callable-value-flow: candidate set exceeded the cap; no partial CALLS emitted"}
{"level":40,"time":1791084642527,"name":"gitnexus","language":"java","context":"actual-formal-overflow:app-model/io/quarkus/bootstrap/model/MutableXxJvmOption.java:51:50","candidateCount":33,"cap":32,"msg":"callable-value-flow: candidate set exceeded the cap; no partial CALLS emitted"}
{"level":40,"time":1791084642527,"name":"gitnexus","language":"java","context":"actual-formal-overflow:app-model/io/quarkus/bootstrap/model/MutableXxJvmOption.java:51:50","candidateCount":33,"cap":32,"msg":"callable-value-flow: candidate set exceeded the cap; no partial CALLS emitted"}
{"level":40,"time":1791084642527,"name":"gitnexus","language":"java","context":"actual-formal-overflow:app-model/io/quarkus/bootstrap/model/MutableXxJvmOption.java:51:50","candidateCount":33,"cap":32,"msg":"callable-value-flow: candidate set exceeded the cap; no partial CALLS emitted"}
{"level":40,"time":1791084642527,"name":"gitnexus","language":"java","context":"actual-formal-overflow:app-model/io/quarkus/bootstrap/model/MutableXxJvmOption.java:51:50","candidateCount":33,"cap":32,"msg":"callable-value-flow: candidate set exceeded the cap; no partial CALLS emitted"}
{"level":40,"time":1791084642527,"name":"gitnexus","language":"java","context":"actual-formal-overflow:app-model/io/quarkus/bootstrap/model/MutableXxJvmOption.java:51:50","candidateCount":33,"cap":32,"msg":"callable-value-flow: candidate set exceeded the cap; no partial CALLS emitted"}
{"level":40,"time":1791084642527,"name":"gitnexus","language":"java","context":"actual-formal-overflow:app-model/io/quarkus/bootstrap/model/MutableXxJvmOption.java:51:50","candidateCount":33,"cap":32,"msg":"callable-value-flow: candidate set exceeded the cap; no partial CALLS emitted"}
{"level":40,"time":1791084642527,"name":"gitnexus","language":"java","context":"actual-formal-overflow:app-model/io/quarkus/bootstrap/model/MutableXxJvmOption.java:51:50","candidateCount":33,"cap":32,"msg":"callable-value-flow: candidate set exceeded the cap; no partial CALLS emitted"}
{"level":40,"time":1791084642527,"name":"gitnexus","language":"java","context":"actual-formal-overflow:app-model/io/quarkus/bootstrap/model/MutableXxJvmOption.java:51:50","candidateCount":33,"cap":32,"msg":"callable-value-flow: candidate set exceeded the cap; no partial CALLS emitted"}
{"level":40,"time":1791084642527,"name":"gitnexus","language":"java","context":"actual-formal-overflow:app-model/io/quarkus/bootstrap/model/MutableXxJvmOption.java:51:50","candidateCount":33,"cap":32,"msg":"callable-value-flow: candidate set exceeded the cap; no partial CALLS emitted"}
{"level":40,"time":1791084642527,"name":"gitnexus","language":"java","context":"actual-formal-overflow:app-model/io/quarkus/bootstrap/model/MutableXxJvmOption.java:51:50","candidateCount":33,"cap":32,"msg":"callable-value-flow: candidate set exceeded the cap; no partial CALLS emitted"}
{"level":40,"time":1791084642527,"name":"gitnexus","language":"java","context":"actual-formal-overflow:app-model/io/quarkus/bootstrap/model/MutableXxJvmOption.java:51:50","candidateCount":33,"cap":32,"msg":"callable-value-flow: candidate set exceeded the cap; no partial CALLS emitted"}
{"level":40,"time":1791084642527,"name":"gitnexus","language":"java","context":"actual-formal-overflow:app-model/io/quarkus/bootstrap/model/MutableXxJvmOption.java:51:50","candidateCount":33,"cap":32,"msg":"callable-value-flow: candidate set exceeded the cap; no partial CALLS emitted"}
{"level":40,"time":1791084642527,"name":"gitnexus","language":"java","context":"actual-formal-overflow:app-model/io/quarkus/bootstrap/model/MutableXxJvmOption.java:51:50","candidateCount":33,"cap":32,"msg":"callable-value-flow: candidate set exceeded the cap; no partial CALLS emitted"}
{"level":40,"time":1791084642527,"name":"gitnexus","language":"java","context":"actual-formal-overflow:app-model/io/quarkus/bootstrap/model/MutableXxJvmOption.java:51:50","candidateCount":33,"cap":32,"msg":"callable-value-flow: candidate set exceeded the cap; no partial CALLS emitted"}
{"level":40,"time":1791084642528,"name":"gitnexus","language":"java","context":"actual-formal-overflow:app-model/io/quarkus/bootstrap/model/MutableXxJvmOption.java:51:50","candidateCount":33,"cap":32,"msg":"callable-value-flow: candidate set exceeded the cap; no partial CALLS emitted"}
{"level":40,"time":1791084642528,"name":"gitnexus","language":"java","context":"actual-formal-overflow:app-model/io/quarkus/bootstrap/model/MutableXxJvmOption.java:51:50","candidateCount":33,"cap":32,"msg":"callable-value-flow: candidate set exceeded the cap; no partial CALLS emitted"}
{"level":40,"time":1791084642528,"name":"gitnexus","language":"java","context":"actual-formal-overflow:app-model/io/quarkus/bootstrap/model/MutableXxJvmOption.java:51:50","candidateCount":33,"cap":32,"msg":"callable-value-flow: candidate set exceeded the cap; no partial CALLS emitted"}
{"level":40,"time":1791084642528,"name":"gitnexus","language":"java","context":"actual-formal-overflow:app-model/io/quarkus/bootstrap/model/MutableXxJvmOption.java:51:50","candidateCount":33,"cap":32,"msg":"callable-value-flow: candidate set exceeded the cap; no partial CALLS emitted"}
{"level":40,"time":1791084642528,"name":"gitnexus","language":"java","context":"actual-formal-overflow:app-model/io/quarkus/bootstrap/model/MutableXxJvmOption.java:51:50","candidateCount":33,"cap":32,"msg":"callable-value-flow: candidate set exceeded the cap; no partial CALLS emitted"}
{"level":40,"time":1791084642528,"name":"gitnexus","language":"java","context":"actual-formal-overflow:app-model/io/quarkus/bootstrap/model/MutableXxJvmOption.java:51:50","candidateCount":33,"cap":32,"msg":"callable-value-flow: candidate set exceeded the cap; no partial CALLS emitted"}
{"level":40,"time":1791084642528,"name":"gitnexus","language":"java","context":"actual-formal-overflow:app-model/io/quarkus/bootstrap/model/MutableXxJvmOption.java:51:50","candidateCount":33,"cap":32,"msg":"callable-value-flow: candidate set exceeded the cap; no partial CALLS emitted"}
{"level":40,"time":1791084642528,"name":"gitnexus","language":"java","context":"actual-formal-overflow:app-model/io/quarkus/bootstrap/model/MutableXxJvmOption.java:51:50","candidateCount":33,"cap":32,"msg":"callable-value-flow: candidate set exceeded the cap; no partial CALLS emitted"}
{"level":40,"time":1791084642528,"name":"gitnexus","language":"java","context":"actual-formal-overflow:app-model/io/quarkus/bootstrap/model/MutableXxJvmOption.java:51:50","candidateCount":33,"cap":32,"msg":"callable-value-flow: candidate set exceeded the cap; no partial CALLS emitted"}
{"level":40,"time":1791084642528,"name":"gitnexus","language":"java","context":"actual-formal-overflow:app-model/io/quarkus/bootstrap/model/MutableXxJvmOption.java:51:50","candidateCount":33,"cap":32,"msg":"callable-value-flow: candidate set exceeded the cap; no partial CALLS emitted"}
{"level":40,"time":1791084642528,"name":"gitnexus","language":"java","context":"actual-formal-overflow:app-model/io/quarkus/bootstrap/model/MutableXxJvmOption.java:51:50","candidateCount":33,"cap":32,"msg":"callable-value-flow: candidate set exceeded the cap; no partial CALLS emitted"}
{"level":40,"time":1791084642528,"name":"gitnexus","language":"java","context":"actual-formal-overflow:app-model/io/quarkus/bootstrap/model/MutableXxJvmOption.java:51:50","candidateCount":33,"cap":32,"msg":"callable-value-flow: candidate set exceeded the cap; no partial CALLS emitted"}
{"level":40,"time":1791084642528,"name":"gitnexus","language":"java","context":"actual-formal-overflow:app-model/io/quarkus/bootstrap/model/MutableXxJvmOption.java:51:50","candidateCount":33,"cap":32,"msg":"callable-value-flow: candidate set exceeded the cap; no partial CALLS emitted"}
{"level":40,"time":1791084642528,"name":"gitnexus","language":"java","context":"actual-formal-overflow:app-model/io/quarkus/bootstrap/model/MutableXxJvmOption.java:51:50","candidateCount":33,"cap":32,"msg":"callable-value-flow: candidate set exceeded the cap; no partial CALLS emitted"}
{"level":40,"time":1791084642528,"name":"gitnexus","language":"java","context":"actual-formal-overflow:app-model/io/quarkus/bootstrap/model/MutableXxJvmOption.java:51:50","candidateCount":33,"cap":32,"msg":"callable-value-flow: candidate set exceeded the cap; no partial CALLS emitted"}
{"level":40,"time":1791084642528,"name":"gitnexus","language":"java","context":"actual-formal-overflow:app-model/io/quarkus/bootstrap/model/MutableXxJvmOption.java:51:50","candidateCount":33,"cap":32,"msg":"callable-value-flow: candidate set exceeded the cap; no partial CALLS emitted"}
{"level":40,"time":1791084642528,"name":"gitnexus","language":"java","context":"actual-formal-overflow:app-model/io/quarkus/bootstrap/model/MutableXxJvmOption.java:51:50","candidateCount":33,"cap":32,"msg":"callable-value-flow: candidate set exceeded the cap; no partial CALLS emitted"}
{"level":40,"time":1791084642528,"name":"gitnexus","language":"java","context":"copy:app-model/io/quarkus/bootstrap/workspace/DefaultSourceDir.java","candidateCount":33,"cap":32,"msg":"callable-value-flow: candidate set exceeded the cap; no partial CALLS emitted"}
{"level":40,"time":1791084642528,"name":"gitnexus","language":"java","context":"copy:app-model/io/quarkus/bootstrap/workspace/DefaultSourceDir.java","candidateCount":33,"cap":32,"msg":"callable-value-flow: candidate set exceeded the cap; no partial CALLS emitted"}
{"level":40,"time":1791084642528,"name":"gitnexus","language":"java","context":"copy:app-model/io/quarkus/maven/ArtifactCoords.java","candidateCount":33,"cap":32,"msg":"callable-value-flow: candidate set exceeded the cap; no partial CALLS emitted"}
{"level":40,"time":1791084642528,"name":"gitnexus","language":"java","context":"copy:app-model/io/quarkus/maven/ArtifactCoords.java","candidateCount":33,"cap":32,"msg":"callable-value-flow: candidate set exceeded the cap; no partial CALLS emitted"}
{"level":40,"time":1791084642528,"name":"gitnexus","language":"java","context":"copy:app-model/io/quarkus/maven/ArtifactKey.java","candidateCount":33,"cap":32,"msg":"callable-value-flow: candidate set exceeded the cap; no partial CALLS emitted"}
{"level":40,"time":1791084642528,"name":"gitnexus","language":"java","context":"copy:app-model/io/quarkus/maven/ArtifactKey.java","candidateCount":33,"cap":32,"msg":"callable-value-flow: candidate set exceeded the cap; no partial CALLS emitted"}
{"level":40,"time":1791084642528,"name":"gitnexus","language":"java","context":"copy:app-model/io/quarkus/maven/dependency/ArtifactCoordsPattern.java","candidateCount":33,"cap":32,"msg":"callable-value-flow: candidate set exceeded the cap; no partial CALLS emitted"}
{"level":40,"time":1791084642528,"name":"gitnexus","language":"java","context":"copy:app-model/io/quarkus/maven/dependency/ArtifactCoordsPattern.java","candidateCount":33,"cap":32,"msg":"callable-value-flow: candidate set exceeded the cap; no partial CALLS emitted"}
{"level":40,"time":1791084642528,"name":"gitnexus","language":"java","context":"copy:app-model/io/quarkus/maven/dependency/ArtifactCoordsPattern.java","candidateCount":33,"cap":32,"msg":"callable-value-flow: candidate set exceeded the cap; no partial CALLS emitted"}
{"level":40,"time":1791084642528,"name":"gitnexus","language":"java","context":"copy:app-model/io/quarkus/maven/dependency/ArtifactCoordsPattern.java","candidateCount":33,"cap":32,"msg":"callable-value-flow: candidate set exceeded the cap; no partial CALLS emitted"}
{"level":40,"time":1791084642528,"name":"gitnexus","language":"java","context":"copy:app-model/io/quarkus/maven/dependency/ArtifactDependency.java","candidateCount":33,"cap":32,"msg":"callable-value-flow: candidate set exceeded the cap; no partial CALLS emitted"}
{"level":40,"time":1791084642528,"name":"gitnexus","language":"java","context":"copy:app-model/io/quarkus/maven/dependency/ArtifactDependency.java","candidateCount":33,"cap":32,"msg":"callable-value-flow: candidate set exceeded the cap; no partial CALLS emitted"}
{"level":40,"time":1791084642528,"name":"gitnexus","language":"java","context":"copy:app-model/io/quarkus/maven/dependency/GACT.java","candidateCount":33,"cap":32,"msg":"callable-value-flow: candidate set exceeded the cap; no partial CALLS emitted"}
{"level":40,"time":1791084642528,"name":"gitnexus","language":"java","context":"copy:app-model/io/quarkus/maven/dependency/GACT.java","candidateCount":33,"cap":32,"msg":"callable-value-flow: candidate set exceeded the cap; no partial CALLS emitted"}
{"level":40,"time":1791084642528,"name":"gitnexus","language":"java","context":"copy:app-model/io/quarkus/maven/dependency/GACTV.java","candidateCount":33,"cap":32,"msg":"callable-value-flow: candidate set exceeded the cap; no partial CALLS emitted"}
{"level":40,"time":1791084642528,"name":"gitnexus","language":"java","context":"copy:app-model/io/quarkus/maven/dependency/GACTV.java","candidateCount":33,"cap":32,"msg":"callable-value-flow: candidate set exceeded the cap; no partial CALLS emitted"}
{"level":40,"time":1791084642528,"name":"gitnexus","language":"java","context":"copy:app-model/io/quarkus/maven/dependency/GAV.java","candidateCount":33,"cap":32,"msg":"callable-value-flow: candidate set exceeded the cap; no partial CALLS emitted"}
{"level":40,"time":1791084642528,"name":"gitnexus","language":"java","context":"copy:app-model/io/quarkus/maven/dependency/GAV.java","candidateCount":33,"cap":32,"msg":"callable-value-flow: candidate set exceeded the cap; no partial CALLS emitted"}
{"level":40,"time":1791084642528,"name":"gitnexus","language":"java","context":"copy:app-model/io/quarkus/paths/ArchivePathTree.java","candidateCount":33,"cap":32,"msg":"callable-value-flow: candidate set exceeded the cap; no partial CALLS emitted"}
{"level":40,"time":1791084642528,"name":"gitnexus","language":"java","context":"copy:app-model/io/quarkus/paths/ArchivePathTree.java","candidateCount":33,"cap":32,"msg":"callable-value-flow: candidate set exceeded the cap; no partial CALLS emitted"}
{"level":40,"time":1791084642528,"name":"gitnexus","language":"java","context":"copy:app-model/io/quarkus/paths/FilePathTree.java","candidateCount":33,"cap":32,"msg":"callable-value-flow: candidate set exceeded the cap; no partial CALLS emitted"}
{"level":40,"time":1791084642528,"name":"gitnexus","language":"java","context":"copy:app-model/io/quarkus/paths/FilePathTree.java","candidateCount":33,"cap":32,"msg":"callable-value-flow: candidate set exceeded the cap; no partial CALLS emitted"}
{"level":40,"time":1791084642528,"name":"gitnexus","language":"java","context":"copy:app-model/io/quarkus/paths/MultiRootPathTree.java","candidateCount":33,"cap":32,"msg":"callable-value-flow: candidate set exceeded the cap; no partial CALLS emitted"}
{"level":40,"time":1791084642528,"name":"gitnexus","language":"java","context":"copy:app-model/io/quarkus/paths/MultiRootPathTree.java","candidateCount":33,"cap":32,"msg":"callable-value-flow: candidate set exceeded the cap; no partial CALLS emitted"}
{"level":40,"time":1791084642528,"name":"gitnexus","language":"java","context":"copy:app-model/io/quarkus/paths/OpenContainerPathTree.java","candidateCount":33,"cap":32,"msg":"callable-value-flow: candidate set exceeded the cap; no partial CALLS emitted"}
{"level":40,"time":1791084642528,"name":"gitnexus","language":"java","context":"copy:app-model/io/quarkus/paths/OpenContainerPathTree.java","candidateCount":33,"cap":32,"msg":"callable-value-flow: candidate set exceeded the cap; no partial CALLS emitted"}
{"level":40,"time":1791084642528,"name":"gitnexus","language":"java","context":"copy:app-model/io/quarkus/paths/PathFilter.java","candidateCount":33,"cap":32,"msg":"callable-value-flow: candidate set exceeded the cap; no partial CALLS emitted"}
{"level":40,"time":1791084642528,"name":"gitnexus","language":"java","context":"copy:app-model/io/quarkus/paths/PathFilter.java","candidateCount":33,"cap":32,"msg":"callable-value-flow: candidate set exceeded the cap; no partial CALLS emitted"}
{"level":40,"time":1791084642528,"name":"gitnexus","language":"java","context":"copy:app-model/io/quarkus/paths/PathList.java","candidateCount":33,"cap":32,"msg":"callable-value-flow: candidate set exceeded the cap; no partial CALLS emitted"}
{"level":40,"time":1791084642528,"name":"gitnexus","language":"java","context":"copy:app-model/io/quarkus/paths/PathList.java","candidateCount":33,"cap":32,"msg":"callable-value-flow: candidate set exceeded the cap; no partial CALLS emitted"}
{"level":40,"time":1791084642528,"name":"gitnexus","language":"java","context":"copy:core-deployment/io/quarkus/deployment/builditem/ConfigClassBuildItem.java","candidateCount":33,"cap":32,"msg":"callable-value-flow: candidate set exceeded the cap; no partial CALLS emitted"}
{"level":40,"time":1791084642528,"name":"gitnexus","language":"java","context":"copy:core-deployment/io/quarkus/deployment/builditem/ConfigClassBuildItem.java","candidateCount":33,"cap":32,"msg":"callable-value-flow: candidate set exceeded the cap; no partial CALLS emitted"}
{"level":40,"time":1791084642528,"name":"gitnexus","language":"java","context":"copy:core-deployment/io/quarkus/deployment/builditem/ConfigMappingBuildItem.java","candidateCount":33,"cap":32,"msg":"callable-value-flow: candidate set exceeded the cap; no partial CALLS emitted"}
{"level":40,"time":1791084642528,"name":"gitnexus","language":"java","context":"copy:core-deployment/io/quarkus/deployment/builditem/ConfigMappingBuildItem.java","candidateCount":33,"cap":32,"msg":"callable-value-flow: candidate set exceeded the cap; no partial CALLS emitted"}
{"level":40,"time":1791084642528,"name":"gitnexus","language":"java","context":"copy:core-deployment/io/quarkus/deployment/builditem/ConfigPropertiesBuildItem.java","candidateCount":33,"cap":32,"msg":"callable-value-flow: candidate set exceeded the cap; no partial CALLS emitted"}
{"level":40,"time":1791084642528,"name":"gitnexus","language":"java","context":"copy:core-deployment/io/quarkus/deployment/builditem/ConfigPropertiesBuildItem.java","candidateCount":33,"cap":32,"msg":"callable-value-flow: candidate set exceeded the cap; no partial CALLS emitted"}
{"level":40,"time":1791084642528,"name":"gitnexus","language":"java","context":"copy:core-deployment/io/quarkus/deployment/builditem/PreInitRunnableBuildItem.java","candidateCount":33,"cap":32,"msg":"callable-value-flow: candidate set exceeded the cap; no partial CALLS emitted"}
{"level":40,"time":1791084642528,"name":"gitnexus","language":"java","context":"copy:core-deployment/io/quarkus/deployment/builditem/PreInitRunnableBuildItem.java","candidateCount":33,"cap":32,"msg":"callable-value-flow: candidate set exceeded the cap; no partial CALLS emitted"}
{"level":40,"time":1791084642528,"name":"gitnexus","language":"java","context":"copy:core-deployment/io/quarkus/deployment/builditem/TransformedClassesBuildItem.java","candidateCount":33,"cap":32,"msg":"callable-value-flow: candidate set exceeded the cap; no partial CALLS emitted"}
{"level":40,"time":1791084642528,"name":"gitnexus","language":"java","context":"copy:core-deployment/io/quarkus/deployment/builditem/TransformedClassesBuildItem.java","candidateCount":33,"cap":32,"msg":"callable-value-flow: candidate set exceeded the cap; no partial CALLS emitted"}
{"level":40,"time":1791084642528,"name":"gitnexus","language":"java","context":"copy:core-deployment/io/quarkus/deployment/builditem/nativeimage/FfmCallBuildItem.java","candidateCount":33,"cap":32,"msg":"callable-value-flow: candidate set exceeded the cap; no partial CALLS emitted"}
{"level":40,"time":1791084642528,"name":"gitnexus","language":"java","context":"copy:core-deployment/io/quarkus/deployment/builditem/nativeimage/FfmCallBuildItem.java","candidateCount":33,"cap":32,"msg":"callable-value-flow: candidate set exceeded the cap; no partial CALLS emitted"}
{"level":40,"time":1791084642528,"name":"gitnexus","language":"java","context":"copy:core-deployment/io/quarkus/deployment/builditem/nativeimage/JPMSExportBuildItem.java","candidateCount":33,"cap":32,"msg":"callable-value-flow: candidate set exceeded the cap; no partial CALLS emitted"}
{"level":40,"time":1791084642528,"name":"gitnexus","language":"java","context":"copy:core-deployment/io/quarkus/deployment/builditem/nativeimage/JPMSExportBuildItem.java","candidateCount":33,"cap":32,"msg":"callable-value-flow: candidate set exceeded the cap; no partial CALLS emitted"}
{"level":40,"time":1791084642528,"name":"gitnexus","language":"java","context":"copy:core-deployment/io/quarkus/deployment/builditem/nativeimage/JniRuntimeAccessMethodBuildItem.java","candidateCount":33,"cap":32,"msg":"callable-value-flow: candidate set exceeded the cap; no partial CALLS emitted"}
{"level":40,"time":1791084642528,"name":"gitnexus","language":"java","context":"copy:core-deployment/io/quarkus/deployment/builditem/nativeimage/JniRuntimeAccessMethodBuildItem.java","candidateCount":33,"cap":32,"msg":"callable-value-flow: candidate set exceeded the cap; no partial CALLS emitted"}
{"level":40,"time":1791084642528,"name":"gitnexus","language":"java","context":"copy:core-deployment/io/quarkus/deployment/builditem/nativeimage/ReflectiveMethodBuildItem.java","candidateCount":33,"cap":32,"msg":"callable-value-flow: candidate set exceeded the cap; no partial CALLS emitted"}
{"level":40,"time":1791084642528,"name":"gitnexus","language":"java","context":"copy:core-deployment/io/quarkus/deployment/builditem/nativeimage/ReflectiveMethodBuildItem.java","candidateCount":33,"cap":32,"msg":"callable-value-flow: candidate set exceeded the cap; no partial CALLS emitted"}
{"level":40,"time":1791084642528,"name":"gitnexus","language":"java","context":"copy:core-deployment/io/quarkus/deployment/dev/testing/TestClassUsages.java","candidateCount":33,"cap":32,"msg":"callable-value-flow: candidate set exceeded the cap; no partial CALLS emitted"}
{"level":40,"time":1791084642528,"name":"gitnexus","language":"java","context":"copy:core-deployment/io/quarkus/deployment/dev/testing/TestClassUsages.java","candidateCount":33,"cap":32,"msg":"callable-value-flow: candidate set exceeded the cap; no partial CALLS emitted"}
{"level":40,"time":1791084642528,"name":"gitnexus","language":"java","context":"copy:core-deployment/io/quarkus/deployment/proxy/ProxyFactory.java","candidateCount":33,"cap":32,"msg":"callable-value-flow: candidate set exceeded the cap; no partial CALLS emitted"}
{"level":40,"time":1791084642528,"name":"gitnexus","language":"java","context":"copy:core-deployment/io/quarkus/deployment/proxy/ProxyFactory.java","candidateCount":33,"cap":32,"msg":"callable-value-flow: candidate set exceeded the cap; no partial CALLS emitted"}
{"level":40,"time":1791084642528,"name":"gitnexus","language":"java","context":"copy:core-runtime/io/quarkus/runtime/configuration/MemorySize.java","candidateCount":33,"cap":32,"msg":"callable-value-flow: candidate set exceeded the cap; no partial CALLS emitted"}
{"level":40,"time":1791084642528,"name":"gitnexus","language":"java","context":"copy:core-runtime/io/quarkus/runtime/configuration/MemorySize.java","candidateCount":33,"cap":32,"msg":"callable-value-flow: candidate set exceeded the cap; no partial CALLS emitted"}
{"level":40,"time":1791084642528,"name":"gitnexus","language":"java","context":"copy:core-runtime/io/quarkus/runtime/types/WildcardTypeImpl.java","candidateCount":33,"cap":32,"msg":"callable-value-flow: candidate set exceeded the cap; no partial CALLS emitted"}
{"level":40,"time":1791084642528,"name":"gitnexus","language":"java","context":"copy:core-runtime/io/quarkus/runtime/types/WildcardTypeImpl.java","candidateCount":33,"cap":32,"msg":"callable-value-flow: candidate set exceeded the cap; no partial CALLS emitted"}
{"level":40,"time":1791084642772,"name":"gitnexus","truncation":{"truncated":true,"entryPointCandidatesDropped":2269,"entryPointsUnexplored":0,"walksCutByBudget":29,"tracesDepthCapped":3,"calleesDropped":2428,"processesDropped":0},"msg":"[processes] 605 flows reported, but whole flows are MISSING: 2269 of 2469 candidate entry point(s) never ranked in, 0 ranked entry point(s) never traced, 0 deduplicated flow(s) dropped at maxProcesses, 3 trace(s) cut at maxTraceDepth, 2428 callee(s) skipped at maxBranching, 29 walk(s) cut by the per-entry trace budget. An absent flow does NOT mean the code path does not exist."}

  Repository indexed successfully (36.7s)

  13,016 nodes | 32,566 edges | 806 clusters | 605 flows
  /private/tmp/baseline-cmp/work2/gnx

real 39.07
user 36.62
sys 7.23
