argumentName=	argumentValue=both	valueType=STRING_LITERAL	position=0	parentDecoratorLinkHash=PY_DECORATOR_4fef824f7b599f6754c388d50b8f09a4	referencedTypeHash=	nestedDecoratorHash=	arrayIndex=	startLine=40	endLine=40	isKeyword=false	isStarred=false	pyExpressionLinkHash=PY_EXPRESSION_4244d03093f3d8d32812faad76a6ed6c	serviceVersionLinkHash=SERVICE_VERSION_00000000000000000000000000000000	pyDecoratorArgumentUniqueHash=PY_DECORATOR_ARGUMENT_b8d5d5d94a3b4532d08909b15d254f2b
argumentName=	argumentValue=route	valueType=STRING_LITERAL	position=0	parentDecoratorLinkHash=PY_DECORATOR_33783e1e78672186a67257416ab3755f	referencedTypeHash=	nestedDecoratorHash=	arrayIndex=	startLine=29	endLine=29	isKeyword=false	isStarred=false	pyExpressionLinkHash=PY_EXPRESSION_e77b706947d67c8e92a1cb09b563e1ad	serviceVersionLinkHash=SERVICE_VERSION_00000000000000000000000000000000	pyDecoratorArgumentUniqueHash=PY_DECORATOR_ARGUMENT_f213a1c3e96391e4efa019c2d426d921
argumentName=maxsize	argumentValue=None	valueType=NONE_LITERAL	position=0	parentDecoratorLinkHash=PY_DECORATOR_34dce947e1d696585c4e9ea274ec7975	referencedTypeHash=	nestedDecoratorHash=	arrayIndex=	startLine=59	endLine=59	isKeyword=true	isStarred=false	pyExpressionLinkHash=PY_EXPRESSION_4dc5c91b5db49d64c0ba995d24c25631	serviceVersionLinkHash=SERVICE_VERSION_00000000000000000000000000000000	pyDecoratorArgumentUniqueHash=PY_DECORATOR_ARGUMENT_cbbfb71affe0be14c3860d5d92b8b3dc
