decoratorName=HANDLERS	kind=SUBSCRIPT	context=METHOD_DECLARATION	ownerHash=PY_METHOD_442beccd48f415abee4ffaf5147f4900	pyTypeLinkHash=	pyMethodLinkHash=PY_METHOD_442beccd48f415abee4ffaf5147f4900	position=0	applicationOrder=0	startLine=45	endLine=45	dottedPath=HANDLERS	fullText=@HANDLERS[0]	argumentCount=	pyExpressionLinkHash=PY_EXPRESSION_67bb5628d3949561985c87a15abcd120	resolvedTargetHash=	isKnownBuiltin=false	builtinKind=NONE	replacesTarget=true	pyModuleLinkHash=PY_MODULE_732c028e10cc873fb59fb05238047955	serviceVersionLinkHash=SERVICE_VERSION_00000000000000000000000000000000	pyDecoratorUniqueHash=PY_DECORATOR_868fe7bc30ea4e5c8f525ee421745d88
decoratorName=abstractmethod	kind=ATTRIBUTE	context=METHOD_DECLARATION	ownerHash=PY_METHOD_6806aa3abcc5f505e44d6f16f8fb80ac	pyTypeLinkHash=	pyMethodLinkHash=PY_METHOD_6806aa3abcc5f505e44d6f16f8fb80ac	position=0	applicationOrder=0	startLine=30	endLine=30	dottedPath=abc.abstractmethod	fullText=@abc.abstractmethod	argumentCount=	pyExpressionLinkHash=PY_EXPRESSION_89712eaf2b12a4e5ea6920e309747e2d	resolvedTargetHash=	isKnownBuiltin=true	builtinKind=ABSTRACTMETHOD	replacesTarget=false	pyModuleLinkHash=PY_MODULE_7f80b0a69e6ccd5fc2e3932cc9e5dc10	serviceVersionLinkHash=SERVICE_VERSION_00000000000000000000000000000000	pyDecoratorUniqueHash=PY_DECORATOR_dcb8827da996aea8ac4f03ab1fbb76d1
decoratorName=bare	kind=BARE	context=METHOD_DECLARATION	ownerHash=PY_METHOD_4b24641034caf03e495a561b61cd4102	pyTypeLinkHash=	pyMethodLinkHash=PY_METHOD_4b24641034caf03e495a561b61cd4102	position=0	applicationOrder=1	startLine=39	endLine=39	dottedPath=bare	fullText=@bare	argumentCount=	pyExpressionLinkHash=PY_EXPRESSION_a8dc28d1ca752808a77035bb50d985fd	resolvedTargetHash=PY_METHOD_44a8cf8d658208de4922cd928520c00b	isKnownBuiltin=false	builtinKind=NONE	replacesTarget=true	pyModuleLinkHash=PY_MODULE_732c028e10cc873fb59fb05238047955	serviceVersionLinkHash=SERVICE_VERSION_00000000000000000000000000000000	pyDecoratorUniqueHash=PY_DECORATOR_706b8205ae92722b6ec6815feb57dcb2
decoratorName=bare	kind=BARE	context=METHOD_DECLARATION	ownerHash=PY_METHOD_88614b166e7a47bc36560c07adb0778b	pyTypeLinkHash=	pyMethodLinkHash=PY_METHOD_88614b166e7a47bc36560c07adb0778b	position=0	applicationOrder=0	startLine=24	endLine=24	dottedPath=bare	fullText=@bare	argumentCount=	pyExpressionLinkHash=PY_EXPRESSION_7b0ec28eb7523f7070492c8e829f5d38	resolvedTargetHash=PY_METHOD_44a8cf8d658208de4922cd928520c00b	isKnownBuiltin=false	builtinKind=NONE	replacesTarget=true	pyModuleLinkHash=PY_MODULE_732c028e10cc873fb59fb05238047955	serviceVersionLinkHash=SERVICE_VERSION_00000000000000000000000000000000	pyDecoratorUniqueHash=PY_DECORATOR_d7c55fd2e67e3a39a34b30c0f4a0d3a3
decoratorName=bare	kind=BARE	context=TYPE_DECLARATION	ownerHash=PY_TYPE_c89bdb3bb611e4375b4c9e860054a638	pyTypeLinkHash=PY_TYPE_c89bdb3bb611e4375b4c9e860054a638	pyMethodLinkHash=	position=0	applicationOrder=0	startLine=64	endLine=64	dottedPath=bare	fullText=@bare	argumentCount=	pyExpressionLinkHash=PY_EXPRESSION_854a58c8d9fda90875c4ded7e86a71af	resolvedTargetHash=PY_METHOD_44a8cf8d658208de4922cd928520c00b	isKnownBuiltin=false	builtinKind=NONE	replacesTarget=true	pyModuleLinkHash=PY_MODULE_732c028e10cc873fb59fb05238047955	serviceVersionLinkHash=SERVICE_VERSION_00000000000000000000000000000000	pyDecoratorUniqueHash=PY_DECORATOR_4f7d6abda986a4255b4df8dbd781241d
decoratorName=cached_property	kind=ATTRIBUTE	context=METHOD_DECLARATION	ownerHash=PY_METHOD_0542a7b7d7907c93e1dfa746a9095ccd	pyTypeLinkHash=	pyMethodLinkHash=PY_METHOD_0542a7b7d7907c93e1dfa746a9095ccd	position=0	applicationOrder=0	startLine=26	endLine=26	dottedPath=functools.cached_property	fullText=@functools.cached_property	argumentCount=	pyExpressionLinkHash=PY_EXPRESSION_ab0a7bae3d1cc2f0d591b3c85c6488d0	resolvedTargetHash=	isKnownBuiltin=true	builtinKind=CACHED_PROPERTY	replacesTarget=true	pyModuleLinkHash=PY_MODULE_7f80b0a69e6ccd5fc2e3932cc9e5dc10	serviceVersionLinkHash=SERVICE_VERSION_00000000000000000000000000000000	pyDecoratorUniqueHash=PY_DECORATOR_7666afc4e24b0322c078e51a77e97d29
decoratorName=classmethod	kind=BARE	context=METHOD_DECLARATION	ownerHash=PY_METHOD_3c9f625656d895e41e4fc89cd99c0b71	pyTypeLinkHash=	pyMethodLinkHash=PY_METHOD_3c9f625656d895e41e4fc89cd99c0b71	position=0	applicationOrder=0	startLine=8	endLine=8	dottedPath=classmethod	fullText=@classmethod	argumentCount=	pyExpressionLinkHash=PY_EXPRESSION_45277877c130f6c7298c4003c17324d3	resolvedTargetHash=	isKnownBuiltin=true	builtinKind=CLASSMETHOD	replacesTarget=false	pyModuleLinkHash=PY_MODULE_7908beb43f8c739558eabfcf93ebca84	serviceVersionLinkHash=SERVICE_VERSION_00000000000000000000000000000000	pyDecoratorUniqueHash=PY_DECORATOR_ab629cc04c003d31bbefd756ddd7846e
decoratorName=classmethod	kind=BARE	context=METHOD_DECLARATION	ownerHash=PY_METHOD_c2ba1804a0fdd0a6c2ead3f724684a1c	pyTypeLinkHash=	pyMethodLinkHash=PY_METHOD_c2ba1804a0fdd0a6c2ead3f724684a1c	position=0	applicationOrder=0	startLine=56	endLine=56	dottedPath=classmethod	fullText=@classmethod	argumentCount=	pyExpressionLinkHash=PY_EXPRESSION_79756e637fb309c5f0b1859525667f0e	resolvedTargetHash=	isKnownBuiltin=true	builtinKind=CLASSMETHOD	replacesTarget=false	pyModuleLinkHash=PY_MODULE_daef721b73c8bfbcc0348299f2f7bf9a	serviceVersionLinkHash=SERVICE_VERSION_00000000000000000000000000000000	pyDecoratorUniqueHash=PY_DECORATOR_ce3e4173ab3902d4a1a40d277ef62519
decoratorName=classmethod	kind=BARE	context=METHOD_DECLARATION	ownerHash=PY_METHOD_c96fbb88bae96279b6619eae53653aac	pyTypeLinkHash=	pyMethodLinkHash=PY_METHOD_c96fbb88bae96279b6619eae53653aac	position=0	applicationOrder=0	startLine=13	endLine=13	dottedPath=classmethod	fullText=@classmethod	argumentCount=	pyExpressionLinkHash=PY_EXPRESSION_000b35d613a44048de520987c88de525	resolvedTargetHash=	isKnownBuiltin=true	builtinKind=CLASSMETHOD	replacesTarget=false	pyModuleLinkHash=PY_MODULE_7908beb43f8c739558eabfcf93ebca84	serviceVersionLinkHash=SERVICE_VERSION_00000000000000000000000000000000	pyDecoratorUniqueHash=PY_DECORATOR_0a70d22b77b21178a435e6ee112762ee
decoratorName=classmethod	kind=BARE	context=METHOD_DECLARATION	ownerHash=PY_METHOD_d5e101a93caa0d34faf5004bb80ccee8	pyTypeLinkHash=	pyMethodLinkHash=PY_METHOD_d5e101a93caa0d34faf5004bb80ccee8	position=0	applicationOrder=0	startLine=14	endLine=14	dottedPath=classmethod	fullText=@classmethod	argumentCount=	pyExpressionLinkHash=PY_EXPRESSION_ae7f2f8bf30ae328f216d5cf03d85fb7	resolvedTargetHash=	isKnownBuiltin=true	builtinKind=CLASSMETHOD	replacesTarget=false	pyModuleLinkHash=PY_MODULE_7f80b0a69e6ccd5fc2e3932cc9e5dc10	serviceVersionLinkHash=SERVICE_VERSION_00000000000000000000000000000000	pyDecoratorUniqueHash=PY_DECORATOR_ae16ea8e0c68f25f9658d1f43ba3c2ea
decoratorName=dataclass	kind=ATTRIBUTE	context=TYPE_DECLARATION	ownerHash=PY_TYPE_6b71a387bb09f3559bd7785e8741463e	pyTypeLinkHash=PY_TYPE_6b71a387bb09f3559bd7785e8741463e	pyMethodLinkHash=	position=0	applicationOrder=0	startLine=17	endLine=17	dottedPath=dataclasses.dataclass	fullText=@dataclasses.dataclass	argumentCount=	pyExpressionLinkHash=PY_EXPRESSION_6d5befe0da0a4f944e86a0241626f863	resolvedTargetHash=	isKnownBuiltin=true	builtinKind=DATACLASS	replacesTarget=false	pyModuleLinkHash=PY_MODULE_d9b6cd4b9890511117f0581289c3e72e	serviceVersionLinkHash=SERVICE_VERSION_00000000000000000000000000000000	pyDecoratorUniqueHash=PY_DECORATOR_d2e8e9d8d729f658258c76dbb254c95a
decoratorName=dataclass	kind=ATTRIBUTE	context=TYPE_DECLARATION	ownerHash=PY_TYPE_8ffa51c20183b9069bc165293685e3fe	pyTypeLinkHash=PY_TYPE_8ffa51c20183b9069bc165293685e3fe	pyMethodLinkHash=	position=0	applicationOrder=0	startLine=6	endLine=6	dottedPath=dataclasses.dataclass	fullText=@dataclasses.dataclass	argumentCount=	pyExpressionLinkHash=PY_EXPRESSION_f6b490cd0d2fed40d402c66a62a0e091	resolvedTargetHash=	isKnownBuiltin=true	builtinKind=DATACLASS	replacesTarget=false	pyModuleLinkHash=PY_MODULE_87ff823ca7cda9220c2fe03210807591	serviceVersionLinkHash=SERVICE_VERSION_00000000000000000000000000000000	pyDecoratorUniqueHash=PY_DECORATOR_d4a3ad02ef4c4d04ad941e78003afb46
decoratorName=dataclass	kind=BARE	context=TYPE_DECLARATION	ownerHash=PY_TYPE_0d090a4533bb97a6729a4b05d91e8042	pyTypeLinkHash=PY_TYPE_0d090a4533bb97a6729a4b05d91e8042	pyMethodLinkHash=	position=0	applicationOrder=0	startLine=15	endLine=15	dottedPath=dataclass	fullText=@dataclass	argumentCount=	pyExpressionLinkHash=PY_EXPRESSION_d7542d80b43f4c2e88181eee5da72a7f	resolvedTargetHash=	isKnownBuiltin=true	builtinKind=DATACLASS	replacesTarget=false	pyModuleLinkHash=PY_MODULE_fcb43aba22913355ac115ae9c4556240	serviceVersionLinkHash=SERVICE_VERSION_00000000000000000000000000000000	pyDecoratorUniqueHash=PY_DECORATOR_0778891880b973fcfadbe800af92a5e6
decoratorName=dataclass	kind=BARE	context=TYPE_DECLARATION	ownerHash=PY_TYPE_2ce58f5e8c9675c1e0fd5c50ffba85b9	pyTypeLinkHash=PY_TYPE_2ce58f5e8c9675c1e0fd5c50ffba85b9	pyMethodLinkHash=	position=0	applicationOrder=0	startLine=9	endLine=9	dottedPath=dataclass	fullText=@dataclass	argumentCount=	pyExpressionLinkHash=PY_EXPRESSION_bef315637d0d85c6e981c2f1f42e2c19	resolvedTargetHash=	isKnownBuiltin=true	builtinKind=DATACLASS	replacesTarget=false	pyModuleLinkHash=PY_MODULE_fcb43aba22913355ac115ae9c4556240	serviceVersionLinkHash=SERVICE_VERSION_00000000000000000000000000000000	pyDecoratorUniqueHash=PY_DECORATOR_1a11d2b0a64d6aede821209ab8eb21c6
decoratorName=memoise	kind=CALL	context=METHOD_DECLARATION	ownerHash=PY_METHOD_698840077d3347b19660a9c658e3d8ba	pyTypeLinkHash=	pyMethodLinkHash=PY_METHOD_698840077d3347b19660a9c658e3d8ba	position=0	applicationOrder=0	startLine=59	endLine=59	dottedPath=memoise	fullText=@memoise(maxsize=None)	argumentCount=1	pyExpressionLinkHash=PY_EXPRESSION_a51ce44d079dc1c288e5118e541199f7	resolvedTargetHash=PY_METHOD_b2f9310923c4f9f6a6d64b5b71ce3c98	isKnownBuiltin=false	builtinKind=NONE	replacesTarget=true	pyModuleLinkHash=PY_MODULE_732c028e10cc873fb59fb05238047955	serviceVersionLinkHash=SERVICE_VERSION_00000000000000000000000000000000	pyDecoratorUniqueHash=PY_DECORATOR_34dce947e1d696585c4e9ea274ec7975
decoratorName=parameterised	kind=CALL	context=METHOD_DECLARATION	ownerHash=PY_METHOD_4b24641034caf03e495a561b61cd4102	pyTypeLinkHash=	pyMethodLinkHash=PY_METHOD_4b24641034caf03e495a561b61cd4102	position=1	applicationOrder=0	startLine=40	endLine=40	dottedPath=parameterised	fullText="@parameterised(""both"")"	argumentCount=1	pyExpressionLinkHash=PY_EXPRESSION_e9290a6bbbedc1d3327e4e99d6863d6b	resolvedTargetHash=PY_METHOD_32ac038bb5723e36927bb8d6c3fb453d	isKnownBuiltin=false	builtinKind=NONE	replacesTarget=true	pyModuleLinkHash=PY_MODULE_732c028e10cc873fb59fb05238047955	serviceVersionLinkHash=SERVICE_VERSION_00000000000000000000000000000000	pyDecoratorUniqueHash=PY_DECORATOR_4fef824f7b599f6754c388d50b8f09a4
decoratorName=parameterised	kind=CALL	context=METHOD_DECLARATION	ownerHash=PY_METHOD_5ec70d0778b1773e052e7a0731f46516	pyTypeLinkHash=	pyMethodLinkHash=PY_METHOD_5ec70d0778b1773e052e7a0731f46516	position=0	applicationOrder=0	startLine=29	endLine=29	dottedPath=parameterised	fullText="@parameterised(""route"")"	argumentCount=1	pyExpressionLinkHash=PY_EXPRESSION_52e20056be7a209c9e5b023212ba3b0f	resolvedTargetHash=PY_METHOD_32ac038bb5723e36927bb8d6c3fb453d	isKnownBuiltin=false	builtinKind=NONE	replacesTarget=true	pyModuleLinkHash=PY_MODULE_732c028e10cc873fb59fb05238047955	serviceVersionLinkHash=SERVICE_VERSION_00000000000000000000000000000000	pyDecoratorUniqueHash=PY_DECORATOR_33783e1e78672186a67257416ab3755f
decoratorName=property	kind=BARE	context=METHOD_DECLARATION	ownerHash=PY_METHOD_b097738cebca977cb9cbe38224b068eb	pyTypeLinkHash=	pyMethodLinkHash=PY_METHOD_b097738cebca977cb9cbe38224b068eb	position=0	applicationOrder=0	startLine=18	endLine=18	dottedPath=property	fullText=@property	argumentCount=	pyExpressionLinkHash=PY_EXPRESSION_98189bd1932f278cbfd1f46833612ed8	resolvedTargetHash=	isKnownBuiltin=true	builtinKind=PROPERTY	replacesTarget=true	pyModuleLinkHash=PY_MODULE_7f80b0a69e6ccd5fc2e3932cc9e5dc10	serviceVersionLinkHash=SERVICE_VERSION_00000000000000000000000000000000	pyDecoratorUniqueHash=PY_DECORATOR_dfeee573dbbbaf165f2fa9bc147157f7
decoratorName=register	kind=ATTRIBUTE	context=METHOD_DECLARATION	ownerHash=PY_METHOD_20568716864366231af4b8629ad15a38	pyTypeLinkHash=	pyMethodLinkHash=PY_METHOD_20568716864366231af4b8629ad15a38	position=0	applicationOrder=0	startLine=34	endLine=34	dottedPath=REGISTRY.register	fullText=@REGISTRY.register	argumentCount=	pyExpressionLinkHash=PY_EXPRESSION_e5bd397d032ea11041649921ef7c0c4c	resolvedTargetHash=	isKnownBuiltin=false	builtinKind=NONE	replacesTarget=true	pyModuleLinkHash=PY_MODULE_732c028e10cc873fb59fb05238047955	serviceVersionLinkHash=SERVICE_VERSION_00000000000000000000000000000000	pyDecoratorUniqueHash=PY_DECORATOR_5d5b1c5fa646bd246c91bdd03c9f7a2b
decoratorName=setter	kind=ATTRIBUTE	context=METHOD_DECLARATION	ownerHash=PY_METHOD_43ebe179bc6f5e46ee12ceb6ef8f8371	pyTypeLinkHash=	pyMethodLinkHash=PY_METHOD_43ebe179bc6f5e46ee12ceb6ef8f8371	position=0	applicationOrder=0	startLine=22	endLine=22	dottedPath=prop.setter	fullText=@prop.setter	argumentCount=	pyExpressionLinkHash=PY_EXPRESSION_b9c4036af3207dcbc74b18e4077d9a73	resolvedTargetHash=	isKnownBuiltin=true	builtinKind=SETTER	replacesTarget=true	pyModuleLinkHash=PY_MODULE_7f80b0a69e6ccd5fc2e3932cc9e5dc10	serviceVersionLinkHash=SERVICE_VERSION_00000000000000000000000000000000	pyDecoratorUniqueHash=PY_DECORATOR_6bbf5dc9765eb12c92a7593fc7e665bd
decoratorName=staticmethod	kind=BARE	context=METHOD_DECLARATION	ownerHash=PY_METHOD_381c03d5471f38d3f5ab27c8e31260a6	pyTypeLinkHash=	pyMethodLinkHash=PY_METHOD_381c03d5471f38d3f5ab27c8e31260a6	position=0	applicationOrder=0	startLine=10	endLine=10	dottedPath=staticmethod	fullText=@staticmethod	argumentCount=	pyExpressionLinkHash=PY_EXPRESSION_0aaa1f759ca562bcabac0887751b01fc	resolvedTargetHash=	isKnownBuiltin=true	builtinKind=STATICMETHOD	replacesTarget=false	pyModuleLinkHash=PY_MODULE_7f80b0a69e6ccd5fc2e3932cc9e5dc10	serviceVersionLinkHash=SERVICE_VERSION_00000000000000000000000000000000	pyDecoratorUniqueHash=PY_DECORATOR_9ad1b6a5661cef69661698bebd50601d
