name=GREEN	fieldTypeName=	fieldBaseType=	potentialQualifiedName=	isAmbiguous=false	startLine=31	endLine=31	pyTypeLinkHash=PY_TYPE_9e523515e44d6cfd9bc7abbd870a39fc	ownerTypeName=Colour	ownerQualifiedName=class_forms.Colour	fieldAccess=PUBLIC_ACCESS	fieldModifier=CLASS_VAR,ENUM_MEMBER,READ_ONLY	fieldOrigin=ENUM_MEMBER	declaringMethodLinkHash=	receiverName=	isDeclaredInInit=false	writeCount=1	writtenInMethodCount=0	firstWriteLine=31	hasAnnotation=false	annotationIsString=false	initializerText=2	initializerKind=LITERAL	pyModuleLinkHash=PY_MODULE_512fa5aa67cc77834aa18c596c931e59	bindingLinkHash=PY_BINDING_57ddbcd9c75cb175fbf6a58f0413624c	pyExpressionLinkHash=PY_EXPRESSION_6b100833fc3d59ad93d115d8db3d7889	serviceVersionLinkHash=SERVICE_VERSION_00000000000000000000000000000000	pyFieldUniqueHash=PY_FIELD_354cf9941bff4d01e1a412286829e26f
name=KIND	fieldTypeName=	fieldBaseType=	potentialQualifiedName=	isAmbiguous=false	startLine=6	endLine=6	pyTypeLinkHash=PY_TYPE_bf6354f36ebb9ff7d338d07707f4d6c9	ownerTypeName=Builder	ownerQualifiedName=core.factory.Builder	fieldAccess=PUBLIC_ACCESS	fieldModifier=CLASS_VAR,READ_ONLY	fieldOrigin=CLASS_BODY_ASSIGN	declaringMethodLinkHash=	receiverName=	isDeclaredInInit=false	writeCount=1	writtenInMethodCount=0	firstWriteLine=6	hasAnnotation=false	annotationIsString=false	initializerText="""builder"""	initializerKind=LITERAL	pyModuleLinkHash=PY_MODULE_7908beb43f8c739558eabfcf93ebca84	bindingLinkHash=PY_BINDING_8f17cce2244c83d9f0b22c927181e57c	pyExpressionLinkHash=PY_EXPRESSION_6b2dc1f944007de6dc6ad962a10c4d68	serviceVersionLinkHash=SERVICE_VERSION_00000000000000000000000000000000	pyFieldUniqueHash=PY_FIELD_da9d8e5a0a6fb23461a6d67eebf0b406
name=RED	fieldTypeName=	fieldBaseType=	potentialQualifiedName=	isAmbiguous=false	startLine=30	endLine=30	pyTypeLinkHash=PY_TYPE_9e523515e44d6cfd9bc7abbd870a39fc	ownerTypeName=Colour	ownerQualifiedName=class_forms.Colour	fieldAccess=PUBLIC_ACCESS	fieldModifier=CLASS_VAR,ENUM_MEMBER,READ_ONLY	fieldOrigin=ENUM_MEMBER	declaringMethodLinkHash=	receiverName=	isDeclaredInInit=false	writeCount=1	writtenInMethodCount=0	firstWriteLine=30	hasAnnotation=false	annotationIsString=false	initializerText=1	initializerKind=LITERAL	pyModuleLinkHash=PY_MODULE_512fa5aa67cc77834aa18c596c931e59	bindingLinkHash=PY_BINDING_788efc874ee5c9fe8de3cf8d313ccb08	pyExpressionLinkHash=PY_EXPRESSION_08330318b58d2f5435334c19e44e1bad	serviceVersionLinkHash=SERVICE_VERSION_00000000000000000000000000000000	pyFieldUniqueHash=PY_FIELD_b63b80d192db3ec3d30504b33ab5a7d5
name=_Inner__secret	fieldTypeName=	fieldBaseType=	potentialQualifiedName=	isAmbiguous=false	startLine=27	endLine=27	pyTypeLinkHash=PY_TYPE_e0b00a82da98016f61db58a6de64ca3a	ownerTypeName=Inner	ownerQualifiedName=name_mangling_edge_cases.Outer.Inner	fieldAccess=PRIVATE_ACCESS	fieldModifier=CLASS_VAR,READ_ONLY	fieldOrigin=CLASS_BODY_ASSIGN	declaringMethodLinkHash=	receiverName=	isDeclaredInInit=false	writeCount=1	writtenInMethodCount=0	firstWriteLine=27	hasAnnotation=false	annotationIsString=false	initializerText="""inner secret"""	initializerKind=LITERAL	pyModuleLinkHash=PY_MODULE_75dd800d24b53dd3ca1d826ca1525876	bindingLinkHash=PY_BINDING_5f168c8d5c239011cb96ae52de48a359	pyExpressionLinkHash=PY_EXPRESSION_8d9a61772e886da7597f48f8d04adb1a	serviceVersionLinkHash=SERVICE_VERSION_00000000000000000000000000000000	pyFieldUniqueHash=PY_FIELD_2ee87edc1495cf4099a701d55e5e6c46
name=_Outer__secret	fieldTypeName=	fieldBaseType=	potentialQualifiedName=	isAmbiguous=false	startLine=24	endLine=24	pyTypeLinkHash=PY_TYPE_fd26c3cd94bd9663ee01dd2cfe94159d	ownerTypeName=Outer	ownerQualifiedName=name_mangling_edge_cases.Outer	fieldAccess=PRIVATE_ACCESS	fieldModifier=CLASS_VAR,READ_ONLY	fieldOrigin=CLASS_BODY_ASSIGN	declaringMethodLinkHash=	receiverName=	isDeclaredInInit=false	writeCount=1	writtenInMethodCount=0	firstWriteLine=24	hasAnnotation=false	annotationIsString=false	initializerText="""outer secret"""	initializerKind=LITERAL	pyModuleLinkHash=PY_MODULE_75dd800d24b53dd3ca1d826ca1525876	bindingLinkHash=PY_BINDING_49c59ee9461329034a85a0296cef5067	pyExpressionLinkHash=PY_EXPRESSION_37ac9136831ba123510a02a1f4e8a855	serviceVersionLinkHash=SERVICE_VERSION_00000000000000000000000000000000	pyFieldUniqueHash=PY_FIELD_f2cd30b8381aef7fb269f0afaa8e87df
name=_v	fieldTypeName=	fieldBaseType=	potentialQualifiedName=	isAmbiguous=false	startLine=24	endLine=24	pyTypeLinkHash=PY_TYPE_a1bd5124fede6d4f3504a0dd00092899	ownerTypeName=Kinds	ownerQualifiedName=method_kinds.Kinds	fieldAccess=PROTECTED_ACCESS	fieldModifier=INSTANCE_VAR,READ_ONLY	fieldOrigin=SELF_ASSIGN	declaringMethodLinkHash=PY_METHOD_43ebe179bc6f5e46ee12ceb6ef8f8371	receiverName=self	isDeclaredInInit=false	writeCount=1	writtenInMethodCount=1	firstWriteLine=24	hasAnnotation=false	annotationIsString=false	initializerText=value	initializerKind=NAME	pyModuleLinkHash=PY_MODULE_7f80b0a69e6ccd5fc2e3932cc9e5dc10	bindingLinkHash=	pyExpressionLinkHash=PY_EXPRESSION_6c7b177707416257783b9ec57e0e0db7	serviceVersionLinkHash=SERVICE_VERSION_00000000000000000000000000000000	pyFieldUniqueHash=PY_FIELD_dcf0d30e2575c32c0165dde58ab421cd
name=a	fieldTypeName=int	fieldBaseType=int	potentialQualifiedName=field_origins.Named.a	isAmbiguous=false	startLine=27	endLine=27	pyTypeLinkHash=PY_TYPE_57e2471ba226031232617e9a2c039483	ownerTypeName=Named	ownerQualifiedName=field_origins.Named	fieldAccess=PUBLIC_ACCESS	fieldModifier=CLASS_VAR,READ_ONLY	fieldOrigin=NAMEDTUPLE_FIELD	declaringMethodLinkHash=	receiverName=	isDeclaredInInit=false	writeCount=1	writtenInMethodCount=0	firstWriteLine=27	hasAnnotation=true	annotationIsString=false	initializerText=	initializerKind=NONE	pyModuleLinkHash=PY_MODULE_d9b6cd4b9890511117f0581289c3e72e	bindingLinkHash=PY_BINDING_9e2b1a44d2cdbd153e83899e6455543a	pyExpressionLinkHash=PY_EXPRESSION_655c42272094ed05fdc74a8ceca41e9a	serviceVersionLinkHash=SERVICE_VERSION_00000000000000000000000000000000	pyFieldUniqueHash=PY_FIELD_f5cf13ceb805ace0621794c47b0edd1c
name=amount	fieldTypeName=int	fieldBaseType=int	potentialQualifiedName=service_layer.Record.amount	isAmbiguous=false	startLine=9	endLine=9	pyTypeLinkHash=PY_TYPE_8ffa51c20183b9069bc165293685e3fe	ownerTypeName=Record	ownerQualifiedName=service_layer.Record	fieldAccess=PUBLIC_ACCESS	fieldModifier=CLASS_VAR,DATACLASS_FIELD,READ_ONLY	fieldOrigin=DATACLASS_FIELD	declaringMethodLinkHash=	receiverName=	isDeclaredInInit=false	writeCount=1	writtenInMethodCount=0	firstWriteLine=9	hasAnnotation=true	annotationIsString=false	initializerText=	initializerKind=NONE	pyModuleLinkHash=PY_MODULE_87ff823ca7cda9220c2fe03210807591	bindingLinkHash=PY_BINDING_57bc7c03bfbb607dd13cde9fc0c4fa82	pyExpressionLinkHash=PY_EXPRESSION_0e91a6686acdabf7ba17b29df0ed45ef	serviceVersionLinkHash=SERVICE_VERSION_00000000000000000000000000000000	pyFieldUniqueHash=PY_FIELD_1b8b80b6ac20cbea90df5020685db27e
name=args	fieldTypeName=tuple	fieldBaseType=tuple	potentialQualifiedName=match_nested_patterns_and_guards.Command.args	isAmbiguous=false	startLine=18	endLine=18	pyTypeLinkHash=PY_TYPE_0d090a4533bb97a6729a4b05d91e8042	ownerTypeName=Command	ownerQualifiedName=match_nested_patterns_and_guards.Command	fieldAccess=PUBLIC_ACCESS	fieldModifier=CLASS_VAR,DATACLASS_FIELD,READ_ONLY	fieldOrigin=DATACLASS_FIELD	declaringMethodLinkHash=	receiverName=	isDeclaredInInit=false	writeCount=1	writtenInMethodCount=0	firstWriteLine=18	hasAnnotation=true	annotationIsString=false	initializerText=	initializerKind=NONE	pyModuleLinkHash=PY_MODULE_fcb43aba22913355ac115ae9c4556240	bindingLinkHash=PY_BINDING_9a435ed4c1ece9c11135dbd0160b4df5	pyExpressionLinkHash=PY_EXPRESSION_0ee6d1d4f1d073dd98461650dcad5106	serviceVersionLinkHash=SERVICE_VERSION_00000000000000000000000000000000	pyFieldUniqueHash=PY_FIELD_3957058ce75e0648a430fbe98178267e
name=attribute	fieldTypeName=	fieldBaseType=	potentialQualifiedName=	isAmbiguous=false	startLine=14	endLine=14	pyTypeLinkHash=PY_TYPE_ba2fbe8e09ca96c2ac317281255eb0d6	ownerTypeName=Documented	ownerQualifiedName=comment_forms.Documented	fieldAccess=PUBLIC_ACCESS	fieldModifier=CLASS_VAR,READ_ONLY	fieldOrigin=CLASS_BODY_ASSIGN	declaringMethodLinkHash=	receiverName=	isDeclaredInInit=false	writeCount=1	writtenInMethodCount=0	firstWriteLine=14	hasAnnotation=false	annotationIsString=false	initializerText=1	initializerKind=LITERAL	pyModuleLinkHash=PY_MODULE_898ba18a31075a2ba7818f72c287b8d1	bindingLinkHash=PY_BINDING_2424a859b65550cd9888982deae03d22	pyExpressionLinkHash=PY_EXPRESSION_ffabf59979fb14780a4b3608e603c0d1	serviceVersionLinkHash=SERVICE_VERSION_00000000000000000000000000000000	pyFieldUniqueHash=PY_FIELD_385e7b366a08ca3716f29841e22cc22f
name=b	fieldTypeName=str	fieldBaseType=str	potentialQualifiedName=field_origins.Named.b	isAmbiguous=false	startLine=28	endLine=28	pyTypeLinkHash=PY_TYPE_57e2471ba226031232617e9a2c039483	ownerTypeName=Named	ownerQualifiedName=field_origins.Named	fieldAccess=PUBLIC_ACCESS	fieldModifier=CLASS_VAR,READ_ONLY	fieldOrigin=NAMEDTUPLE_FIELD	declaringMethodLinkHash=	receiverName=	isDeclaredInInit=false	writeCount=1	writtenInMethodCount=0	firstWriteLine=28	hasAnnotation=true	annotationIsString=false	initializerText=	initializerKind=NONE	pyModuleLinkHash=PY_MODULE_d9b6cd4b9890511117f0581289c3e72e	bindingLinkHash=PY_BINDING_9557301ac4f28d860f8ea85d7d5f12c3	pyExpressionLinkHash=PY_EXPRESSION_3ef8970040c01d72c72ad800129733ee	serviceVersionLinkHash=SERVICE_VERSION_00000000000000000000000000000000	pyFieldUniqueHash=PY_FIELD_310894d9c629bedb0d3af75ed37d2926
name=children	fieldTypeName=	fieldBaseType=	potentialQualifiedName=	isAmbiguous=false	startLine=7	endLine=7	pyTypeLinkHash=PY_TYPE_114cb72d42012abcb4ffcbce3bc6a345	ownerTypeName=Node	ownerQualifiedName=core.base.Node	fieldAccess=PUBLIC_ACCESS	fieldModifier=INSTANCE_VAR,READ_ONLY	fieldOrigin=SELF_ASSIGN	declaringMethodLinkHash=PY_METHOD_1800af667e7076b626bd654b5e3dbebd	receiverName=self	isDeclaredInInit=true	writeCount=1	writtenInMethodCount=1	firstWriteLine=7	hasAnnotation=false	annotationIsString=false	initializerText=[]	initializerKind=LITERAL	pyModuleLinkHash=PY_MODULE_0af7a9df251376bafe876afe4a32f46e	bindingLinkHash=	pyExpressionLinkHash=PY_EXPRESSION_2b5c5d4e2ede82425c6cc08afb31af7e	serviceVersionLinkHash=SERVICE_VERSION_00000000000000000000000000000000	pyFieldUniqueHash=PY_FIELD_379b43102358abde65f30ca1de0bcd84
name=class_body_annotation	fieldTypeName=int	fieldBaseType=int	potentialQualifiedName=field_origins.Origins.class_body_annotation	isAmbiguous=false	startLine=8	endLine=8	pyTypeLinkHash=PY_TYPE_8e5e7ae02d7e897e2dae13f4d1fc41bc	ownerTypeName=Origins	ownerQualifiedName=field_origins.Origins	fieldAccess=PUBLIC_ACCESS	fieldModifier=CLASS_VAR,READ_ONLY	fieldOrigin=CLASS_BODY_ANNOTATION_ONLY	declaringMethodLinkHash=	receiverName=	isDeclaredInInit=false	writeCount=1	writtenInMethodCount=0	firstWriteLine=8	hasAnnotation=true	annotationIsString=false	initializerText=	initializerKind=NONE	pyModuleLinkHash=PY_MODULE_d9b6cd4b9890511117f0581289c3e72e	bindingLinkHash=PY_BINDING_b06aa81bc5c9cd99d90ba02007b150fe	pyExpressionLinkHash=PY_EXPRESSION_545963f8035cf0bdb65e61c5d4e613c6	serviceVersionLinkHash=SERVICE_VERSION_00000000000000000000000000000000	pyFieldUniqueHash=PY_FIELD_95475ba063df3c93c21f1c308805edd9
name=class_body_assign	fieldTypeName=	fieldBaseType=	potentialQualifiedName=	isAmbiguous=false	startLine=7	endLine=7	pyTypeLinkHash=PY_TYPE_8e5e7ae02d7e897e2dae13f4d1fc41bc	ownerTypeName=Origins	ownerQualifiedName=field_origins.Origins	fieldAccess=PUBLIC_ACCESS	fieldModifier=CLASS_VAR,READ_ONLY	fieldOrigin=CLASS_BODY_ASSIGN	declaringMethodLinkHash=	receiverName=	isDeclaredInInit=false	writeCount=1	writtenInMethodCount=0	firstWriteLine=7	hasAnnotation=false	annotationIsString=false	initializerText=1	initializerKind=LITERAL	pyModuleLinkHash=PY_MODULE_d9b6cd4b9890511117f0581289c3e72e	bindingLinkHash=PY_BINDING_1d3d16a7ecf67dc4f185bb6856b55ce1	pyExpressionLinkHash=PY_EXPRESSION_4c58afc15bc350db5af24aafaf24281c	serviceVersionLinkHash=SERVICE_VERSION_00000000000000000000000000000000	pyFieldUniqueHash=PY_FIELD_56d654562f909d6501f78a7efbec6215
name=class_var	fieldTypeName=	fieldBaseType=	potentialQualifiedName=	isAmbiguous=false	startLine=53	endLine=53	pyTypeLinkHash=PY_TYPE_e61b2b74f7302f1be447bd28221d2310	ownerTypeName=ClassScope	ownerQualifiedName=scope_forms.ClassScope	fieldAccess=PUBLIC_ACCESS	fieldModifier=CLASS_VAR,READ_ONLY	fieldOrigin=CLASS_BODY_ASSIGN	declaringMethodLinkHash=	receiverName=	isDeclaredInInit=false	writeCount=1	writtenInMethodCount=0	firstWriteLine=53	hasAnnotation=false	annotationIsString=false	initializerText=1	initializerKind=LITERAL	pyModuleLinkHash=PY_MODULE_f56326f63a4c5bef9294b28a4acb9abc	bindingLinkHash=PY_BINDING_4bcd55d471aae0bad8d158832c4e4dca	pyExpressionLinkHash=PY_EXPRESSION_6068c5654402f0188994f976ddff8750	serviceVersionLinkHash=SERVICE_VERSION_00000000000000000000000000000000	pyFieldUniqueHash=PY_FIELD_395310756cb1d1d83c7b698fea57e4dc
name=count	fieldTypeName=	fieldBaseType=	potentialQualifiedName=	isAmbiguous=false	startLine=67	endLine=67	pyTypeLinkHash=PY_TYPE_35883ba9ad396e2203b42abef9e1d7c9	ownerTypeName=Chained	ownerQualifiedName=resolution_edges.Chained	fieldAccess=PUBLIC_ACCESS	fieldModifier=INSTANCE_VAR,READ_ONLY	fieldOrigin=SELF_ASSIGN	declaringMethodLinkHash=PY_METHOD_994dce81c215c9114b56d78e93cdf732	receiverName=self	isDeclaredInInit=true	writeCount=1	writtenInMethodCount=1	firstWriteLine=67	hasAnnotation=false	annotationIsString=false	initializerText=0	initializerKind=LITERAL	pyModuleLinkHash=PY_MODULE_daef721b73c8bfbcc0348299f2f7bf9a	bindingLinkHash=	pyExpressionLinkHash=PY_EXPRESSION_7b0cae40fc8c704752083b3ee0fceb16	serviceVersionLinkHash=SERVICE_VERSION_00000000000000000000000000000000	pyFieldUniqueHash=PY_FIELD_21ead56058d3d069ccf562ee8f4901d4
name=count	fieldTypeName=	fieldBaseType=	potentialQualifiedName=	isAmbiguous=false	startLine=70	endLine=70	pyTypeLinkHash=PY_TYPE_35883ba9ad396e2203b42abef9e1d7c9	ownerTypeName=Chained	ownerQualifiedName=resolution_edges.Chained	fieldAccess=PUBLIC_ACCESS	fieldModifier=INSTANCE_VAR	fieldOrigin=SELF_AUGASSIGN	declaringMethodLinkHash=PY_METHOD_b561ec322633cc1dd8bcac47c5b8c82b	receiverName=self	isDeclaredInInit=false	writeCount=1	writtenInMethodCount=1	firstWriteLine=70	hasAnnotation=false	annotationIsString=false	initializerText=	initializerKind=NONE	pyModuleLinkHash=PY_MODULE_daef721b73c8bfbcc0348299f2f7bf9a	bindingLinkHash=	pyExpressionLinkHash=PY_EXPRESSION_76e084392d2dd97ca35228a147447c5e	serviceVersionLinkHash=SERVICE_VERSION_00000000000000000000000000000000	pyFieldUniqueHash=PY_FIELD_cbc349dfa7dba6a7f967589d4623516d
name=data	fieldTypeName=	fieldBaseType=	potentialQualifiedName=	isAmbiguous=false	startLine=23	endLine=23	pyTypeLinkHash=PY_TYPE_b4aa287abde8dbb60cac1736e458094f	ownerTypeName=ClassScopeIsInvisibleToComprehensions	ownerQualifiedName=scoping_edge_cases.ClassScopeIsInvisibleToComprehensions	fieldAccess=PUBLIC_ACCESS	fieldModifier=CLASS_VAR,READ_ONLY	fieldOrigin=CLASS_BODY_ASSIGN	declaringMethodLinkHash=	receiverName=	isDeclaredInInit=false	writeCount=1	writtenInMethodCount=0	firstWriteLine=23	hasAnnotation=false	annotationIsString=false	initializerText=[1, 2, 3]	initializerKind=LITERAL	pyModuleLinkHash=PY_MODULE_7c5670e72548f0c21d5e8710e5a91903	bindingLinkHash=PY_BINDING_2979d1fb44aef0644d73caeef4e16875	pyExpressionLinkHash=PY_EXPRESSION_9d502d9e8053c97698b1fd82a5f1ef02	serviceVersionLinkHash=SERVICE_VERSION_00000000000000000000000000000000	pyFieldUniqueHash=PY_FIELD_bebc562b5a7574ce8ac9e36ada3ef18c
name=doubled	fieldTypeName=	fieldBaseType=	potentialQualifiedName=	isAmbiguous=false	startLine=28	endLine=28	pyTypeLinkHash=PY_TYPE_b4aa287abde8dbb60cac1736e458094f	ownerTypeName=ClassScopeIsInvisibleToComprehensions	ownerQualifiedName=scoping_edge_cases.ClassScopeIsInvisibleToComprehensions	fieldAccess=PUBLIC_ACCESS	fieldModifier=CLASS_VAR,READ_ONLY	fieldOrigin=CLASS_BODY_ASSIGN	declaringMethodLinkHash=	receiverName=	isDeclaredInInit=false	writeCount=1	writtenInMethodCount=0	firstWriteLine=28	hasAnnotation=false	annotationIsString=false	initializerText=[item * 2 for item in data]	initializerKind=COMPREHENSION	pyModuleLinkHash=PY_MODULE_7c5670e72548f0c21d5e8710e5a91903	bindingLinkHash=PY_BINDING_463a0938fe7b9c7d0b98f8a91a5fa9b1	pyExpressionLinkHash=PY_EXPRESSION_7a1c506cbc933dcebc9cff34cfeb9098	serviceVersionLinkHash=SERVICE_VERSION_00000000000000000000000000000000	pyFieldUniqueHash=PY_FIELD_f84a1f38e2ec605e0f7371d09882a819
name=key	fieldTypeName=int	fieldBaseType=int	potentialQualifiedName=field_origins.Typed.key	isAmbiguous=false	startLine=32	endLine=32	pyTypeLinkHash=PY_TYPE_ab0f66955e01d63bfcdb185cba8220c9	ownerTypeName=Typed	ownerQualifiedName=field_origins.Typed	fieldAccess=PUBLIC_ACCESS	fieldModifier=CLASS_VAR,READ_ONLY	fieldOrigin=TYPEDDICT_KEY	declaringMethodLinkHash=	receiverName=	isDeclaredInInit=false	writeCount=1	writtenInMethodCount=0	firstWriteLine=32	hasAnnotation=true	annotationIsString=false	initializerText=	initializerKind=NONE	pyModuleLinkHash=PY_MODULE_d9b6cd4b9890511117f0581289c3e72e	bindingLinkHash=PY_BINDING_e2bb803db7c6d1eb22f6564f99c728a6	pyExpressionLinkHash=PY_EXPRESSION_cf8c36787653df27e29b2e8d273a91a4	serviceVersionLinkHash=SERVICE_VERSION_00000000000000000000000000000000	pyFieldUniqueHash=PY_FIELD_cfe099bdbc0b4a62a3d6135ca67cf7c0
name=key	fieldTypeName=str	fieldBaseType=str	potentialQualifiedName=service_layer.Record.key	isAmbiguous=false	startLine=8	endLine=8	pyTypeLinkHash=PY_TYPE_8ffa51c20183b9069bc165293685e3fe	ownerTypeName=Record	ownerQualifiedName=service_layer.Record	fieldAccess=PUBLIC_ACCESS	fieldModifier=CLASS_VAR,DATACLASS_FIELD,READ_ONLY	fieldOrigin=DATACLASS_FIELD	declaringMethodLinkHash=	receiverName=	isDeclaredInInit=false	writeCount=1	writtenInMethodCount=0	firstWriteLine=8	hasAnnotation=true	annotationIsString=false	initializerText=	initializerKind=NONE	pyModuleLinkHash=PY_MODULE_87ff823ca7cda9220c2fe03210807591	bindingLinkHash=PY_BINDING_8c140f9ae98b25bc5c0a4168c96dc0dc	pyExpressionLinkHash=PY_EXPRESSION_02ca24b3af6950ca1b62257fad48588b	serviceVersionLinkHash=SERVICE_VERSION_00000000000000000000000000000000	pyFieldUniqueHash=PY_FIELD_27261db33e56b96f29132dfaa71d3f4e
name=kind	fieldTypeName=str	fieldBaseType=str	potentialQualifiedName=match_nested_patterns_and_guards.Event.kind	isAmbiguous=false	startLine=11	endLine=11	pyTypeLinkHash=PY_TYPE_2ce58f5e8c9675c1e0fd5c50ffba85b9	ownerTypeName=Event	ownerQualifiedName=match_nested_patterns_and_guards.Event	fieldAccess=PUBLIC_ACCESS	fieldModifier=CLASS_VAR,DATACLASS_FIELD,READ_ONLY	fieldOrigin=DATACLASS_FIELD	declaringMethodLinkHash=	receiverName=	isDeclaredInInit=false	writeCount=1	writtenInMethodCount=0	firstWriteLine=11	hasAnnotation=true	annotationIsString=false	initializerText=	initializerKind=NONE	pyModuleLinkHash=PY_MODULE_fcb43aba22913355ac115ae9c4556240	bindingLinkHash=PY_BINDING_a71edea3725a72a19e6afe34df82df70	pyExpressionLinkHash=PY_EXPRESSION_24ae5eca16a253b79944f8cf60d1f4cc	serviceVersionLinkHash=SERVICE_VERSION_00000000000000000000000000000000	pyFieldUniqueHash=PY_FIELD_adf2e9134c1d3b66aedefcfe1ecbe569
name=label	fieldTypeName=	fieldBaseType=	potentialQualifiedName=	isAmbiguous=false	startLine=41	endLine=41	pyTypeLinkHash=PY_TYPE_cb9da9964bc3c43761a4e1269506effe	ownerTypeName=ClassScopeIsInvisibleToMethods	ownerQualifiedName=scoping_edge_cases.ClassScopeIsInvisibleToMethods	fieldAccess=PUBLIC_ACCESS	fieldModifier=CLASS_VAR,READ_ONLY	fieldOrigin=CLASS_BODY_ASSIGN	declaringMethodLinkHash=	receiverName=	isDeclaredInInit=false	writeCount=1	writtenInMethodCount=0	firstWriteLine=41	hasAnnotation=false	annotationIsString=false	initializerText="""class attribute"""	initializerKind=LITERAL	pyModuleLinkHash=PY_MODULE_7c5670e72548f0c21d5e8710e5a91903	bindingLinkHash=PY_BINDING_98ec45593e2cb658d620508b81299faa	pyExpressionLinkHash=PY_EXPRESSION_42fe92a294647ed36376fb8eb05bcab7	serviceVersionLinkHash=SERVICE_VERSION_00000000000000000000000000000000	pyFieldUniqueHash=PY_FIELD_f1fd14ac02e06017fd967c9e6fed6fb3
name=n	fieldTypeName=	fieldBaseType=	potentialQualifiedName=	isAmbiguous=false	startLine=6	endLine=6	pyTypeLinkHash=PY_TYPE_b2f97d5a7e48f40b008fc644ae603fdf	ownerTypeName=Holder	ownerQualifiedName=expression_kinds.Holder	fieldAccess=PUBLIC_ACCESS	fieldModifier=INSTANCE_VAR,READ_ONLY	fieldOrigin=SELF_ASSIGN	declaringMethodLinkHash=PY_METHOD_9949f650301345b4e4deaca03bd84aa2	receiverName=self	isDeclaredInInit=true	writeCount=1	writtenInMethodCount=1	firstWriteLine=6	hasAnnotation=false	annotationIsString=false	initializerText=n	initializerKind=NAME	pyModuleLinkHash=PY_MODULE_02d561b0acde0974e99e75b89b4bdab0	bindingLinkHash=	pyExpressionLinkHash=PY_EXPRESSION_8d749d70dcd6b628deac2048e53d55e0	serviceVersionLinkHash=SERVICE_VERSION_00000000000000000000000000000000	pyFieldUniqueHash=PY_FIELD_9df925d8945d2bf31f49db8111a0dc69
name=name	fieldTypeName=	fieldBaseType=	potentialQualifiedName=	isAmbiguous=false	startLine=18	endLine=18	pyTypeLinkHash=PY_TYPE_bf6354f36ebb9ff7d338d07707f4d6c9	ownerTypeName=Builder	ownerQualifiedName=core.factory.Builder	fieldAccess=PUBLIC_ACCESS	fieldModifier=INSTANCE_VAR,READ_ONLY	fieldOrigin=SELF_ASSIGN	declaringMethodLinkHash=PY_METHOD_bd7c847866b0674467ec65fee212e98d	receiverName=self	isDeclaredInInit=true	writeCount=1	writtenInMethodCount=1	firstWriteLine=18	hasAnnotation=false	annotationIsString=false	initializerText=name	initializerKind=NAME	pyModuleLinkHash=PY_MODULE_7908beb43f8c739558eabfcf93ebca84	bindingLinkHash=	pyExpressionLinkHash=PY_EXPRESSION_585104a79ffa32b57b756846339f5739	serviceVersionLinkHash=SERVICE_VERSION_00000000000000000000000000000000	pyFieldUniqueHash=PY_FIELD_e099ac70f91cfbdc5ff7c13e73233075
name=name	fieldTypeName=	fieldBaseType=	potentialQualifiedName=	isAmbiguous=false	startLine=6	endLine=6	pyTypeLinkHash=PY_TYPE_114cb72d42012abcb4ffcbce3bc6a345	ownerTypeName=Node	ownerQualifiedName=core.base.Node	fieldAccess=PUBLIC_ACCESS	fieldModifier=INSTANCE_VAR,READ_ONLY	fieldOrigin=SELF_ASSIGN	declaringMethodLinkHash=PY_METHOD_1800af667e7076b626bd654b5e3dbebd	receiverName=self	isDeclaredInInit=true	writeCount=1	writtenInMethodCount=1	firstWriteLine=6	hasAnnotation=false	annotationIsString=false	initializerText=name	initializerKind=NAME	pyModuleLinkHash=PY_MODULE_0af7a9df251376bafe876afe4a32f46e	bindingLinkHash=	pyExpressionLinkHash=PY_EXPRESSION_105c90e8c0edac7578788345181e8b7f	serviceVersionLinkHash=SERVICE_VERSION_00000000000000000000000000000000	pyFieldUniqueHash=PY_FIELD_4892cbb3eae7d00e22619a4bee9e4477
name=name	fieldTypeName=str	fieldBaseType=str	potentialQualifiedName=match_nested_patterns_and_guards.Command.name	isAmbiguous=false	startLine=17	endLine=17	pyTypeLinkHash=PY_TYPE_0d090a4533bb97a6729a4b05d91e8042	ownerTypeName=Command	ownerQualifiedName=match_nested_patterns_and_guards.Command	fieldAccess=PUBLIC_ACCESS	fieldModifier=CLASS_VAR,DATACLASS_FIELD,READ_ONLY	fieldOrigin=DATACLASS_FIELD	declaringMethodLinkHash=	receiverName=	isDeclaredInInit=false	writeCount=1	writtenInMethodCount=0	firstWriteLine=17	hasAnnotation=true	annotationIsString=false	initializerText=	initializerKind=NONE	pyModuleLinkHash=PY_MODULE_fcb43aba22913355ac115ae9c4556240	bindingLinkHash=PY_BINDING_cd0d311bf325ef8c8ae6238a63dcad6f	pyExpressionLinkHash=PY_EXPRESSION_eac151d5d6927868317023b3e1775a9d	serviceVersionLinkHash=SERVICE_VERSION_00000000000000000000000000000000	pyFieldUniqueHash=PY_FIELD_bdf77c8fc8ad7a8203a0dbfdd9def840
name=node	fieldTypeName=	fieldBaseType=	potentialQualifiedName=	isAmbiguous=false	startLine=19	endLine=19	pyTypeLinkHash=PY_TYPE_bf6354f36ebb9ff7d338d07707f4d6c9	ownerTypeName=Builder	ownerQualifiedName=core.factory.Builder	fieldAccess=PUBLIC_ACCESS	fieldModifier=INSTANCE_VAR,READ_ONLY	fieldOrigin=SELF_ASSIGN	declaringMethodLinkHash=PY_METHOD_bd7c847866b0674467ec65fee212e98d	receiverName=self	isDeclaredInInit=true	writeCount=1	writtenInMethodCount=1	firstWriteLine=19	hasAnnotation=false	annotationIsString=false	initializerText=Node(name)	initializerKind=CALL	pyModuleLinkHash=PY_MODULE_7908beb43f8c739558eabfcf93ebca84	bindingLinkHash=	pyExpressionLinkHash=PY_EXPRESSION_e901fe2384634e118a14e9746dc8d29a	serviceVersionLinkHash=SERVICE_VERSION_00000000000000000000000000000000	pyFieldUniqueHash=PY_FIELD_49ef51dcaf6157efde16ddf34306974e
name=nodes	fieldTypeName=	fieldBaseType=	potentialQualifiedName=	isAmbiguous=false	startLine=28	endLine=28	pyTypeLinkHash=PY_TYPE_f511a7eca38906948dce8170bb4e5495	ownerTypeName=Registry	ownerQualifiedName=core.base.Registry	fieldAccess=PUBLIC_ACCESS	fieldModifier=INSTANCE_VAR,READ_ONLY	fieldOrigin=SELF_ASSIGN	declaringMethodLinkHash=PY_METHOD_d7a26baec95db1ac47ae906b256b56b6	receiverName=self	isDeclaredInInit=true	writeCount=1	writtenInMethodCount=1	firstWriteLine=28	hasAnnotation=false	annotationIsString=false	initializerText=[]	initializerKind=LITERAL	pyModuleLinkHash=PY_MODULE_0af7a9df251376bafe876afe4a32f46e	bindingLinkHash=	pyExpressionLinkHash=PY_EXPRESSION_37663bc3f580f7f4b5e952c3b83bbb53	serviceVersionLinkHash=SERVICE_VERSION_00000000000000000000000000000000	pyFieldUniqueHash=PY_FIELD_2a7e11b6b84f1f30e344016dbc9c423d
name=payload	fieldTypeName=dict	fieldBaseType=dict	potentialQualifiedName=match_nested_patterns_and_guards.Event.payload	isAmbiguous=false	startLine=12	endLine=12	pyTypeLinkHash=PY_TYPE_2ce58f5e8c9675c1e0fd5c50ffba85b9	ownerTypeName=Event	ownerQualifiedName=match_nested_patterns_and_guards.Event	fieldAccess=PUBLIC_ACCESS	fieldModifier=CLASS_VAR,DATACLASS_FIELD,READ_ONLY	fieldOrigin=DATACLASS_FIELD	declaringMethodLinkHash=	receiverName=	isDeclaredInInit=false	writeCount=1	writtenInMethodCount=0	firstWriteLine=12	hasAnnotation=true	annotationIsString=false	initializerText=	initializerKind=NONE	pyModuleLinkHash=PY_MODULE_fcb43aba22913355ac115ae9c4556240	bindingLinkHash=PY_BINDING_13c4c5fdb58a9e4c8b2de72989a22932	pyExpressionLinkHash=PY_EXPRESSION_1586dc4c0c9ec70cb3d13c84f1727e77	serviceVersionLinkHash=SERVICE_VERSION_00000000000000000000000000000000	pyFieldUniqueHash=PY_FIELD_01ef6b233822f48581ac56724f516c07
name=registered	fieldTypeName=	fieldBaseType=	potentialQualifiedName=	isAmbiguous=false	startLine=36	endLine=36	pyTypeLinkHash=PY_TYPE_a1bd5124fede6d4f3504a0dd00092899	ownerTypeName=Kinds	ownerQualifiedName=method_kinds.Kinds	fieldAccess=PUBLIC_ACCESS	fieldModifier=INSTANCE_VAR,READ_ONLY	fieldOrigin=SELF_ASSIGN	declaringMethodLinkHash=PY_METHOD_5c50c5642d36a230fa6b6e9f7ed1d793	receiverName=cls	isDeclaredInInit=false	writeCount=1	writtenInMethodCount=1	firstWriteLine=36	hasAnnotation=false	annotationIsString=false	initializerText=True	initializerKind=LITERAL	pyModuleLinkHash=PY_MODULE_7f80b0a69e6ccd5fc2e3932cc9e5dc10	bindingLinkHash=	pyExpressionLinkHash=PY_EXPRESSION_770096a696c823a0acb4d74638579069	serviceVersionLinkHash=SERVICE_VERSION_00000000000000000000000000000000	pyFieldUniqueHash=PY_FIELD_5eee83bd12ab74a7e50ee0ca4f615196
name=repository	fieldTypeName=	fieldBaseType=	potentialQualifiedName=	isAmbiguous=false	startLine=44	endLine=44	pyTypeLinkHash=PY_TYPE_c4ea4c823c48edb338a6cd78787cae9b	ownerTypeName=Service	ownerQualifiedName=service_layer.Service	fieldAccess=PUBLIC_ACCESS	fieldModifier=INSTANCE_VAR,READ_ONLY	fieldOrigin=SELF_ASSIGN	declaringMethodLinkHash=PY_METHOD_c2679ef7c7ff76fd0d905dfb8219e815	receiverName=self	isDeclaredInInit=true	writeCount=1	writtenInMethodCount=1	firstWriteLine=44	hasAnnotation=false	annotationIsString=false	initializerText=repository	initializerKind=NAME	pyModuleLinkHash=PY_MODULE_87ff823ca7cda9220c2fe03210807591	bindingLinkHash=	pyExpressionLinkHash=PY_EXPRESSION_39117b39cc41afe8b691c23f84675db1	serviceVersionLinkHash=SERVICE_VERSION_00000000000000000000000000000000	pyFieldUniqueHash=PY_FIELD_ba06c6ab6360c63d00ccbdfb193ee986
name=rows	fieldTypeName=typing.List[Record]	fieldBaseType=List	potentialQualifiedName=service_layer.Store.rows	isAmbiguous=false	startLine=17	endLine=17	pyTypeLinkHash=PY_TYPE_2cf22ea62c0a0c4b7621a04b81853658	ownerTypeName=Store	ownerQualifiedName=service_layer.Store	fieldAccess=PUBLIC_ACCESS	fieldModifier=INSTANCE_VAR,READ_ONLY	fieldOrigin=SELF_ASSIGN	declaringMethodLinkHash=PY_METHOD_1b1abae80728c42e4cc6b0dbc18b5ec2	receiverName=self	isDeclaredInInit=true	writeCount=1	writtenInMethodCount=1	firstWriteLine=17	hasAnnotation=true	annotationIsString=false	initializerText=[]	initializerKind=LITERAL	pyModuleLinkHash=PY_MODULE_87ff823ca7cda9220c2fe03210807591	bindingLinkHash=	pyExpressionLinkHash=PY_EXPRESSION_ef6124b63d25a3882170fe90d7e7aa10	serviceVersionLinkHash=SERVICE_VERSION_00000000000000000000000000000000	pyFieldUniqueHash=PY_FIELD_982e6f2f24bd41d8e0dcef33a86a3a6a
name=scaled	fieldTypeName=	fieldBaseType=	potentialQualifiedName=	isAmbiguous=false	startLine=37	endLine=37	pyTypeLinkHash=PY_TYPE_b4aa287abde8dbb60cac1736e458094f	ownerTypeName=ClassScopeIsInvisibleToComprehensions	ownerQualifiedName=scoping_edge_cases.ClassScopeIsInvisibleToComprehensions	fieldAccess=PUBLIC_ACCESS	fieldModifier=CLASS_VAR,READ_ONLY	fieldOrigin=CLASS_BODY_ASSIGN	declaringMethodLinkHash=	receiverName=	isDeclaredInInit=false	writeCount=1	writtenInMethodCount=0	firstWriteLine=37	hasAnnotation=false	annotationIsString=false	initializerText=[item * data[0] for item in range(3)]	initializerKind=COMPREHENSION	pyModuleLinkHash=PY_MODULE_7c5670e72548f0c21d5e8710e5a91903	bindingLinkHash=PY_BINDING_b6ba5ccaaf2812fdfe59e082e4220ac8	pyExpressionLinkHash=PY_EXPRESSION_96eea804d6ac4509c9232efc3d58a9bf	serviceVersionLinkHash=SERVICE_VERSION_00000000000000000000000000000000	pyFieldUniqueHash=PY_FIELD_38c6f01897875da284ae4ed20953ccf5
name=self_assign	fieldTypeName=	fieldBaseType=	potentialQualifiedName=	isAmbiguous=false	startLine=12	endLine=12	pyTypeLinkHash=PY_TYPE_8e5e7ae02d7e897e2dae13f4d1fc41bc	ownerTypeName=Origins	ownerQualifiedName=field_origins.Origins	fieldAccess=PUBLIC_ACCESS	fieldModifier=INSTANCE_VAR,READ_ONLY	fieldOrigin=SELF_ASSIGN	declaringMethodLinkHash=PY_METHOD_0392ee9e7a4bc56bb004a6e7afba21d3	receiverName=self	isDeclaredInInit=true	writeCount=1	writtenInMethodCount=1	firstWriteLine=12	hasAnnotation=false	annotationIsString=false	initializerText=2	initializerKind=LITERAL	pyModuleLinkHash=PY_MODULE_d9b6cd4b9890511117f0581289c3e72e	bindingLinkHash=	pyExpressionLinkHash=PY_EXPRESSION_50aab41b2a79282580adb17ecd509bf4	serviceVersionLinkHash=SERVICE_VERSION_00000000000000000000000000000000	pyFieldUniqueHash=PY_FIELD_9dd57248346cd4c94d18e3ae6a54e092
name=self_augassign	fieldTypeName=	fieldBaseType=	potentialQualifiedName=	isAmbiguous=false	startLine=13	endLine=13	pyTypeLinkHash=PY_TYPE_8e5e7ae02d7e897e2dae13f4d1fc41bc	ownerTypeName=Origins	ownerQualifiedName=field_origins.Origins	fieldAccess=PUBLIC_ACCESS	fieldModifier=INSTANCE_VAR,READ_ONLY	fieldOrigin=SELF_ASSIGN	declaringMethodLinkHash=PY_METHOD_0392ee9e7a4bc56bb004a6e7afba21d3	receiverName=self	isDeclaredInInit=true	writeCount=1	writtenInMethodCount=1	firstWriteLine=13	hasAnnotation=false	annotationIsString=false	initializerText=0	initializerKind=LITERAL	pyModuleLinkHash=PY_MODULE_d9b6cd4b9890511117f0581289c3e72e	bindingLinkHash=	pyExpressionLinkHash=PY_EXPRESSION_c848ec2b334a0c0c95ecf82516738045	serviceVersionLinkHash=SERVICE_VERSION_00000000000000000000000000000000	pyFieldUniqueHash=PY_FIELD_a08b36eb3272a0f66469bbe7d307dd42
name=self_augassign	fieldTypeName=	fieldBaseType=	potentialQualifiedName=	isAmbiguous=false	startLine=14	endLine=14	pyTypeLinkHash=PY_TYPE_8e5e7ae02d7e897e2dae13f4d1fc41bc	ownerTypeName=Origins	ownerQualifiedName=field_origins.Origins	fieldAccess=PUBLIC_ACCESS	fieldModifier=INSTANCE_VAR	fieldOrigin=SELF_AUGASSIGN	declaringMethodLinkHash=PY_METHOD_0392ee9e7a4bc56bb004a6e7afba21d3	receiverName=self	isDeclaredInInit=true	writeCount=1	writtenInMethodCount=1	firstWriteLine=14	hasAnnotation=false	annotationIsString=false	initializerText=	initializerKind=NONE	pyModuleLinkHash=PY_MODULE_d9b6cd4b9890511117f0581289c3e72e	bindingLinkHash=	pyExpressionLinkHash=PY_EXPRESSION_6e8a8a980cbdfe31ca1f70cf5768aa54	serviceVersionLinkHash=SERVICE_VERSION_00000000000000000000000000000000	pyFieldUniqueHash=PY_FIELD_e63bf9a63c8f71ab184065a04e212c41
name=slot_entry	fieldTypeName=	fieldBaseType=	potentialQualifiedName=	isAmbiguous=false	startLine=9	endLine=9	pyTypeLinkHash=PY_TYPE_8e5e7ae02d7e897e2dae13f4d1fc41bc	ownerTypeName=Origins	ownerQualifiedName=field_origins.Origins	fieldAccess=PUBLIC_ACCESS	fieldModifier=SLOT,INSTANCE_VAR,READ_ONLY	fieldOrigin=SLOTS_ENTRY	declaringMethodLinkHash=	receiverName=	isDeclaredInInit=false	writeCount=1	writtenInMethodCount=0	firstWriteLine=9	hasAnnotation=false	annotationIsString=false	initializerText=	initializerKind=NONE	pyModuleLinkHash=PY_MODULE_d9b6cd4b9890511117f0581289c3e72e	bindingLinkHash=	pyExpressionLinkHash=PY_EXPRESSION_c3dd5c9baa37a65645ba641deaf75370	serviceVersionLinkHash=SERVICE_VERSION_00000000000000000000000000000000	pyFieldUniqueHash=PY_FIELD_3b691937578677fc25973ac19b74dd84
name=store	fieldTypeName=	fieldBaseType=	potentialQualifiedName=	isAmbiguous=false	startLine=28	endLine=28	pyTypeLinkHash=PY_TYPE_2dfd4389681449004ff326855f81c683	ownerTypeName=Repository	ownerQualifiedName=service_layer.Repository	fieldAccess=PUBLIC_ACCESS	fieldModifier=INSTANCE_VAR,READ_ONLY	fieldOrigin=SELF_ASSIGN	declaringMethodLinkHash=PY_METHOD_e9a9fd209ad674fca757b55f0d59046a	receiverName=self	isDeclaredInInit=true	writeCount=1	writtenInMethodCount=1	firstWriteLine=28	hasAnnotation=false	annotationIsString=false	initializerText=store	initializerKind=NAME	pyModuleLinkHash=PY_MODULE_87ff823ca7cda9220c2fe03210807591	bindingLinkHash=	pyExpressionLinkHash=PY_EXPRESSION_761a7f788c9fcafe8fe54d441cd94d55	serviceVersionLinkHash=SERVICE_VERSION_00000000000000000000000000000000	pyFieldUniqueHash=PY_FIELD_6de6365a260cb8ca2a2f41c13e057e22
name=tag	fieldTypeName=	fieldBaseType=	potentialQualifiedName=	isAmbiguous=false	startLine=54	endLine=54	pyTypeLinkHash=PY_TYPE_bd7d395e13e5c973a6e8538aced32fab	ownerTypeName=ClassMethodFactory	ownerQualifiedName=resolution_edges.ClassMethodFactory	fieldAccess=PUBLIC_ACCESS	fieldModifier=INSTANCE_VAR,READ_ONLY	fieldOrigin=SELF_ASSIGN	declaringMethodLinkHash=PY_METHOD_eb5681c8ddcf04929815457a1e598d59	receiverName=self	isDeclaredInInit=true	writeCount=1	writtenInMethodCount=1	firstWriteLine=54	hasAnnotation=false	annotationIsString=false	initializerText=tag	initializerKind=NAME	pyModuleLinkHash=PY_MODULE_daef721b73c8bfbcc0348299f2f7bf9a	bindingLinkHash=	pyExpressionLinkHash=PY_EXPRESSION_0f7fa5219483899dc1b1880a6f9d494a	serviceVersionLinkHash=SERVICE_VERSION_00000000000000000000000000000000	pyFieldUniqueHash=PY_FIELD_77575b7f5a7219c8590bc9a37754d3d0
name=values	fieldTypeName=	fieldBaseType=	potentialQualifiedName=	isAmbiguous=false	startLine=37	endLine=37	pyTypeLinkHash=PY_TYPE_1e732b162f5deaead4b2e1751fdc8b5f	ownerTypeName=InClassBody	ownerQualifiedName=comprehension_forms.InClassBody	fieldAccess=PUBLIC_ACCESS	fieldModifier=CLASS_VAR,READ_ONLY	fieldOrigin=CLASS_BODY_ASSIGN	declaringMethodLinkHash=	receiverName=	isDeclaredInInit=false	writeCount=1	writtenInMethodCount=0	firstWriteLine=37	hasAnnotation=false	annotationIsString=false	initializerText=[i for i in range(3)]	initializerKind=COMPREHENSION	pyModuleLinkHash=PY_MODULE_69c6710ffe12b2fc51e03f770319af1b	bindingLinkHash=PY_BINDING_086207b12b3601fd4624743e01cd845a	pyExpressionLinkHash=PY_EXPRESSION_5d743a1c689a266929bda307ac93ebce	serviceVersionLinkHash=SERVICE_VERSION_00000000000000000000000000000000	pyFieldUniqueHash=PY_FIELD_0098386942688fc6a884e12e9f6911e3
name=x	fieldTypeName=	fieldBaseType=	potentialQualifiedName=	isAmbiguous=false	startLine=22	endLine=22	pyTypeLinkHash=PY_TYPE_834b419437b855738443676b9b3cada0	ownerTypeName=WithSlots	ownerQualifiedName=class_forms.WithSlots	fieldAccess=PUBLIC_ACCESS	fieldModifier=SLOT,INSTANCE_VAR,READ_ONLY	fieldOrigin=SLOTS_ENTRY	declaringMethodLinkHash=	receiverName=	isDeclaredInInit=false	writeCount=1	writtenInMethodCount=0	firstWriteLine=22	hasAnnotation=false	annotationIsString=false	initializerText=	initializerKind=NONE	pyModuleLinkHash=PY_MODULE_512fa5aa67cc77834aa18c596c931e59	bindingLinkHash=	pyExpressionLinkHash=PY_EXPRESSION_bf49d94b1b5b1d615224bbcede193fd6	serviceVersionLinkHash=SERVICE_VERSION_00000000000000000000000000000000	pyFieldUniqueHash=PY_FIELD_410e9424d9f85c7f01069a6333206741
name=x	fieldTypeName=	fieldBaseType=	potentialQualifiedName=	isAmbiguous=false	startLine=25	endLine=25	pyTypeLinkHash=PY_TYPE_834b419437b855738443676b9b3cada0	ownerTypeName=WithSlots	ownerQualifiedName=class_forms.WithSlots	fieldAccess=PUBLIC_ACCESS	fieldModifier=INSTANCE_VAR,SLOT,READ_ONLY	fieldOrigin=SELF_ASSIGN	declaringMethodLinkHash=PY_METHOD_1c60534bccbeaabf71d83fbb629164fb	receiverName=self	isDeclaredInInit=true	writeCount=1	writtenInMethodCount=1	firstWriteLine=25	hasAnnotation=false	annotationIsString=false	initializerText=1	initializerKind=LITERAL	pyModuleLinkHash=PY_MODULE_512fa5aa67cc77834aa18c596c931e59	bindingLinkHash=	pyExpressionLinkHash=PY_EXPRESSION_0862eff6ff0a1adb1f8aedc4c19d268f	serviceVersionLinkHash=SERVICE_VERSION_00000000000000000000000000000000	pyFieldUniqueHash=PY_FIELD_23dc9f7e711905b8433e9f2ce8b4811e
name=x	fieldTypeName=	fieldBaseType=	potentialQualifiedName=	isAmbiguous=false	startLine=10	endLine=10	pyTypeLinkHash=PY_TYPE_6f4e90e4697b76a388566c9bd84e0d4d	ownerTypeName=Point	ownerQualifiedName=match_class_and_sequence_patterns.Point	fieldAccess=PUBLIC_ACCESS	fieldModifier=INSTANCE_VAR,READ_ONLY	fieldOrigin=SELF_ASSIGN	declaringMethodLinkHash=PY_METHOD_ed898c7ba31b1d5a88a7ed47da6a477b	receiverName=self	isDeclaredInInit=true	writeCount=1	writtenInMethodCount=1	firstWriteLine=10	hasAnnotation=false	annotationIsString=false	initializerText=x	initializerKind=NAME	pyModuleLinkHash=PY_MODULE_e8c22c801b9d7d33638ace57665fdd49	bindingLinkHash=	pyExpressionLinkHash=PY_EXPRESSION_d8d7077f45710e9120c3e6398cc0986e	serviceVersionLinkHash=SERVICE_VERSION_00000000000000000000000000000000	pyFieldUniqueHash=PY_FIELD_92a0068d85f354f19ad6d582e045d7df
name=x	fieldTypeName=int	fieldBaseType=int	potentialQualifiedName=field_origins.Point.x	isAmbiguous=false	startLine=19	endLine=19	pyTypeLinkHash=PY_TYPE_6b71a387bb09f3559bd7785e8741463e	ownerTypeName=Point	ownerQualifiedName=field_origins.Point	fieldAccess=PUBLIC_ACCESS	fieldModifier=CLASS_VAR,DATACLASS_FIELD,READ_ONLY	fieldOrigin=DATACLASS_FIELD	declaringMethodLinkHash=	receiverName=	isDeclaredInInit=false	writeCount=1	writtenInMethodCount=0	firstWriteLine=19	hasAnnotation=true	annotationIsString=false	initializerText=	initializerKind=NONE	pyModuleLinkHash=PY_MODULE_d9b6cd4b9890511117f0581289c3e72e	bindingLinkHash=PY_BINDING_faff6556d980286b5caffa3120d0a328	pyExpressionLinkHash=PY_EXPRESSION_d3a3294efad0cccf2cebd3a749b421ca	serviceVersionLinkHash=SERVICE_VERSION_00000000000000000000000000000000	pyFieldUniqueHash=PY_FIELD_7d18be1a9fe29d0bed13a216fb06f410
name=y	fieldTypeName=	fieldBaseType=	potentialQualifiedName=	isAmbiguous=false	startLine=11	endLine=11	pyTypeLinkHash=PY_TYPE_6f4e90e4697b76a388566c9bd84e0d4d	ownerTypeName=Point	ownerQualifiedName=match_class_and_sequence_patterns.Point	fieldAccess=PUBLIC_ACCESS	fieldModifier=INSTANCE_VAR,READ_ONLY	fieldOrigin=SELF_ASSIGN	declaringMethodLinkHash=PY_METHOD_ed898c7ba31b1d5a88a7ed47da6a477b	receiverName=self	isDeclaredInInit=true	writeCount=1	writtenInMethodCount=1	firstWriteLine=11	hasAnnotation=false	annotationIsString=false	initializerText=y	initializerKind=NAME	pyModuleLinkHash=PY_MODULE_e8c22c801b9d7d33638ace57665fdd49	bindingLinkHash=	pyExpressionLinkHash=PY_EXPRESSION_0b2011f5a35e76274b3622f5fcb378c2	serviceVersionLinkHash=SERVICE_VERSION_00000000000000000000000000000000	pyFieldUniqueHash=PY_FIELD_39c1e4363707f3951248f99912d45ae9
name=y	fieldTypeName=	fieldBaseType=	potentialQualifiedName=	isAmbiguous=false	startLine=22	endLine=22	pyTypeLinkHash=PY_TYPE_834b419437b855738443676b9b3cada0	ownerTypeName=WithSlots	ownerQualifiedName=class_forms.WithSlots	fieldAccess=PUBLIC_ACCESS	fieldModifier=SLOT,INSTANCE_VAR,READ_ONLY	fieldOrigin=SLOTS_ENTRY	declaringMethodLinkHash=	receiverName=	isDeclaredInInit=false	writeCount=1	writtenInMethodCount=0	firstWriteLine=22	hasAnnotation=false	annotationIsString=false	initializerText=	initializerKind=NONE	pyModuleLinkHash=PY_MODULE_512fa5aa67cc77834aa18c596c931e59	bindingLinkHash=	pyExpressionLinkHash=PY_EXPRESSION_259ffe8cc6332d9477a5ec7ca24bb921	serviceVersionLinkHash=SERVICE_VERSION_00000000000000000000000000000000	pyFieldUniqueHash=PY_FIELD_11cbc9360f3ced40836b98405f95cda3
name=y	fieldTypeName=	fieldBaseType=	potentialQualifiedName=	isAmbiguous=false	startLine=26	endLine=26	pyTypeLinkHash=PY_TYPE_834b419437b855738443676b9b3cada0	ownerTypeName=WithSlots	ownerQualifiedName=class_forms.WithSlots	fieldAccess=PUBLIC_ACCESS	fieldModifier=INSTANCE_VAR,SLOT,READ_ONLY	fieldOrigin=SELF_ASSIGN	declaringMethodLinkHash=PY_METHOD_1c60534bccbeaabf71d83fbb629164fb	receiverName=self	isDeclaredInInit=true	writeCount=1	writtenInMethodCount=1	firstWriteLine=26	hasAnnotation=false	annotationIsString=false	initializerText=2	initializerKind=LITERAL	pyModuleLinkHash=PY_MODULE_512fa5aa67cc77834aa18c596c931e59	bindingLinkHash=	pyExpressionLinkHash=PY_EXPRESSION_341ada2d54c00d80488099254b019ebe	serviceVersionLinkHash=SERVICE_VERSION_00000000000000000000000000000000	pyFieldUniqueHash=PY_FIELD_0a33242ff4f96e4f7da2aaf37f7390af
name=y	fieldTypeName=int	fieldBaseType=int	potentialQualifiedName=field_origins.Point.y	isAmbiguous=false	startLine=20	endLine=20	pyTypeLinkHash=PY_TYPE_6b71a387bb09f3559bd7785e8741463e	ownerTypeName=Point	ownerQualifiedName=field_origins.Point	fieldAccess=PUBLIC_ACCESS	fieldModifier=CLASS_VAR,DATACLASS_FIELD,READ_ONLY	fieldOrigin=DATACLASS_FIELD	declaringMethodLinkHash=	receiverName=	isDeclaredInInit=false	writeCount=1	writtenInMethodCount=0	firstWriteLine=20	hasAnnotation=true	annotationIsString=false	initializerText=0	initializerKind=LITERAL	pyModuleLinkHash=PY_MODULE_d9b6cd4b9890511117f0581289c3e72e	bindingLinkHash=PY_BINDING_16132b28e5f39ba60433d84427b51e50	pyExpressionLinkHash=PY_EXPRESSION_4c779c40db426accfc5948670ab22620	serviceVersionLinkHash=SERVICE_VERSION_00000000000000000000000000000000	pyFieldUniqueHash=PY_FIELD_54dec3f2ca5dacd7edb5e5868dfee299
