importKind=FROM_MEMBER	importedPath=core.base.Leaf	packageOrTypeName=core.base	simpleName=Leaf	lineNumber=2	isStatic=false	isWildcard=false	isModuleImport=false	relativeLevel=0	originalName=Leaf	aliasName=	resolvedModuleLinkHash=PY_MODULE_0af7a9df251376bafe876afe4a32f46e	resolvedTargetKind=TYPE	resolvedTargetHash=PY_TYPE_50545579e02058f8c7ab2e28c6b40e6a	isExternalTarget=false	distributionName=	isTypeCheckingOnly=false	isConditional=false	pyScopeLinkHash=PY_SCOPE_c55ee4742ffe4870a08e4ccebad2d638	pyModuleLinkHash=PY_MODULE_0a821397f31f9644e27278ab1de4362b	bindingLinkHash=PY_BINDING_610dceeb556480fa684525ded81f7632	serviceVersionLinkHash=SERVICE_VERSION_00000000000000000000000000000000	pyImportUniqueHash=PY_IMPORT_17be8bc7d92a50b52ee5cf65cde76291
importKind=FROM_MEMBER	importedPath=core.base.Node	packageOrTypeName=core.base	simpleName=Node	lineNumber=2	isStatic=false	isWildcard=false	isModuleImport=false	relativeLevel=0	originalName=Node	aliasName=	resolvedModuleLinkHash=PY_MODULE_0af7a9df251376bafe876afe4a32f46e	resolvedTargetKind=TYPE	resolvedTargetHash=PY_TYPE_114cb72d42012abcb4ffcbce3bc6a345	isExternalTarget=false	distributionName=	isTypeCheckingOnly=false	isConditional=false	pyScopeLinkHash=PY_SCOPE_c55ee4742ffe4870a08e4ccebad2d638	pyModuleLinkHash=PY_MODULE_0a821397f31f9644e27278ab1de4362b	bindingLinkHash=PY_BINDING_a025ef9fa18f969fb6b329adb0bf74dc	serviceVersionLinkHash=SERVICE_VERSION_00000000000000000000000000000000	pyImportUniqueHash=PY_IMPORT_dc1e293d2c29fd9cf75cd0e8c1695dd4
importKind=FROM_MEMBER	importedPath=core.base.Node	packageOrTypeName=core.base	simpleName=Node	lineNumber=2	isStatic=false	isWildcard=false	isModuleImport=false	relativeLevel=0	originalName=Node	aliasName=	resolvedModuleLinkHash=PY_MODULE_0af7a9df251376bafe876afe4a32f46e	resolvedTargetKind=TYPE	resolvedTargetHash=PY_TYPE_114cb72d42012abcb4ffcbce3bc6a345	isExternalTarget=false	distributionName=	isTypeCheckingOnly=false	isConditional=false	pyScopeLinkHash=PY_SCOPE_cb8cf1b1a132675a833e9bf463d4236f	pyModuleLinkHash=PY_MODULE_7908beb43f8c739558eabfcf93ebca84	bindingLinkHash=PY_BINDING_6d055b9aae8c20d623f2a543fcf95501	serviceVersionLinkHash=SERVICE_VERSION_00000000000000000000000000000000	pyImportUniqueHash=PY_IMPORT_ed6f99c4023ff7b765fcaa49ae326df1
importKind=FROM_MEMBER	importedPath=dataclasses.dataclass	packageOrTypeName=dataclasses	simpleName=dataclass	lineNumber=6	isStatic=false	isWildcard=false	isModuleImport=false	relativeLevel=0	originalName=dataclass	aliasName=	resolvedModuleLinkHash=	resolvedTargetKind=UNRESOLVED	resolvedTargetHash=	isExternalTarget=true	distributionName=	isTypeCheckingOnly=false	isConditional=false	pyScopeLinkHash=PY_SCOPE_36fa0c472e8ad6fb04f3ec89e977d9e3	pyModuleLinkHash=PY_MODULE_fcb43aba22913355ac115ae9c4556240	bindingLinkHash=PY_BINDING_7392e183ddecf5cd1672039a3580220a	serviceVersionLinkHash=SERVICE_VERSION_00000000000000000000000000000000	pyImportUniqueHash=PY_IMPORT_c05a008b8f408b1cc4e838dd2f10081d
importKind=FROM_MEMBER	importedPath=os.sep	packageOrTypeName=os	simpleName=sep	lineNumber=5	isStatic=false	isWildcard=false	isModuleImport=false	relativeLevel=0	originalName=sep	aliasName=	resolvedModuleLinkHash=	resolvedTargetKind=UNRESOLVED	resolvedTargetHash=	isExternalTarget=true	distributionName=	isTypeCheckingOnly=false	isConditional=false	pyScopeLinkHash=PY_SCOPE_ee86e0ba67ef3d34cf7f89c57de327bd	pyModuleLinkHash=PY_MODULE_de7d5596180bd49f3aca43337216ef18	bindingLinkHash=PY_BINDING_91999c518a71c4747c89b796abfbe4c9	serviceVersionLinkHash=SERVICE_VERSION_00000000000000000000000000000000	pyImportUniqueHash=PY_IMPORT_5f648f26c27d8dc3b1e05659ebe74200
importKind=FROM_MEMBER_ALIAS	importedPath=os.sep	packageOrTypeName=os	simpleName=separator	lineNumber=6	isStatic=false	isWildcard=false	isModuleImport=false	relativeLevel=0	originalName=sep	aliasName=separator	resolvedModuleLinkHash=	resolvedTargetKind=UNRESOLVED	resolvedTargetHash=	isExternalTarget=true	distributionName=	isTypeCheckingOnly=false	isConditional=false	pyScopeLinkHash=PY_SCOPE_ee86e0ba67ef3d34cf7f89c57de327bd	pyModuleLinkHash=PY_MODULE_de7d5596180bd49f3aca43337216ef18	bindingLinkHash=PY_BINDING_a0f5d7381b3a1c86dca3fac8fc3b2e52	serviceVersionLinkHash=SERVICE_VERSION_00000000000000000000000000000000	pyImportUniqueHash=PY_IMPORT_fe7ed3a2206d34222f4141e914404c64
importKind=MODULE_IMPORT	importedPath=abc	packageOrTypeName=	simpleName=abc	lineNumber=2	isStatic=false	isWildcard=false	isModuleImport=true	relativeLevel=0	originalName=abc	aliasName=	resolvedModuleLinkHash=	resolvedTargetKind=UNRESOLVED	resolvedTargetHash=	isExternalTarget=true	distributionName=	isTypeCheckingOnly=false	isConditional=false	pyScopeLinkHash=PY_SCOPE_197e9dd3ebbe8029645e31505903aa28	pyModuleLinkHash=PY_MODULE_7f80b0a69e6ccd5fc2e3932cc9e5dc10	bindingLinkHash=PY_BINDING_cb143fcf6534cafbc6f9785bea4bfcce	serviceVersionLinkHash=SERVICE_VERSION_00000000000000000000000000000000	pyImportUniqueHash=PY_IMPORT_094ae6515a3e1e2083408958e8d014f5
importKind=MODULE_IMPORT	importedPath=abc	packageOrTypeName=	simpleName=abc	lineNumber=2	isStatic=false	isWildcard=false	isModuleImport=true	relativeLevel=0	originalName=abc	aliasName=	resolvedModuleLinkHash=	resolvedTargetKind=UNRESOLVED	resolvedTargetHash=	isExternalTarget=true	distributionName=	isTypeCheckingOnly=false	isConditional=false	pyScopeLinkHash=PY_SCOPE_73a3dfefe7f39786fa7d6114bdaffe3b	pyModuleLinkHash=PY_MODULE_512fa5aa67cc77834aa18c596c931e59	bindingLinkHash=PY_BINDING_198f46ef6811f38028de792016d92521	serviceVersionLinkHash=SERVICE_VERSION_00000000000000000000000000000000	pyImportUniqueHash=PY_IMPORT_d58be8653fbac816e2ed54c58bca79c7
importKind=MODULE_IMPORT	importedPath=dataclasses	packageOrTypeName=	simpleName=dataclasses	lineNumber=2	isStatic=false	isWildcard=false	isModuleImport=true	relativeLevel=0	originalName=dataclasses	aliasName=	resolvedModuleLinkHash=	resolvedTargetKind=UNRESOLVED	resolvedTargetHash=	isExternalTarget=true	distributionName=	isTypeCheckingOnly=false	isConditional=false	pyScopeLinkHash=PY_SCOPE_ba4e9fb3c060ed8e3ba5cd1a2fd0656b	pyModuleLinkHash=PY_MODULE_87ff823ca7cda9220c2fe03210807591	bindingLinkHash=PY_BINDING_fe9edac629880ea319422ca713ecfc1d	serviceVersionLinkHash=SERVICE_VERSION_00000000000000000000000000000000	pyImportUniqueHash=PY_IMPORT_dfb4c7fd092c658fae64dff04ca33e55
importKind=MODULE_IMPORT	importedPath=dataclasses	packageOrTypeName=	simpleName=dataclasses	lineNumber=2	isStatic=false	isWildcard=false	isModuleImport=true	relativeLevel=0	originalName=dataclasses	aliasName=	resolvedModuleLinkHash=	resolvedTargetKind=UNRESOLVED	resolvedTargetHash=	isExternalTarget=true	distributionName=	isTypeCheckingOnly=false	isConditional=false	pyScopeLinkHash=PY_SCOPE_e232a4d0ac3fb1fa2218eecd80bcfa25	pyModuleLinkHash=PY_MODULE_d9b6cd4b9890511117f0581289c3e72e	bindingLinkHash=PY_BINDING_69d639e9f03d304f6668ef64e0eabc61	serviceVersionLinkHash=SERVICE_VERSION_00000000000000000000000000000000	pyImportUniqueHash=PY_IMPORT_b4c01a0c3be03df831d1ea6a058e8022
importKind=MODULE_IMPORT	importedPath=enum	packageOrTypeName=	simpleName=enum	lineNumber=3	isStatic=false	isWildcard=false	isModuleImport=true	relativeLevel=0	originalName=enum	aliasName=	resolvedModuleLinkHash=	resolvedTargetKind=UNRESOLVED	resolvedTargetHash=	isExternalTarget=true	distributionName=	isTypeCheckingOnly=false	isConditional=false	pyScopeLinkHash=PY_SCOPE_73a3dfefe7f39786fa7d6114bdaffe3b	pyModuleLinkHash=PY_MODULE_512fa5aa67cc77834aa18c596c931e59	bindingLinkHash=PY_BINDING_2a398e44546152e47edd48cff502fbdb	serviceVersionLinkHash=SERVICE_VERSION_00000000000000000000000000000000	pyImportUniqueHash=PY_IMPORT_d6dedf40b8972d92ad7006773c2121e6
importKind=MODULE_IMPORT	importedPath=functools	packageOrTypeName=	simpleName=functools	lineNumber=2	isStatic=false	isWildcard=false	isModuleImport=true	relativeLevel=0	originalName=functools	aliasName=	resolvedModuleLinkHash=	resolvedTargetKind=UNRESOLVED	resolvedTargetHash=	isExternalTarget=true	distributionName=	isTypeCheckingOnly=false	isConditional=false	pyScopeLinkHash=PY_SCOPE_927e244316506f8a26053ac6e0384e29	pyModuleLinkHash=PY_MODULE_732c028e10cc873fb59fb05238047955	bindingLinkHash=PY_BINDING_6f8938225a1fa7181a5f68ed4803882f	serviceVersionLinkHash=SERVICE_VERSION_00000000000000000000000000000000	pyImportUniqueHash=PY_IMPORT_3a62ef6277dd2b5e9540c9953575f9c4
importKind=MODULE_IMPORT	importedPath=functools	packageOrTypeName=	simpleName=functools	lineNumber=3	isStatic=false	isWildcard=false	isModuleImport=true	relativeLevel=0	originalName=functools	aliasName=	resolvedModuleLinkHash=	resolvedTargetKind=UNRESOLVED	resolvedTargetHash=	isExternalTarget=true	distributionName=	isTypeCheckingOnly=false	isConditional=false	pyScopeLinkHash=PY_SCOPE_197e9dd3ebbe8029645e31505903aa28	pyModuleLinkHash=PY_MODULE_7f80b0a69e6ccd5fc2e3932cc9e5dc10	bindingLinkHash=PY_BINDING_9ee760bc620d5af40111340c0a484432	serviceVersionLinkHash=SERVICE_VERSION_00000000000000000000000000000000	pyImportUniqueHash=PY_IMPORT_4460b99b3f914a03269142fd5155ba20
importKind=MODULE_IMPORT	importedPath=json	packageOrTypeName=	simpleName=json	lineNumber=13	isStatic=false	isWildcard=false	isModuleImport=true	relativeLevel=0	originalName=json	aliasName=	resolvedModuleLinkHash=	resolvedTargetKind=UNRESOLVED	resolvedTargetHash=	isExternalTarget=true	distributionName=	isTypeCheckingOnly=false	isConditional=true	pyScopeLinkHash=PY_SCOPE_ee86e0ba67ef3d34cf7f89c57de327bd	pyModuleLinkHash=PY_MODULE_de7d5596180bd49f3aca43337216ef18	bindingLinkHash=PY_BINDING_23f5426e982e1c1ced81b1937898c20d	serviceVersionLinkHash=SERVICE_VERSION_00000000000000000000000000000000	pyImportUniqueHash=PY_IMPORT_cda1d7ea63a75d076776688815880c2f
importKind=MODULE_IMPORT	importedPath=os	packageOrTypeName=	simpleName=os	lineNumber=2	isStatic=false	isWildcard=false	isModuleImport=true	relativeLevel=0	originalName=os	aliasName=	resolvedModuleLinkHash=	resolvedTargetKind=UNRESOLVED	resolvedTargetHash=	isExternalTarget=true	distributionName=	isTypeCheckingOnly=false	isConditional=false	pyScopeLinkHash=PY_SCOPE_ee86e0ba67ef3d34cf7f89c57de327bd	pyModuleLinkHash=PY_MODULE_de7d5596180bd49f3aca43337216ef18	bindingLinkHash=PY_BINDING_de56b2bbb7617164508e85bda466bf4c	serviceVersionLinkHash=SERVICE_VERSION_00000000000000000000000000000000	pyImportUniqueHash=PY_IMPORT_2fa77cf21e0dc7daf13fa0bcf2b15adb
importKind=MODULE_IMPORT	importedPath=os	packageOrTypeName=	simpleName=os	lineNumber=8	isStatic=false	isWildcard=false	isModuleImport=true	relativeLevel=0	originalName=os	aliasName=	resolvedModuleLinkHash=	resolvedTargetKind=UNRESOLVED	resolvedTargetHash=	isExternalTarget=true	distributionName=	isTypeCheckingOnly=false	isConditional=false	pyScopeLinkHash=PY_SCOPE_bec2c1718cd0a225a2eb1e5543c2f946	pyModuleLinkHash=PY_MODULE_898ba18a31075a2ba7818f72c287b8d1	bindingLinkHash=PY_BINDING_ba1193723e03b56252b910c347c8ae39	serviceVersionLinkHash=SERVICE_VERSION_00000000000000000000000000000000	pyImportUniqueHash=PY_IMPORT_9104097598eb42608307eca3ebd504bc
importKind=MODULE_IMPORT	importedPath=os.path	packageOrTypeName=	simpleName=os	lineNumber=3	isStatic=false	isWildcard=false	isModuleImport=true	relativeLevel=0	originalName=os.path	aliasName=	resolvedModuleLinkHash=	resolvedTargetKind=UNRESOLVED	resolvedTargetHash=	isExternalTarget=true	distributionName=	isTypeCheckingOnly=false	isConditional=false	pyScopeLinkHash=PY_SCOPE_ee86e0ba67ef3d34cf7f89c57de327bd	pyModuleLinkHash=PY_MODULE_de7d5596180bd49f3aca43337216ef18	bindingLinkHash=PY_BINDING_de56b2bbb7617164508e85bda466bf4c	serviceVersionLinkHash=SERVICE_VERSION_00000000000000000000000000000000	pyImportUniqueHash=PY_IMPORT_89880a71cf43db22779f626042e7b77f
importKind=MODULE_IMPORT	importedPath=sys	packageOrTypeName=	simpleName=sys	lineNumber=29	isStatic=false	isWildcard=false	isModuleImport=true	relativeLevel=0	originalName=sys	aliasName=	resolvedModuleLinkHash=	resolvedTargetKind=UNRESOLVED	resolvedTargetHash=	isExternalTarget=true	distributionName=	isTypeCheckingOnly=false	isConditional=false	pyScopeLinkHash=PY_SCOPE_a046247eff9275be810c356a2af1fe02	pyModuleLinkHash=PY_MODULE_898ba18a31075a2ba7818f72c287b8d1	bindingLinkHash=PY_BINDING_3b626e2bc3866f00982eec58744a084a	serviceVersionLinkHash=SERVICE_VERSION_00000000000000000000000000000000	pyImportUniqueHash=PY_IMPORT_104e4ef614813a31d9f0b84de120e7bc
importKind=MODULE_IMPORT	importedPath=typing	packageOrTypeName=	simpleName=typing	lineNumber=2	isStatic=false	isWildcard=false	isModuleImport=true	relativeLevel=0	originalName=typing	aliasName=	resolvedModuleLinkHash=	resolvedTargetKind=UNRESOLVED	resolvedTargetHash=	isExternalTarget=true	distributionName=	isTypeCheckingOnly=false	isConditional=false	pyScopeLinkHash=PY_SCOPE_bc24a528a14657fae5774557a7e5df43	pyModuleLinkHash=PY_MODULE_2ad12d409f3c3e259800bca32bb8559f	bindingLinkHash=PY_BINDING_fd7395d01bc78932776440de2f1c2450	serviceVersionLinkHash=SERVICE_VERSION_00000000000000000000000000000000	pyImportUniqueHash=PY_IMPORT_79ef76bb2bb6b2adc2df79e6856a107f
importKind=MODULE_IMPORT	importedPath=typing	packageOrTypeName=	simpleName=typing	lineNumber=3	isStatic=false	isWildcard=false	isModuleImport=true	relativeLevel=0	originalName=typing	aliasName=	resolvedModuleLinkHash=	resolvedTargetKind=UNRESOLVED	resolvedTargetHash=	isExternalTarget=true	distributionName=	isTypeCheckingOnly=false	isConditional=false	pyScopeLinkHash=PY_SCOPE_ba4e9fb3c060ed8e3ba5cd1a2fd0656b	pyModuleLinkHash=PY_MODULE_87ff823ca7cda9220c2fe03210807591	bindingLinkHash=PY_BINDING_f52fe09cf4dcdd1c9108f45ae35cf10a	serviceVersionLinkHash=SERVICE_VERSION_00000000000000000000000000000000	pyImportUniqueHash=PY_IMPORT_0a6a5288ae87bd4d9da919402d0bbe7d
importKind=MODULE_IMPORT	importedPath=typing	packageOrTypeName=	simpleName=typing	lineNumber=3	isStatic=false	isWildcard=false	isModuleImport=true	relativeLevel=0	originalName=typing	aliasName=	resolvedModuleLinkHash=	resolvedTargetKind=UNRESOLVED	resolvedTargetHash=	isExternalTarget=true	distributionName=	isTypeCheckingOnly=false	isConditional=false	pyScopeLinkHash=PY_SCOPE_e232a4d0ac3fb1fa2218eecd80bcfa25	pyModuleLinkHash=PY_MODULE_d9b6cd4b9890511117f0581289c3e72e	bindingLinkHash=PY_BINDING_e191ca0bdc977d5b962481483c31a4d8	serviceVersionLinkHash=SERVICE_VERSION_00000000000000000000000000000000	pyImportUniqueHash=PY_IMPORT_719197cf4e7261a335655f0bced1ceac
importKind=MODULE_IMPORT_ALIAS	importedPath=os	packageOrTypeName=	simpleName=operating_system	lineNumber=4	isStatic=false	isWildcard=false	isModuleImport=true	relativeLevel=0	originalName=os	aliasName=operating_system	resolvedModuleLinkHash=	resolvedTargetKind=UNRESOLVED	resolvedTargetHash=	isExternalTarget=true	distributionName=	isTypeCheckingOnly=false	isConditional=false	pyScopeLinkHash=PY_SCOPE_ee86e0ba67ef3d34cf7f89c57de327bd	pyModuleLinkHash=PY_MODULE_de7d5596180bd49f3aca43337216ef18	bindingLinkHash=PY_BINDING_fbae21fa130d989f2139ffe217b45c08	serviceVersionLinkHash=SERVICE_VERSION_00000000000000000000000000000000	pyImportUniqueHash=PY_IMPORT_381147d8561f06a25d515ffd1e173259
importKind=RELATIVE_MEMBER	importedPath=pkg	packageOrTypeName=	simpleName=pkg	lineNumber=7	isStatic=false	isWildcard=false	isModuleImport=true	relativeLevel=1	originalName=pkg	aliasName=	resolvedModuleLinkHash=PY_MODULE_ecf4aa1a9d069c8273c1594c27e60d0f	resolvedTargetKind=MODULE	resolvedTargetHash=	isExternalTarget=false	distributionName=	isTypeCheckingOnly=false	isConditional=false	pyScopeLinkHash=PY_SCOPE_ee86e0ba67ef3d34cf7f89c57de327bd	pyModuleLinkHash=PY_MODULE_de7d5596180bd49f3aca43337216ef18	bindingLinkHash=PY_BINDING_c0f9e2c03f9a75461da1789f6bd44c6b	serviceVersionLinkHash=SERVICE_VERSION_00000000000000000000000000000000	pyImportUniqueHash=PY_IMPORT_467d9725253169f139bf71a00742a99b
importKind=RELATIVE_MEMBER	importedPath=pkg.leaf	packageOrTypeName=pkg	simpleName=leaf	lineNumber=8	isStatic=false	isWildcard=false	isModuleImport=true	relativeLevel=1	originalName=leaf	aliasName=	resolvedModuleLinkHash=PY_MODULE_ecf4aa1a9d069c8273c1594c27e60d0f	resolvedTargetKind=MODULE	resolvedTargetHash=	isExternalTarget=false	distributionName=	isTypeCheckingOnly=false	isConditional=false	pyScopeLinkHash=PY_SCOPE_ee86e0ba67ef3d34cf7f89c57de327bd	pyModuleLinkHash=PY_MODULE_de7d5596180bd49f3aca43337216ef18	bindingLinkHash=PY_BINDING_b0e4428c3be53ac34b66aef5f1e15f32	serviceVersionLinkHash=SERVICE_VERSION_00000000000000000000000000000000	pyImportUniqueHash=PY_IMPORT_53efec32e0ed78b68260ac0d25da4820
importKind=RELATIVE_MEMBER	importedPath=pkg.leaf.Leaf	packageOrTypeName=pkg.leaf	simpleName=Leaf	lineNumber=9	isStatic=false	isWildcard=false	isModuleImport=false	relativeLevel=1	originalName=Leaf	aliasName=	resolvedModuleLinkHash=	resolvedTargetKind=UNRESOLVED	resolvedTargetHash=	isExternalTarget=true	distributionName=	isTypeCheckingOnly=false	isConditional=false	pyScopeLinkHash=PY_SCOPE_ee86e0ba67ef3d34cf7f89c57de327bd	pyModuleLinkHash=PY_MODULE_de7d5596180bd49f3aca43337216ef18	bindingLinkHash=PY_BINDING_b94f32930c1a959aa0d3c0938ea950a7	serviceVersionLinkHash=SERVICE_VERSION_00000000000000000000000000000000	pyImportUniqueHash=PY_IMPORT_26ff760b6cb1a1913d0b9ac1a8248548
importKind=RELATIVE_MEMBER	importedPath=pkg.leaf.Leaf	packageOrTypeName=pkg.leaf	simpleName=Renamed	lineNumber=10	isStatic=false	isWildcard=false	isModuleImport=false	relativeLevel=1	originalName=Leaf	aliasName=Renamed	resolvedModuleLinkHash=	resolvedTargetKind=UNRESOLVED	resolvedTargetHash=	isExternalTarget=true	distributionName=	isTypeCheckingOnly=false	isConditional=false	pyScopeLinkHash=PY_SCOPE_ee86e0ba67ef3d34cf7f89c57de327bd	pyModuleLinkHash=PY_MODULE_de7d5596180bd49f3aca43337216ef18	bindingLinkHash=PY_BINDING_040eaf3b6f52d55c0437c1202fa1280f	serviceVersionLinkHash=SERVICE_VERSION_00000000000000000000000000000000	pyImportUniqueHash=PY_IMPORT_ef37ad6d114f908204f19a95a946db7c
importKind=RELATIVE_MEMBER	importedPath=pkg.leaf.helper	packageOrTypeName=pkg.leaf	simpleName=helper	lineNumber=9	isStatic=false	isWildcard=false	isModuleImport=false	relativeLevel=1	originalName=helper	aliasName=	resolvedModuleLinkHash=	resolvedTargetKind=UNRESOLVED	resolvedTargetHash=	isExternalTarget=true	distributionName=	isTypeCheckingOnly=false	isConditional=false	pyScopeLinkHash=PY_SCOPE_ee86e0ba67ef3d34cf7f89c57de327bd	pyModuleLinkHash=PY_MODULE_de7d5596180bd49f3aca43337216ef18	bindingLinkHash=PY_BINDING_7c376b5592575d837a3336ccce541b71	serviceVersionLinkHash=SERVICE_VERSION_00000000000000000000000000000000	pyImportUniqueHash=PY_IMPORT_9ba72a764802e76be9e33845591ac39d
