name=base	qualifiedName=core.base	fileName=base.py	moduleKind=MODULE	packageQualifiedName=core	isPackage=false	isStub=false	pythonDialect=PY3	targetVersion=3.10.4	emissionRegime=PY3_0_11	grammarUsed=TS_PYTHON3	futureImports=	encodingDeclared=	hasModuleDocstring=true	hasDunderAll=false	dunderAllIsStatic=false	dunderAllNames=	moduleInitMethodLinkHash=PY_METHOD_386e258a8f1c3adf61f362eca468c230	moduleScopeLinkHash=PY_SCOPE_c5b4f84e28a5fab7887804bcf766901a	isExternal=false	serviceVersionLinkHash=SERVICE_VERSION_00000000000000000000000000000000	pyModuleUniqueHash=PY_MODULE_0af7a9df251376bafe876afe4a32f46e
name=block_forms	qualifiedName=block_forms	fileName=block_forms.py	moduleKind=MODULE	packageQualifiedName=	isPackage=false	isStub=false	pythonDialect=PY3	targetVersion=3.10.4	emissionRegime=PY3_0_11	grammarUsed=TS_PYTHON3	futureImports=	encodingDeclared=	hasModuleDocstring=true	hasDunderAll=false	dunderAllIsStatic=false	dunderAllNames=	moduleInitMethodLinkHash=PY_METHOD_c4c0c5f8d90dd81d9248843122594528	moduleScopeLinkHash=PY_SCOPE_30a7a4b74721c1cad9e7f4a32cc1f39a	isExternal=false	serviceVersionLinkHash=SERVICE_VERSION_00000000000000000000000000000000	pyModuleUniqueHash=PY_MODULE_4b037be4bfee21f42c86ed8be4545f2b
name=class_forms	qualifiedName=class_forms	fileName=class_forms.py	moduleKind=MODULE	packageQualifiedName=	isPackage=false	isStub=false	pythonDialect=PY3	targetVersion=3.10.4	emissionRegime=PY3_0_11	grammarUsed=TS_PYTHON3	futureImports=	encodingDeclared=	hasModuleDocstring=true	hasDunderAll=false	dunderAllIsStatic=false	dunderAllNames=	moduleInitMethodLinkHash=PY_METHOD_834ec80fb1bb33b6ac3803a7089e04b0	moduleScopeLinkHash=PY_SCOPE_73a3dfefe7f39786fa7d6114bdaffe3b	isExternal=false	serviceVersionLinkHash=SERVICE_VERSION_00000000000000000000000000000000	pyModuleUniqueHash=PY_MODULE_512fa5aa67cc77834aa18c596c931e59
name=comment_forms	qualifiedName=comment_forms	fileName=comment_forms.py	moduleKind=MODULE	packageQualifiedName=	isPackage=false	isStub=false	pythonDialect=PY3	targetVersion=3.10.4	emissionRegime=PY3_0_11	grammarUsed=TS_PYTHON3	futureImports=	encodingDeclared=utf-8	hasModuleDocstring=false	hasDunderAll=false	dunderAllIsStatic=false	dunderAllNames=	moduleInitMethodLinkHash=PY_METHOD_05dea644f9f4b3eaea9b5128a681181b	moduleScopeLinkHash=PY_SCOPE_bec2c1718cd0a225a2eb1e5543c2f946	isExternal=false	serviceVersionLinkHash=SERVICE_VERSION_00000000000000000000000000000000	pyModuleUniqueHash=PY_MODULE_898ba18a31075a2ba7818f72c287b8d1
name=comprehension_forms	qualifiedName=comprehension_forms	fileName=comprehension_forms.py	moduleKind=MODULE	packageQualifiedName=	isPackage=false	isStub=false	pythonDialect=PY3	targetVersion=3.10.4	emissionRegime=PY3_0_11	grammarUsed=TS_PYTHON3	futureImports=	encodingDeclared=	hasModuleDocstring=true	hasDunderAll=false	dunderAllIsStatic=false	dunderAllNames=	moduleInitMethodLinkHash=PY_METHOD_4517b95a683d1343bbb1233f92a58bbe	moduleScopeLinkHash=PY_SCOPE_087c0fca7b4f1d4a2a255ee52297cfe7	isExternal=false	serviceVersionLinkHash=SERVICE_VERSION_00000000000000000000000000000000	pyModuleUniqueHash=PY_MODULE_69c6710ffe12b2fc51e03f770319af1b
name=core	qualifiedName=core	fileName=__init__.py	moduleKind=PACKAGE_INIT	packageQualifiedName=	isPackage=true	isStub=false	pythonDialect=PY3	targetVersion=3.10.4	emissionRegime=PY3_0_11	grammarUsed=TS_PYTHON3	futureImports=	encodingDeclared=	hasModuleDocstring=true	hasDunderAll=false	dunderAllIsStatic=false	dunderAllNames=	moduleInitMethodLinkHash=PY_METHOD_01c3bebb1bff6ad918695ffe85de0537	moduleScopeLinkHash=PY_SCOPE_ae25a33e4888eb35b1549aba53772994	isExternal=false	serviceVersionLinkHash=SERVICE_VERSION_00000000000000000000000000000000	pyModuleUniqueHash=PY_MODULE_3a88c0862536aa27d156c4b427966eba
name=decorator_forms	qualifiedName=decorator_forms	fileName=decorator_forms.py	moduleKind=MODULE	packageQualifiedName=	isPackage=false	isStub=false	pythonDialect=PY3	targetVersion=3.10.4	emissionRegime=PY3_0_11	grammarUsed=TS_PYTHON3	futureImports=	encodingDeclared=	hasModuleDocstring=true	hasDunderAll=false	dunderAllIsStatic=false	dunderAllNames=	moduleInitMethodLinkHash=PY_METHOD_a17df08c77f94f72e87c6c74dd6c38bb	moduleScopeLinkHash=PY_SCOPE_927e244316506f8a26053ac6e0384e29	isExternal=false	serviceVersionLinkHash=SERVICE_VERSION_00000000000000000000000000000000	pyModuleUniqueHash=PY_MODULE_732c028e10cc873fb59fb05238047955
name=expression_kinds	qualifiedName=expression_kinds	fileName=expression_kinds.py	moduleKind=MODULE	packageQualifiedName=	isPackage=false	isStub=false	pythonDialect=PY3	targetVersion=3.10.4	emissionRegime=PY3_0_11	grammarUsed=TS_PYTHON3	futureImports=	encodingDeclared=	hasModuleDocstring=true	hasDunderAll=false	dunderAllIsStatic=false	dunderAllNames=	moduleInitMethodLinkHash=PY_METHOD_cd88df275d401107f3cff950f6cbd1da	moduleScopeLinkHash=PY_SCOPE_ff21a8f51a216358ba51794b565bbec4	isExternal=false	serviceVersionLinkHash=SERVICE_VERSION_00000000000000000000000000000000	pyModuleUniqueHash=PY_MODULE_02d561b0acde0974e99e75b89b4bdab0
name=factory	qualifiedName=core.factory	fileName=factory.py	moduleKind=MODULE	packageQualifiedName=core	isPackage=false	isStub=false	pythonDialect=PY3	targetVersion=3.10.4	emissionRegime=PY3_0_11	grammarUsed=TS_PYTHON3	futureImports=	encodingDeclared=	hasModuleDocstring=true	hasDunderAll=false	dunderAllIsStatic=false	dunderAllNames=	moduleInitMethodLinkHash=PY_METHOD_143372a81993ac1a50468a0a3b899e6a	moduleScopeLinkHash=PY_SCOPE_cb8cf1b1a132675a833e9bf463d4236f	isExternal=false	serviceVersionLinkHash=SERVICE_VERSION_00000000000000000000000000000000	pyModuleUniqueHash=PY_MODULE_7908beb43f8c739558eabfcf93ebca84
name=field_origins	qualifiedName=field_origins	fileName=field_origins.py	moduleKind=MODULE	packageQualifiedName=	isPackage=false	isStub=false	pythonDialect=PY3	targetVersion=3.10.4	emissionRegime=PY3_0_11	grammarUsed=TS_PYTHON3	futureImports=	encodingDeclared=	hasModuleDocstring=true	hasDunderAll=false	dunderAllIsStatic=false	dunderAllNames=	moduleInitMethodLinkHash=PY_METHOD_4b8f8a3b1df53b8f65fbb9b44a49e9b1	moduleScopeLinkHash=PY_SCOPE_e232a4d0ac3fb1fa2218eecd80bcfa25	isExternal=false	serviceVersionLinkHash=SERVICE_VERSION_00000000000000000000000000000000	pyModuleUniqueHash=PY_MODULE_d9b6cd4b9890511117f0581289c3e72e
name=import_forms	qualifiedName=import_forms	fileName=import_forms.py	moduleKind=MODULE	packageQualifiedName=	isPackage=false	isStub=false	pythonDialect=PY3	targetVersion=3.10.4	emissionRegime=PY3_0_11	grammarUsed=TS_PYTHON3	futureImports=	encodingDeclared=	hasModuleDocstring=true	hasDunderAll=false	dunderAllIsStatic=false	dunderAllNames=	moduleInitMethodLinkHash=PY_METHOD_7319a5883cb317bb8d00c5fcd889017c	moduleScopeLinkHash=PY_SCOPE_ee86e0ba67ef3d34cf7f89c57de327bd	isExternal=false	serviceVersionLinkHash=SERVICE_VERSION_00000000000000000000000000000000	pyModuleUniqueHash=PY_MODULE_de7d5596180bd49f3aca43337216ef18
name=inheritance	qualifiedName=services.inheritance	fileName=inheritance.py	moduleKind=MODULE	packageQualifiedName=services	isPackage=false	isStub=false	pythonDialect=PY3	targetVersion=3.10.4	emissionRegime=PY3_0_11	grammarUsed=TS_PYTHON3	futureImports=	encodingDeclared=	hasModuleDocstring=true	hasDunderAll=false	dunderAllIsStatic=false	dunderAllNames=	moduleInitMethodLinkHash=PY_METHOD_9285560c8f45e1e0c9ea4712a036d1ee	moduleScopeLinkHash=PY_SCOPE_c55ee4742ffe4870a08e4ccebad2d638	isExternal=false	serviceVersionLinkHash=SERVICE_VERSION_00000000000000000000000000000000	pyModuleUniqueHash=PY_MODULE_0a821397f31f9644e27278ab1de4362b
name=match_class_and_sequence_patterns	qualifiedName=match_class_and_sequence_patterns	fileName=match_class_and_sequence_patterns.py	moduleKind=MODULE	packageQualifiedName=	isPackage=false	isStub=false	pythonDialect=PY3	targetVersion=3.10.4	emissionRegime=PY3_0_11	grammarUsed=TS_PYTHON3	futureImports=	encodingDeclared=	hasModuleDocstring=true	hasDunderAll=false	dunderAllIsStatic=false	dunderAllNames=	moduleInitMethodLinkHash=PY_METHOD_a53c29102bad9dc5c290eb31b8dff4a1	moduleScopeLinkHash=PY_SCOPE_ed788e092bf33febbac1f4acd5766112	isExternal=false	serviceVersionLinkHash=SERVICE_VERSION_00000000000000000000000000000000	pyModuleUniqueHash=PY_MODULE_e8c22c801b9d7d33638ace57665fdd49
name=match_nested_patterns_and_guards	qualifiedName=match_nested_patterns_and_guards	fileName=match_nested_patterns_and_guards.py	moduleKind=MODULE	packageQualifiedName=	isPackage=false	isStub=false	pythonDialect=PY3	targetVersion=3.10.4	emissionRegime=PY3_0_11	grammarUsed=TS_PYTHON3	futureImports=	encodingDeclared=	hasModuleDocstring=true	hasDunderAll=false	dunderAllIsStatic=false	dunderAllNames=	moduleInitMethodLinkHash=PY_METHOD_c7fadbc953cbe6b4c4dbbd8e698d809a	moduleScopeLinkHash=PY_SCOPE_36fa0c472e8ad6fb04f3ec89e977d9e3	isExternal=false	serviceVersionLinkHash=SERVICE_VERSION_00000000000000000000000000000000	pyModuleUniqueHash=PY_MODULE_fcb43aba22913355ac115ae9c4556240
name=method_kinds	qualifiedName=method_kinds	fileName=method_kinds.py	moduleKind=MODULE	packageQualifiedName=	isPackage=false	isStub=false	pythonDialect=PY3	targetVersion=3.10.4	emissionRegime=PY3_0_11	grammarUsed=TS_PYTHON3	futureImports=	encodingDeclared=	hasModuleDocstring=true	hasDunderAll=false	dunderAllIsStatic=false	dunderAllNames=	moduleInitMethodLinkHash=PY_METHOD_2fec4320435a1b787306a638ecfc2b8d	moduleScopeLinkHash=PY_SCOPE_197e9dd3ebbe8029645e31505903aa28	isExternal=false	serviceVersionLinkHash=SERVICE_VERSION_00000000000000000000000000000000	pyModuleUniqueHash=PY_MODULE_7f80b0a69e6ccd5fc2e3932cc9e5dc10
name=name_mangling_edge_cases	qualifiedName=name_mangling_edge_cases	fileName=name_mangling_edge_cases.py	moduleKind=MODULE	packageQualifiedName=	isPackage=false	isStub=false	pythonDialect=PY3	targetVersion=3.10.4	emissionRegime=PY3_0_11	grammarUsed=TS_PYTHON3	futureImports=	encodingDeclared=	hasModuleDocstring=true	hasDunderAll=false	dunderAllIsStatic=false	dunderAllNames=	moduleInitMethodLinkHash=PY_METHOD_57b34b04c8f99b558638ddf8a40a1baa	moduleScopeLinkHash=PY_SCOPE_821aeba8a746c6ac062dcb1a4e10b28b	isExternal=false	serviceVersionLinkHash=SERVICE_VERSION_00000000000000000000000000000000	pyModuleUniqueHash=PY_MODULE_75dd800d24b53dd3ca1d826ca1525876
name=pkg	qualifiedName=pkg	fileName=__init__.py	moduleKind=PACKAGE_INIT	packageQualifiedName=	isPackage=true	isStub=false	pythonDialect=PY3	targetVersion=3.10.4	emissionRegime=PY3_0_11	grammarUsed=TS_PYTHON3	futureImports=	encodingDeclared=	hasModuleDocstring=true	hasDunderAll=false	dunderAllIsStatic=false	dunderAllNames=	moduleInitMethodLinkHash=PY_METHOD_8fd6187e337f1443582f663f6bb6dffc	moduleScopeLinkHash=PY_SCOPE_465f8163549af537a0cce05fed92ac1b	isExternal=false	serviceVersionLinkHash=SERVICE_VERSION_00000000000000000000000000000000	pyModuleUniqueHash=PY_MODULE_ecf4aa1a9d069c8273c1594c27e60d0f
name=reference_contexts	qualifiedName=reference_contexts	fileName=reference_contexts.py	moduleKind=MODULE	packageQualifiedName=	isPackage=false	isStub=false	pythonDialect=PY3	targetVersion=3.10.4	emissionRegime=PY3_0_11	grammarUsed=TS_PYTHON3	futureImports=	encodingDeclared=	hasModuleDocstring=true	hasDunderAll=false	dunderAllIsStatic=false	dunderAllNames=	moduleInitMethodLinkHash=PY_METHOD_09111cccab4beca1d42958ff7df904b8	moduleScopeLinkHash=PY_SCOPE_bc24a528a14657fae5774557a7e5df43	isExternal=false	serviceVersionLinkHash=SERVICE_VERSION_00000000000000000000000000000000	pyModuleUniqueHash=PY_MODULE_2ad12d409f3c3e259800bca32bb8559f
name=remaining_syntax_forms	qualifiedName=remaining_syntax_forms	fileName=remaining_syntax_forms.py	moduleKind=MODULE	packageQualifiedName=	isPackage=false	isStub=false	pythonDialect=PY3	targetVersion=3.10.4	emissionRegime=PY3_0_11	grammarUsed=TS_PYTHON3	futureImports=	encodingDeclared=	hasModuleDocstring=true	hasDunderAll=false	dunderAllIsStatic=false	dunderAllNames=	moduleInitMethodLinkHash=PY_METHOD_6fa4ea82d6c14c10951458a04c0851cd	moduleScopeLinkHash=PY_SCOPE_72da2fafab9ca96d9c1e8f5754d35ea5	isExternal=false	serviceVersionLinkHash=SERVICE_VERSION_00000000000000000000000000000000	pyModuleUniqueHash=PY_MODULE_99797da9f6b8580a03c8a2f7bf6898ea
name=resolution_edges	qualifiedName=resolution_edges	fileName=resolution_edges.py	moduleKind=MODULE	packageQualifiedName=	isPackage=false	isStub=false	pythonDialect=PY3	targetVersion=3.10.4	emissionRegime=PY3_0_11	grammarUsed=TS_PYTHON3	futureImports=	encodingDeclared=	hasModuleDocstring=true	hasDunderAll=false	dunderAllIsStatic=false	dunderAllNames=	moduleInitMethodLinkHash=PY_METHOD_d412fe49ed22aa9622c83bf628517d91	moduleScopeLinkHash=PY_SCOPE_33d28bccbcca6e2d66e4b571e4591299	isExternal=false	serviceVersionLinkHash=SERVICE_VERSION_00000000000000000000000000000000	pyModuleUniqueHash=PY_MODULE_daef721b73c8bfbcc0348299f2f7bf9a
name=scope_forms	qualifiedName=scope_forms	fileName=scope_forms.py	moduleKind=MODULE	packageQualifiedName=	isPackage=false	isStub=false	pythonDialect=PY3	targetVersion=3.10.4	emissionRegime=PY3_0_11	grammarUsed=TS_PYTHON3	futureImports=	encodingDeclared=	hasModuleDocstring=true	hasDunderAll=false	dunderAllIsStatic=false	dunderAllNames=	moduleInitMethodLinkHash=PY_METHOD_a0c7bb3ee65460a933862af91b3b6198	moduleScopeLinkHash=PY_SCOPE_c76b7cd2bfab8a5719db4f665740c394	isExternal=false	serviceVersionLinkHash=SERVICE_VERSION_00000000000000000000000000000000	pyModuleUniqueHash=PY_MODULE_f56326f63a4c5bef9294b28a4acb9abc
name=scoping_edge_cases	qualifiedName=scoping_edge_cases	fileName=scoping_edge_cases.py	moduleKind=MODULE	packageQualifiedName=	isPackage=false	isStub=false	pythonDialect=PY3	targetVersion=3.10.4	emissionRegime=PY3_0_11	grammarUsed=TS_PYTHON3	futureImports=	encodingDeclared=	hasModuleDocstring=true	hasDunderAll=false	dunderAllIsStatic=false	dunderAllNames=	moduleInitMethodLinkHash=PY_METHOD_a86c44fd87550eb3aef8b5ebfaaeec46	moduleScopeLinkHash=PY_SCOPE_917e3bc2847d8c5988f299c83dc95b45	isExternal=false	serviceVersionLinkHash=SERVICE_VERSION_00000000000000000000000000000000	pyModuleUniqueHash=PY_MODULE_7c5670e72548f0c21d5e8710e5a91903
name=service_layer	qualifiedName=service_layer	fileName=service_layer.py	moduleKind=MODULE	packageQualifiedName=	isPackage=false	isStub=false	pythonDialect=PY3	targetVersion=3.10.4	emissionRegime=PY3_0_11	grammarUsed=TS_PYTHON3	futureImports=	encodingDeclared=	hasModuleDocstring=true	hasDunderAll=false	dunderAllIsStatic=false	dunderAllNames=	moduleInitMethodLinkHash=PY_METHOD_66f621b1472c811dcd62e6afb6725548	moduleScopeLinkHash=PY_SCOPE_ba4e9fb3c060ed8e3ba5cd1a2fd0656b	isExternal=false	serviceVersionLinkHash=SERVICE_VERSION_00000000000000000000000000000000	pyModuleUniqueHash=PY_MODULE_87ff823ca7cda9220c2fe03210807591
name=services	qualifiedName=services	fileName=__init__.py	moduleKind=PACKAGE_INIT	packageQualifiedName=	isPackage=true	isStub=false	pythonDialect=PY3	targetVersion=3.10.4	emissionRegime=PY3_0_11	grammarUsed=TS_PYTHON3	futureImports=	encodingDeclared=	hasModuleDocstring=false	hasDunderAll=false	dunderAllIsStatic=false	dunderAllNames=	moduleInitMethodLinkHash=PY_METHOD_9a763ce637ab935e75c804a97901ad37	moduleScopeLinkHash=PY_SCOPE_02fb63a37b9a5f0f3d081a53b6380ef2	isExternal=false	serviceVersionLinkHash=SERVICE_VERSION_00000000000000000000000000000000	pyModuleUniqueHash=PY_MODULE_8386ba5bdccd760c86dd379c658e591d
