name=Base	qualifiedName=reference_contexts.Base	fileName=reference_contexts.py	typeCategory=CLASS_TYPE	typeAccess=PUBLIC_ACCESS	typeModifier=	typePlacement=TOP_LEVEL_PLACEMENT	startLine=5	endLine=7	isExternal=false	pyModuleLinkHash=PY_MODULE_2ad12d409f3c3e259800bca32bb8559f	enclosingTypeLinkHash=	enclosingMethodLinkHash=	scopeLinkHash=PY_SCOPE_de29b4c74da14d54fd6952ab248cff55	classInitMethodLinkHash=PY_METHOD_42aaa260016f04ddb3314366be3b16ff	declaringBindingLinkHash=PY_BINDING_f02b19fadcfb1b23daad87a895ace669	metaclassName=	baseCount=0	hasDynamicBase=false	mroKind=IMPLICIT_OBJECT	docstring=	serviceVersionLinkHash=SERVICE_VERSION_00000000000000000000000000000000	pyTypeUniqueHash=PY_TYPE_362c5489dff51a1f3b1124e5bed6ac2e
name=Base	qualifiedName=resolution_edges.Base	fileName=resolution_edges.py	typeCategory=CLASS_TYPE	typeAccess=PUBLIC_ACCESS	typeModifier=	typePlacement=TOP_LEVEL_PLACEMENT	startLine=9	endLine=14	isExternal=false	pyModuleLinkHash=PY_MODULE_daef721b73c8bfbcc0348299f2f7bf9a	enclosingTypeLinkHash=	enclosingMethodLinkHash=	scopeLinkHash=PY_SCOPE_9cd5f84a56248d57086485664bf37f58	classInitMethodLinkHash=PY_METHOD_dc7585ef9ab150a98a87268e7ad71142	declaringBindingLinkHash=PY_BINDING_8a258d578917bb58250fe65b4031d7aa	metaclassName=	baseCount=0	hasDynamicBase=false	mroKind=IMPLICIT_OBJECT	docstring=	serviceVersionLinkHash=SERVICE_VERSION_00000000000000000000000000000000	pyTypeUniqueHash=PY_TYPE_ac74f38a005c7d51233bf10afc324bb2
name=Builder	qualifiedName=core.factory.Builder	fileName=factory.py	typeCategory=CLASS_TYPE	typeAccess=PUBLIC_ACCESS	typeModifier=	typePlacement=TOP_LEVEL_PLACEMENT	startLine=5	endLine=23	isExternal=false	pyModuleLinkHash=PY_MODULE_7908beb43f8c739558eabfcf93ebca84	enclosingTypeLinkHash=	enclosingMethodLinkHash=	scopeLinkHash=PY_SCOPE_2b6216f8d5e2094a8485583090d9d8ff	classInitMethodLinkHash=PY_METHOD_bf54d5a087fa91377bd850b01c53613b	declaringBindingLinkHash=PY_BINDING_4160ce48c3fa000f45971afe7afb2519	metaclassName=	baseCount=0	hasDynamicBase=false	mroKind=IMPLICIT_OBJECT	docstring=	serviceVersionLinkHash=SERVICE_VERSION_00000000000000000000000000000000	pyTypeUniqueHash=PY_TYPE_bf6354f36ebb9ff7d338d07707f4d6c9
name=Chained	qualifiedName=resolution_edges.Chained	fileName=resolution_edges.py	typeCategory=CLASS_TYPE	typeAccess=PUBLIC_ACCESS	typeModifier=	typePlacement=TOP_LEVEL_PLACEMENT	startLine=65	endLine=74	isExternal=false	pyModuleLinkHash=PY_MODULE_daef721b73c8bfbcc0348299f2f7bf9a	enclosingTypeLinkHash=	enclosingMethodLinkHash=	scopeLinkHash=PY_SCOPE_e006466a7e349c72fb79c626f8372113	classInitMethodLinkHash=PY_METHOD_6f2bec3a0e9643817d20e38e4f37e74e	declaringBindingLinkHash=PY_BINDING_3e47f587b3781756805625708b8d2f43	metaclassName=	baseCount=0	hasDynamicBase=false	mroKind=IMPLICIT_OBJECT	docstring=	serviceVersionLinkHash=SERVICE_VERSION_00000000000000000000000000000000	pyTypeUniqueHash=PY_TYPE_35883ba9ad396e2203b42abef9e1d7c9
name=ClassMethodFactory	qualifiedName=resolution_edges.ClassMethodFactory	fileName=resolution_edges.py	typeCategory=CLASS_TYPE	typeAccess=PUBLIC_ACCESS	typeModifier=	typePlacement=TOP_LEVEL_PLACEMENT	startLine=52	endLine=62	isExternal=false	pyModuleLinkHash=PY_MODULE_daef721b73c8bfbcc0348299f2f7bf9a	enclosingTypeLinkHash=	enclosingMethodLinkHash=	scopeLinkHash=PY_SCOPE_96054697532887b7833f685e97275fff	classInitMethodLinkHash=PY_METHOD_c3626c958d99e1b215815a371f7a9823	declaringBindingLinkHash=PY_BINDING_d08b03a51f1101f934e3c2c5d520b422	metaclassName=	baseCount=0	hasDynamicBase=false	mroKind=IMPLICIT_OBJECT	docstring=	serviceVersionLinkHash=SERVICE_VERSION_00000000000000000000000000000000	pyTypeUniqueHash=PY_TYPE_bd7d395e13e5c973a6e8538aced32fab
name=ClassScope	qualifiedName=scope_forms.ClassScope	fileName=scope_forms.py	typeCategory=CLASS_TYPE	typeAccess=PUBLIC_ACCESS	typeModifier=	typePlacement=TOP_LEVEL_PLACEMENT	startLine=52	endLine=62	isExternal=false	pyModuleLinkHash=PY_MODULE_f56326f63a4c5bef9294b28a4acb9abc	enclosingTypeLinkHash=	enclosingMethodLinkHash=	scopeLinkHash=PY_SCOPE_b07467d4dae81fa94e59d007f6d681d1	classInitMethodLinkHash=PY_METHOD_3dc25dc7b723f7268dbfeaff9891d7bf	declaringBindingLinkHash=PY_BINDING_67343327a4f145ab8ca7ed10009b5098	metaclassName=	baseCount=0	hasDynamicBase=false	mroKind=IMPLICIT_OBJECT	docstring=	serviceVersionLinkHash=SERVICE_VERSION_00000000000000000000000000000000	pyTypeUniqueHash=PY_TYPE_e61b2b74f7302f1be447bd28221d2310
name=ClassScopeIsInvisibleToComprehensions	qualifiedName=scoping_edge_cases.ClassScopeIsInvisibleToComprehensions	fileName=scoping_edge_cases.py	typeCategory=CLASS_TYPE	typeAccess=PUBLIC_ACCESS	typeModifier=	typePlacement=TOP_LEVEL_PLACEMENT	startLine=20	endLine=37	isExternal=false	pyModuleLinkHash=PY_MODULE_7c5670e72548f0c21d5e8710e5a91903	enclosingTypeLinkHash=	enclosingMethodLinkHash=	scopeLinkHash=PY_SCOPE_8fee8e657598bb02a681c0cde98185d7	classInitMethodLinkHash=PY_METHOD_0111e5ac08669932693b6fc18ff50845	declaringBindingLinkHash=PY_BINDING_1cb4db8685d6615b28299e7f44ae6dc6	metaclassName=	baseCount=0	hasDynamicBase=false	mroKind=IMPLICIT_OBJECT	docstring=The single most common Python scoping surprise.	serviceVersionLinkHash=SERVICE_VERSION_00000000000000000000000000000000	pyTypeUniqueHash=PY_TYPE_b4aa287abde8dbb60cac1736e458094f
name=ClassScopeIsInvisibleToMethods	qualifiedName=scoping_edge_cases.ClassScopeIsInvisibleToMethods	fileName=scoping_edge_cases.py	typeCategory=CLASS_TYPE	typeAccess=PUBLIC_ACCESS	typeModifier=	typePlacement=TOP_LEVEL_PLACEMENT	startLine=40	endLine=55	isExternal=false	pyModuleLinkHash=PY_MODULE_7c5670e72548f0c21d5e8710e5a91903	enclosingTypeLinkHash=	enclosingMethodLinkHash=	scopeLinkHash=PY_SCOPE_94ce60653e15775777c7c5494482ae1c	classInitMethodLinkHash=PY_METHOD_e91d423ebc4a5c67fd8181c0967fca3d	declaringBindingLinkHash=PY_BINDING_a2d00e589edd61c91c26061b1d9fce46	metaclassName=	baseCount=0	hasDynamicBase=false	mroKind=IMPLICIT_OBJECT	docstring=	serviceVersionLinkHash=SERVICE_VERSION_00000000000000000000000000000000	pyTypeUniqueHash=PY_TYPE_cb9da9964bc3c43761a4e1269506effe
name=Colour	qualifiedName=class_forms.Colour	fileName=class_forms.py	typeCategory=ENUM_CLASS_TYPE	typeAccess=PUBLIC_ACCESS	typeModifier=	typePlacement=TOP_LEVEL_PLACEMENT	startLine=29	endLine=31	isExternal=false	pyModuleLinkHash=PY_MODULE_512fa5aa67cc77834aa18c596c931e59	enclosingTypeLinkHash=	enclosingMethodLinkHash=	scopeLinkHash=PY_SCOPE_8010581d6b617d5c67b180c4888bfcb6	classInitMethodLinkHash=PY_METHOD_144658293d0118cfa5e50de495479e83	declaringBindingLinkHash=PY_BINDING_4cf3b82a2ae60db3aa4f4f1fd3d479ab	metaclassName=	baseCount=1	hasDynamicBase=false	mroKind=SINGLE_INHERITANCE	docstring=	serviceVersionLinkHash=SERVICE_VERSION_00000000000000000000000000000000	pyTypeUniqueHash=PY_TYPE_9e523515e44d6cfd9bc7abbd870a39fc
name=Command	qualifiedName=match_nested_patterns_and_guards.Command	fileName=match_nested_patterns_and_guards.py	typeCategory=DATACLASS_TYPE	typeAccess=PUBLIC_ACCESS	typeModifier=	typePlacement=TOP_LEVEL_PLACEMENT	startLine=16	endLine=18	isExternal=false	pyModuleLinkHash=PY_MODULE_fcb43aba22913355ac115ae9c4556240	enclosingTypeLinkHash=	enclosingMethodLinkHash=	scopeLinkHash=PY_SCOPE_a39fac0f02d09bd29aeb1df9eec23605	classInitMethodLinkHash=PY_METHOD_acc1119135cb0d0032ce0c653d4e2fd6	declaringBindingLinkHash=PY_BINDING_dda8fc7b649c04a71948cc5078d626bf	metaclassName=	baseCount=0	hasDynamicBase=false	mroKind=IMPLICIT_OBJECT	docstring=	serviceVersionLinkHash=SERVICE_VERSION_00000000000000000000000000000000	pyTypeUniqueHash=PY_TYPE_0d090a4533bb97a6729a4b05d91e8042
name=Counter	qualifiedName=scoping_edge_cases.outer_with_nested_class.<locals>.Counter	fileName=scoping_edge_cases.py	typeCategory=CLASS_TYPE	typeAccess=PUBLIC_ACCESS	typeModifier=	typePlacement=LOCAL_PLACEMENT	startLine=65	endLine=73	isExternal=false	pyModuleLinkHash=PY_MODULE_7c5670e72548f0c21d5e8710e5a91903	enclosingTypeLinkHash=	enclosingMethodLinkHash=PY_METHOD_780d9ad188930a9879ddcb349fd305ef	scopeLinkHash=PY_SCOPE_7d844229e5d5989478ffff3e7465b7f2	classInitMethodLinkHash=PY_METHOD_af3e5cc844e5cbb898c2d8e0426b20a4	declaringBindingLinkHash=PY_BINDING_910504ba3bc9291fd58b88099f210cd5	metaclassName=	baseCount=0	hasDynamicBase=false	mroKind=IMPLICIT_OBJECT	docstring=	serviceVersionLinkHash=SERVICE_VERSION_00000000000000000000000000000000	pyTypeUniqueHash=PY_TYPE_7277f9addb7736299c6b401ea59f1a08
name=DecoratedClass	qualifiedName=decorator_forms.DecoratedClass	fileName=decorator_forms.py	typeCategory=CLASS_TYPE	typeAccess=PUBLIC_ACCESS	typeModifier=	typePlacement=TOP_LEVEL_PLACEMENT	startLine=65	endLine=67	isExternal=false	pyModuleLinkHash=PY_MODULE_732c028e10cc873fb59fb05238047955	enclosingTypeLinkHash=	enclosingMethodLinkHash=	scopeLinkHash=PY_SCOPE_6ee1386f9855d5bcf9405081eec3d1be	classInitMethodLinkHash=PY_METHOD_3d38cb5c9ba588c57d7b28b9d5038bc1	declaringBindingLinkHash=PY_BINDING_632ae3358bb8446a3dda13059fa3db4b	metaclassName=	baseCount=0	hasDynamicBase=false	mroKind=IMPLICIT_OBJECT	docstring=	serviceVersionLinkHash=SERVICE_VERSION_00000000000000000000000000000000	pyTypeUniqueHash=PY_TYPE_c89bdb3bb611e4375b4c9e860054a638
name=DeepLeaf	qualifiedName=services.inheritance.DeepLeaf	fileName=inheritance.py	typeCategory=CLASS_TYPE	typeAccess=PUBLIC_ACCESS	typeModifier=	typePlacement=TOP_LEVEL_PLACEMENT	startLine=16	endLine=18	isExternal=false	pyModuleLinkHash=PY_MODULE_0a821397f31f9644e27278ab1de4362b	enclosingTypeLinkHash=	enclosingMethodLinkHash=	scopeLinkHash=PY_SCOPE_cf4a3e5599078d61143525624a451043	classInitMethodLinkHash=PY_METHOD_5e82f5efb80d09d2841ec711149e3c33	declaringBindingLinkHash=PY_BINDING_5de6671e959428a80b7f6e01729562ce	metaclassName=	baseCount=1	hasDynamicBase=false	mroKind=SINGLE_INHERITANCE	docstring=	serviceVersionLinkHash=SERVICE_VERSION_00000000000000000000000000000000	pyTypeUniqueHash=PY_TYPE_834321b821663a60dfa7d7e9704dc276
name=Derived	qualifiedName=class_forms.Derived	fileName=class_forms.py	typeCategory=CLASS_TYPE	typeAccess=PUBLIC_ACCESS	typeModifier=	typePlacement=TOP_LEVEL_PLACEMENT	startLine=11	endLine=13	isExternal=false	pyModuleLinkHash=PY_MODULE_512fa5aa67cc77834aa18c596c931e59	enclosingTypeLinkHash=	enclosingMethodLinkHash=	scopeLinkHash=PY_SCOPE_22452f247e2abe0c91b7b8b3a683e2c9	classInitMethodLinkHash=PY_METHOD_1b6634577019dbf156572e1be0170d2c	declaringBindingLinkHash=PY_BINDING_824a00845d1451403f56a59fcbd01b95	metaclassName=	baseCount=1	hasDynamicBase=false	mroKind=SINGLE_INHERITANCE	docstring=	serviceVersionLinkHash=SERVICE_VERSION_00000000000000000000000000000000	pyTypeUniqueHash=PY_TYPE_e23a2272c26b8aa8b67ae25ac452b1c4
name=Diamond	qualifiedName=resolution_edges.Diamond	fileName=resolution_edges.py	typeCategory=CLASS_TYPE	typeAccess=PUBLIC_ACCESS	typeModifier=	typePlacement=TOP_LEVEL_PLACEMENT	startLine=27	endLine=31	isExternal=false	pyModuleLinkHash=PY_MODULE_daef721b73c8bfbcc0348299f2f7bf9a	enclosingTypeLinkHash=	enclosingMethodLinkHash=	scopeLinkHash=PY_SCOPE_c11aa04310c6ac0bc503c9da873e81e5	classInitMethodLinkHash=PY_METHOD_31c888c6be53fecf1b2f824bf1f19c39	declaringBindingLinkHash=PY_BINDING_0214352337c9c820968b48de734b271d	metaclassName=	baseCount=2	hasDynamicBase=false	mroKind=C3_LINEARIZABLE	docstring=C3 puts Left before Right; `shared` comes from Base through both.	serviceVersionLinkHash=SERVICE_VERSION_00000000000000000000000000000000	pyTypeUniqueHash=PY_TYPE_b2ac8d252bb014bc57de1b1b81de26d9
name=Documented	qualifiedName=comment_forms.Documented	fileName=comment_forms.py	typeCategory=CLASS_TYPE	typeAccess=PUBLIC_ACCESS	typeModifier=	typePlacement=TOP_LEVEL_PLACEMENT	startLine=11	endLine=20	isExternal=false	pyModuleLinkHash=PY_MODULE_898ba18a31075a2ba7818f72c287b8d1	enclosingTypeLinkHash=	enclosingMethodLinkHash=	scopeLinkHash=PY_SCOPE_588b44905b5c6176835a13dfd57f410c	classInitMethodLinkHash=PY_METHOD_a62eba080c6c38369a95505297c000c1	declaringBindingLinkHash=PY_BINDING_491c65c28be8c0ea73577e4074c6a549	metaclassName=	baseCount=0	hasDynamicBase=false	mroKind=IMPLICIT_OBJECT	docstring=Class docstring — DOCSTRING_CLASS.	serviceVersionLinkHash=SERVICE_VERSION_00000000000000000000000000000000	pyTypeUniqueHash=PY_TYPE_ba2fbe8e09ca96c2ac317281255eb0d6
name=Event	qualifiedName=match_nested_patterns_and_guards.Event	fileName=match_nested_patterns_and_guards.py	typeCategory=DATACLASS_TYPE	typeAccess=PUBLIC_ACCESS	typeModifier=	typePlacement=TOP_LEVEL_PLACEMENT	startLine=10	endLine=12	isExternal=false	pyModuleLinkHash=PY_MODULE_fcb43aba22913355ac115ae9c4556240	enclosingTypeLinkHash=	enclosingMethodLinkHash=	scopeLinkHash=PY_SCOPE_6befd2419f4b4dc5a632146657e19934	classInitMethodLinkHash=PY_METHOD_49fa67007e4e879794682859d6866795	declaringBindingLinkHash=PY_BINDING_8d53ed50e1547184bbfa1055689eac3b	metaclassName=	baseCount=0	hasDynamicBase=false	mroKind=IMPLICIT_OBJECT	docstring=	serviceVersionLinkHash=SERVICE_VERSION_00000000000000000000000000000000	pyTypeUniqueHash=PY_TYPE_2ce58f5e8c9675c1e0fd5c50ffba85b9
name=Guard	qualifiedName=block_forms.Guard	fileName=block_forms.py	typeCategory=CLASS_TYPE	typeAccess=PUBLIC_ACCESS	typeModifier=	typePlacement=TOP_LEVEL_PLACEMENT	startLine=4	endLine=11	isExternal=false	pyModuleLinkHash=PY_MODULE_4b037be4bfee21f42c86ed8be4545f2b	enclosingTypeLinkHash=	enclosingMethodLinkHash=	scopeLinkHash=PY_SCOPE_9b7f9ef7dffe9f0759260a1b60ccefff	classInitMethodLinkHash=PY_METHOD_9e7ea6a0d5eac2e21f95e64646f7dc94	declaringBindingLinkHash=PY_BINDING_0e801d0f96d4c8a69cfb2ab6994cf2da	metaclassName=	baseCount=0	hasDynamicBase=false	mroKind=IMPLICIT_OBJECT	docstring=	serviceVersionLinkHash=SERVICE_VERSION_00000000000000000000000000000000	pyTypeUniqueHash=PY_TYPE_1c6b35d525295d3a2c4cffc78afc2d19
name=Holder	qualifiedName=expression_kinds.Holder	fileName=expression_kinds.py	typeCategory=CLASS_TYPE	typeAccess=PUBLIC_ACCESS	typeModifier=	typePlacement=TOP_LEVEL_PLACEMENT	startLine=4	endLine=9	isExternal=false	pyModuleLinkHash=PY_MODULE_02d561b0acde0974e99e75b89b4bdab0	enclosingTypeLinkHash=	enclosingMethodLinkHash=	scopeLinkHash=PY_SCOPE_4955c29831ec8e1aa3927271bd942ded	classInitMethodLinkHash=PY_METHOD_9ac44f0e9f1793032cc8d00e407939ba	declaringBindingLinkHash=PY_BINDING_043f5e45df615b5a93dbef40c7db296e	metaclassName=	baseCount=0	hasDynamicBase=false	mroKind=IMPLICIT_OBJECT	docstring=	serviceVersionLinkHash=SERVICE_VERSION_00000000000000000000000000000000	pyTypeUniqueHash=PY_TYPE_b2f97d5a7e48f40b008fc644ae603fdf
name=InClassBody	qualifiedName=comprehension_forms.InClassBody	fileName=comprehension_forms.py	typeCategory=CLASS_TYPE	typeAccess=PUBLIC_ACCESS	typeModifier=	typePlacement=TOP_LEVEL_PLACEMENT	startLine=36	endLine=40	isExternal=false	pyModuleLinkHash=PY_MODULE_69c6710ffe12b2fc51e03f770319af1b	enclosingTypeLinkHash=	enclosingMethodLinkHash=	scopeLinkHash=PY_SCOPE_0eb6bab9e6acac44446c97260fc33cb8	classInitMethodLinkHash=PY_METHOD_42c8846be40713cf3ca12930fe7c6a4f	declaringBindingLinkHash=PY_BINDING_cb7d0e6291bb144a698fec0ffd6a9289	metaclassName=	baseCount=0	hasDynamicBase=false	mroKind=IMPLICIT_OBJECT	docstring=	serviceVersionLinkHash=SERVICE_VERSION_00000000000000000000000000000000	pyTypeUniqueHash=PY_TYPE_1e732b162f5deaead4b2e1751fdc8b5f
name=Inner	qualifiedName=class_forms.Nested.Inner	fileName=class_forms.py	typeCategory=CLASS_TYPE	typeAccess=PUBLIC_ACCESS	typeModifier=	typePlacement=NESTED_PLACEMENT	startLine=44	endLine=46	isExternal=false	pyModuleLinkHash=PY_MODULE_512fa5aa67cc77834aa18c596c931e59	enclosingTypeLinkHash=PY_TYPE_744b4b0f1a4d5bf46220c5cb58e42c3f	enclosingMethodLinkHash=	scopeLinkHash=PY_SCOPE_3dbf63b7888174cdeb4e13b1f4080b47	classInitMethodLinkHash=PY_METHOD_51766d4494dce04a7b2522ae05b6f4c5	declaringBindingLinkHash=PY_BINDING_1c37e8d67d9e74b5e14eee9cdb0dd67b	metaclassName=	baseCount=0	hasDynamicBase=false	mroKind=IMPLICIT_OBJECT	docstring=	serviceVersionLinkHash=SERVICE_VERSION_00000000000000000000000000000000	pyTypeUniqueHash=PY_TYPE_a23987cb7a40b27fa4b78e04a55cb020
name=Inner	qualifiedName=name_mangling_edge_cases.Outer.Inner	fileName=name_mangling_edge_cases.py	typeCategory=CLASS_TYPE	typeAccess=PUBLIC_ACCESS	typeModifier=	typePlacement=NESTED_PLACEMENT	startLine=26	endLine=32	isExternal=false	pyModuleLinkHash=PY_MODULE_75dd800d24b53dd3ca1d826ca1525876	enclosingTypeLinkHash=PY_TYPE_fd26c3cd94bd9663ee01dd2cfe94159d	enclosingMethodLinkHash=	scopeLinkHash=PY_SCOPE_3bdaae217944a7f8edc08994b388fb91	classInitMethodLinkHash=PY_METHOD_043f415f7d8d475fb715a5169a45194e	declaringBindingLinkHash=PY_BINDING_5bbc45bc5f0bc1aab474ebb1d46378bf	metaclassName=	baseCount=0	hasDynamicBase=false	mroKind=IMPLICIT_OBJECT	docstring=	serviceVersionLinkHash=SERVICE_VERSION_00000000000000000000000000000000	pyTypeUniqueHash=PY_TYPE_e0b00a82da98016f61db58a6de64ca3a
name=Kinds	qualifiedName=method_kinds.Kinds	fileName=method_kinds.py	typeCategory=ABC_TYPE	typeAccess=PUBLIC_ACCESS	typeModifier=ABSTRACT	typePlacement=TOP_LEVEL_PLACEMENT	startLine=6	endLine=45	isExternal=false	pyModuleLinkHash=PY_MODULE_7f80b0a69e6ccd5fc2e3932cc9e5dc10	enclosingTypeLinkHash=	enclosingMethodLinkHash=	scopeLinkHash=PY_SCOPE_a104012af032727029955560be31432c	classInitMethodLinkHash=PY_METHOD_c67465592507c95e5bb63daa50f3abed	declaringBindingLinkHash=PY_BINDING_f2af28a07ce805af452792afa7406b94	metaclassName=	baseCount=1	hasDynamicBase=false	mroKind=SINGLE_INHERITANCE	docstring=	serviceVersionLinkHash=SERVICE_VERSION_00000000000000000000000000000000	pyTypeUniqueHash=PY_TYPE_a1bd5124fede6d4f3504a0dd00092899
name=Leaf	qualifiedName=core.base.Leaf	fileName=base.py	typeCategory=CLASS_TYPE	typeAccess=PUBLIC_ACCESS	typeModifier=	typePlacement=TOP_LEVEL_PLACEMENT	startLine=20	endLine=23	isExternal=false	pyModuleLinkHash=PY_MODULE_0af7a9df251376bafe876afe4a32f46e	enclosingTypeLinkHash=	enclosingMethodLinkHash=	scopeLinkHash=PY_SCOPE_0f390926f150c4928fbc89deca85592b	classInitMethodLinkHash=PY_METHOD_d850f1514cd9229e64c0828e6ec3095b	declaringBindingLinkHash=PY_BINDING_5eb56147bd8d4b6a1a3035fa3830a5b3	metaclassName=	baseCount=1	hasDynamicBase=false	mroKind=SINGLE_INHERITANCE	docstring=	serviceVersionLinkHash=SERVICE_VERSION_00000000000000000000000000000000	pyTypeUniqueHash=PY_TYPE_50545579e02058f8c7ab2e28c6b40e6a
name=Left	qualifiedName=resolution_edges.Left	fileName=resolution_edges.py	typeCategory=CLASS_TYPE	typeAccess=PUBLIC_ACCESS	typeModifier=	typePlacement=TOP_LEVEL_PLACEMENT	startLine=17	endLine=19	isExternal=false	pyModuleLinkHash=PY_MODULE_daef721b73c8bfbcc0348299f2f7bf9a	enclosingTypeLinkHash=	enclosingMethodLinkHash=	scopeLinkHash=PY_SCOPE_fbe283d1d563c3ed8fc3c19b5f789dcb	classInitMethodLinkHash=PY_METHOD_e2216fd80538080739cc7789169d0ae2	declaringBindingLinkHash=PY_BINDING_dbbfc3804acc95bb72e8255db3941d98	metaclassName=	baseCount=1	hasDynamicBase=false	mroKind=SINGLE_INHERITANCE	docstring=	serviceVersionLinkHash=SERVICE_VERSION_00000000000000000000000000000000	pyTypeUniqueHash=PY_TYPE_97961fc0439b80bc2765dc863bbe1c35
name=LocalError	qualifiedName=reference_contexts.LocalError	fileName=reference_contexts.py	typeCategory=EXCEPTION_CLASS_TYPE	typeAccess=PUBLIC_ACCESS	typeModifier=	typePlacement=TOP_LEVEL_PLACEMENT	startLine=35	endLine=38	isExternal=false	pyModuleLinkHash=PY_MODULE_2ad12d409f3c3e259800bca32bb8559f	enclosingTypeLinkHash=	enclosingMethodLinkHash=	scopeLinkHash=PY_SCOPE_6df096aded6cb4d34aa1ee9642db3b68	classInitMethodLinkHash=PY_METHOD_ed9335a57d9fa772d2485e418aa11268	declaringBindingLinkHash=PY_BINDING_cd937472c5130c7ecf9cc9a763d88066	metaclassName=	baseCount=1	hasDynamicBase=false	mroKind=SINGLE_INHERITANCE	docstring=Declared in-root so `raise LocalError(...)` resolves; a bare ValueError() is a builtin the parser does not currently flag as one (filed for A3), which would cost this file its place in the golden corpus.	serviceVersionLinkHash=SERVICE_VERSION_00000000000000000000000000000000	pyTypeUniqueHash=PY_TYPE_cb754447970b86a6a5c92e1cb57555d4
name=Meta	qualifiedName=class_forms.Meta	fileName=class_forms.py	typeCategory=METACLASS_TYPE	typeAccess=PUBLIC_ACCESS	typeModifier=	typePlacement=TOP_LEVEL_PLACEMENT	startLine=34	endLine=35	isExternal=false	pyModuleLinkHash=PY_MODULE_512fa5aa67cc77834aa18c596c931e59	enclosingTypeLinkHash=	enclosingMethodLinkHash=	scopeLinkHash=PY_SCOPE_794c1c5728b59ff2cc111b8f25750fc5	classInitMethodLinkHash=PY_METHOD_6aceb35692e2cfc85e74fe218ccef82a	declaringBindingLinkHash=PY_BINDING_03f663a41b9d4ebe766936b7f47bd3af	metaclassName=	baseCount=1	hasDynamicBase=false	mroKind=SINGLE_INHERITANCE	docstring=	serviceVersionLinkHash=SERVICE_VERSION_00000000000000000000000000000000	pyTypeUniqueHash=PY_TYPE_a22e06fd098af9d04885e6cfc8e4db85
name=Multi	qualifiedName=class_forms.Multi	fileName=class_forms.py	typeCategory=ABC_TYPE	typeAccess=PUBLIC_ACCESS	typeModifier=ABSTRACT	typePlacement=TOP_LEVEL_PLACEMENT	startLine=16	endLine=18	isExternal=false	pyModuleLinkHash=PY_MODULE_512fa5aa67cc77834aa18c596c931e59	enclosingTypeLinkHash=	enclosingMethodLinkHash=	scopeLinkHash=PY_SCOPE_3b953a9d084375e361f5835674b875a1	classInitMethodLinkHash=PY_METHOD_16f297b7bc40b287aeff090078ffc5c7	declaringBindingLinkHash=PY_BINDING_f727fd0e9466e14f18c86868be8e5450	metaclassName=	baseCount=2	hasDynamicBase=false	mroKind=C3_LINEARIZABLE	docstring=	serviceVersionLinkHash=SERVICE_VERSION_00000000000000000000000000000000	pyTypeUniqueHash=PY_TYPE_096510570e66f2c2f8c16790dc103c81
name=Mutual	qualifiedName=resolution_edges.Mutual	fileName=resolution_edges.py	typeCategory=CLASS_TYPE	typeAccess=PUBLIC_ACCESS	typeModifier=	typePlacement=TOP_LEVEL_PLACEMENT	startLine=84	endLine=89	isExternal=false	pyModuleLinkHash=PY_MODULE_daef721b73c8bfbcc0348299f2f7bf9a	enclosingTypeLinkHash=	enclosingMethodLinkHash=	scopeLinkHash=PY_SCOPE_6f50f93077aff9a1c9af69b189b3d4ae	classInitMethodLinkHash=PY_METHOD_e506e6f485c54e6c8c4d7f1898ba8681	declaringBindingLinkHash=PY_BINDING_7c4bcb36326970b24855c0bca793c712	metaclassName=	baseCount=0	hasDynamicBase=false	mroKind=IMPLICIT_OBJECT	docstring=	serviceVersionLinkHash=SERVICE_VERSION_00000000000000000000000000000000	pyTypeUniqueHash=PY_TYPE_718772f9d9683736d0bb5e302f1cfca2
name=Named	qualifiedName=field_origins.Named	fileName=field_origins.py	typeCategory=NAMEDTUPLE_TYPE	typeAccess=PUBLIC_ACCESS	typeModifier=	typePlacement=TOP_LEVEL_PLACEMENT	startLine=26	endLine=28	isExternal=false	pyModuleLinkHash=PY_MODULE_d9b6cd4b9890511117f0581289c3e72e	enclosingTypeLinkHash=	enclosingMethodLinkHash=	scopeLinkHash=PY_SCOPE_c2f192b57e58c9a960daaff962202a59	classInitMethodLinkHash=PY_METHOD_0d402bd85c1f1ec50035c3a66e3b7540	declaringBindingLinkHash=PY_BINDING_63246f1fe69af982f4a4e1b2080a992e	metaclassName=	baseCount=1	hasDynamicBase=false	mroKind=SINGLE_INHERITANCE	docstring=	serviceVersionLinkHash=SERVICE_VERSION_00000000000000000000000000000000	pyTypeUniqueHash=PY_TYPE_57e2471ba226031232617e9a2c039483
name=Nested	qualifiedName=class_forms.Nested	fileName=class_forms.py	typeCategory=CLASS_TYPE	typeAccess=PUBLIC_ACCESS	typeModifier=	typePlacement=TOP_LEVEL_PLACEMENT	startLine=43	endLine=46	isExternal=false	pyModuleLinkHash=PY_MODULE_512fa5aa67cc77834aa18c596c931e59	enclosingTypeLinkHash=	enclosingMethodLinkHash=	scopeLinkHash=PY_SCOPE_443b9b602e18ba33a0d3f3880e4f02a3	classInitMethodLinkHash=PY_METHOD_e402cd5c9b9d5c24cf962a7143270815	declaringBindingLinkHash=PY_BINDING_24734235a0cd0e3649eed0293668657d	metaclassName=	baseCount=0	hasDynamicBase=false	mroKind=IMPLICIT_OBJECT	docstring=	serviceVersionLinkHash=SERVICE_VERSION_00000000000000000000000000000000	pyTypeUniqueHash=PY_TYPE_744b4b0f1a4d5bf46220c5cb58e42c3f
name=NestedClassInsideFunction	qualifiedName=scoping_edge_cases.NestedClassInsideFunction	fileName=scoping_edge_cases.py	typeCategory=CLASS_TYPE	typeAccess=PUBLIC_ACCESS	typeModifier=	typePlacement=TOP_LEVEL_PLACEMENT	startLine=58	endLine=59	isExternal=false	pyModuleLinkHash=PY_MODULE_7c5670e72548f0c21d5e8710e5a91903	enclosingTypeLinkHash=	enclosingMethodLinkHash=	scopeLinkHash=PY_SCOPE_e97047355ca087957aa98aef05a67e9c	classInitMethodLinkHash=PY_METHOD_f69fa5827dc97a17d17c40a0333da269	declaringBindingLinkHash=PY_BINDING_4aaead8a10108a6ec8ac14e0a0d02540	metaclassName=	baseCount=0	hasDynamicBase=false	mroKind=IMPLICIT_OBJECT	docstring=	serviceVersionLinkHash=SERVICE_VERSION_00000000000000000000000000000000	pyTypeUniqueHash=PY_TYPE_dc6f20f1a203e0dd5ac8da053636aa64
name=Node	qualifiedName=core.base.Node	fileName=base.py	typeCategory=CLASS_TYPE	typeAccess=PUBLIC_ACCESS	typeModifier=	typePlacement=TOP_LEVEL_PLACEMENT	startLine=4	endLine=17	isExternal=false	pyModuleLinkHash=PY_MODULE_0af7a9df251376bafe876afe4a32f46e	enclosingTypeLinkHash=	enclosingMethodLinkHash=	scopeLinkHash=PY_SCOPE_5640d4d8ce7d21516c1b418eaf0ee86c	classInitMethodLinkHash=PY_METHOD_dc325994560ee13b3e5674ef87f1e04b	declaringBindingLinkHash=PY_BINDING_ac074a6794d0cfd12c3047cf56b9d9d3	metaclassName=	baseCount=0	hasDynamicBase=false	mroKind=IMPLICIT_OBJECT	docstring=	serviceVersionLinkHash=SERVICE_VERSION_00000000000000000000000000000000	pyTypeUniqueHash=PY_TYPE_114cb72d42012abcb4ffcbce3bc6a345
name=Origins	qualifiedName=field_origins.Origins	fileName=field_origins.py	typeCategory=CLASS_TYPE	typeAccess=PUBLIC_ACCESS	typeModifier=SLOTS	typePlacement=TOP_LEVEL_PLACEMENT	startLine=6	endLine=14	isExternal=false	pyModuleLinkHash=PY_MODULE_d9b6cd4b9890511117f0581289c3e72e	enclosingTypeLinkHash=	enclosingMethodLinkHash=	scopeLinkHash=PY_SCOPE_fb281e220357b6abc1972bbb5284fcf2	classInitMethodLinkHash=PY_METHOD_f10cc4e69a13051537af4113dd80708e	declaringBindingLinkHash=PY_BINDING_0b329f307d1ee5d7b6a268c6de19d1ce	metaclassName=	baseCount=0	hasDynamicBase=false	mroKind=IMPLICIT_OBJECT	docstring=	serviceVersionLinkHash=SERVICE_VERSION_00000000000000000000000000000000	pyTypeUniqueHash=PY_TYPE_8e5e7ae02d7e897e2dae13f4d1fc41bc
name=Outer	qualifiedName=name_mangling_edge_cases.Outer	fileName=name_mangling_edge_cases.py	typeCategory=CLASS_TYPE	typeAccess=PUBLIC_ACCESS	typeModifier=	typePlacement=TOP_LEVEL_PLACEMENT	startLine=23	endLine=53	isExternal=false	pyModuleLinkHash=PY_MODULE_75dd800d24b53dd3ca1d826ca1525876	enclosingTypeLinkHash=	enclosingMethodLinkHash=	scopeLinkHash=PY_SCOPE_1f5611f6bc0f2a70108e63a8156e8dc9	classInitMethodLinkHash=PY_METHOD_df3b8ef92aba6094783369578b5c41be	declaringBindingLinkHash=PY_BINDING_6b14b83ca39c341961ea786be57f0eb5	metaclassName=	baseCount=0	hasDynamicBase=false	mroKind=IMPLICIT_OBJECT	docstring=	serviceVersionLinkHash=SERVICE_VERSION_00000000000000000000000000000000	pyTypeUniqueHash=PY_TYPE_fd26c3cd94bd9663ee01dd2cfe94159d
name=Plain	qualifiedName=class_forms.Plain	fileName=class_forms.py	typeCategory=CLASS_TYPE	typeAccess=PUBLIC_ACCESS	typeModifier=	typePlacement=TOP_LEVEL_PLACEMENT	startLine=6	endLine=8	isExternal=false	pyModuleLinkHash=PY_MODULE_512fa5aa67cc77834aa18c596c931e59	enclosingTypeLinkHash=	enclosingMethodLinkHash=	scopeLinkHash=PY_SCOPE_dabf168b86fb0b3bc60432b0c3ae93d9	classInitMethodLinkHash=PY_METHOD_87d30a7efef8ecfd6e3f637d75615fac	declaringBindingLinkHash=PY_BINDING_dd7174e50ea975f728b4df06280d9310	metaclassName=	baseCount=0	hasDynamicBase=false	mroKind=IMPLICIT_OBJECT	docstring=	serviceVersionLinkHash=SERVICE_VERSION_00000000000000000000000000000000	pyTypeUniqueHash=PY_TYPE_8c38e5456fe2b467433fbc7003e4cdb7
name=Point	qualifiedName=field_origins.Point	fileName=field_origins.py	typeCategory=DATACLASS_TYPE	typeAccess=PUBLIC_ACCESS	typeModifier=	typePlacement=TOP_LEVEL_PLACEMENT	startLine=18	endLine=23	isExternal=false	pyModuleLinkHash=PY_MODULE_d9b6cd4b9890511117f0581289c3e72e	enclosingTypeLinkHash=	enclosingMethodLinkHash=	scopeLinkHash=PY_SCOPE_ca5bd8ab9c9fd6a22047afdd67363d28	classInitMethodLinkHash=PY_METHOD_6fb05fe519db47dcf143ec52691d76d8	declaringBindingLinkHash=PY_BINDING_41618da92db7ff220c59878cf17edbc7	metaclassName=	baseCount=0	hasDynamicBase=false	mroKind=IMPLICIT_OBJECT	docstring=	serviceVersionLinkHash=SERVICE_VERSION_00000000000000000000000000000000	pyTypeUniqueHash=PY_TYPE_6b71a387bb09f3559bd7785e8741463e
name=Point	qualifiedName=match_class_and_sequence_patterns.Point	fileName=match_class_and_sequence_patterns.py	typeCategory=CLASS_TYPE	typeAccess=PUBLIC_ACCESS	typeModifier=	typePlacement=TOP_LEVEL_PLACEMENT	startLine=8	endLine=11	isExternal=false	pyModuleLinkHash=PY_MODULE_e8c22c801b9d7d33638ace57665fdd49	enclosingTypeLinkHash=	enclosingMethodLinkHash=	scopeLinkHash=PY_SCOPE_ceae26f1a1a6fdd6fb457be16a523c88	classInitMethodLinkHash=PY_METHOD_2b68a7d332bf94c0f5a3d65c41b2f66a	declaringBindingLinkHash=PY_BINDING_e83a0c7255815209f41887f773a18758	metaclassName=	baseCount=0	hasDynamicBase=false	mroKind=IMPLICIT_OBJECT	docstring=	serviceVersionLinkHash=SERVICE_VERSION_00000000000000000000000000000000	pyTypeUniqueHash=PY_TYPE_6f4e90e4697b76a388566c9bd84e0d4d
name=Record	qualifiedName=service_layer.Record	fileName=service_layer.py	typeCategory=DATACLASS_TYPE	typeAccess=PUBLIC_ACCESS	typeModifier=	typePlacement=TOP_LEVEL_PLACEMENT	startLine=7	endLine=12	isExternal=false	pyModuleLinkHash=PY_MODULE_87ff823ca7cda9220c2fe03210807591	enclosingTypeLinkHash=	enclosingMethodLinkHash=	scopeLinkHash=PY_SCOPE_84a127f32e500bccbe2312fbc9cfaed3	classInitMethodLinkHash=PY_METHOD_8d092d7961dbb0575ee7138240aa2fdc	declaringBindingLinkHash=PY_BINDING_a6d965dfbd439404c96f37c62748faec	metaclassName=	baseCount=0	hasDynamicBase=false	mroKind=IMPLICIT_OBJECT	docstring=	serviceVersionLinkHash=SERVICE_VERSION_00000000000000000000000000000000	pyTypeUniqueHash=PY_TYPE_8ffa51c20183b9069bc165293685e3fe
name=Recursive	qualifiedName=resolution_edges.Recursive	fileName=resolution_edges.py	typeCategory=CLASS_TYPE	typeAccess=PUBLIC_ACCESS	typeModifier=	typePlacement=TOP_LEVEL_PLACEMENT	startLine=77	endLine=81	isExternal=false	pyModuleLinkHash=PY_MODULE_daef721b73c8bfbcc0348299f2f7bf9a	enclosingTypeLinkHash=	enclosingMethodLinkHash=	scopeLinkHash=PY_SCOPE_0ac6ec95edea5eeb17a19c848256ce00	classInitMethodLinkHash=PY_METHOD_fd0493190d4c226e07c15d5034c79044	declaringBindingLinkHash=PY_BINDING_3b309fcebd69b1620444cbfc5a0d9484	metaclassName=	baseCount=0	hasDynamicBase=false	mroKind=IMPLICIT_OBJECT	docstring=	serviceVersionLinkHash=SERVICE_VERSION_00000000000000000000000000000000	pyTypeUniqueHash=PY_TYPE_95fead6f9a5884d0a55105b1cfde730c
name=Registry	qualifiedName=core.base.Registry	fileName=base.py	typeCategory=CLASS_TYPE	typeAccess=PUBLIC_ACCESS	typeModifier=	typePlacement=TOP_LEVEL_PLACEMENT	startLine=26	endLine=35	isExternal=false	pyModuleLinkHash=PY_MODULE_0af7a9df251376bafe876afe4a32f46e	enclosingTypeLinkHash=	enclosingMethodLinkHash=	scopeLinkHash=PY_SCOPE_5d313471f2530aadbedb4609a0df3d1f	classInitMethodLinkHash=PY_METHOD_84e298a19cdfa5eae5cd2e3b611b5b05	declaringBindingLinkHash=PY_BINDING_c9fe1f0938dbd0f381a72d70ef3b1eb3	metaclassName=	baseCount=0	hasDynamicBase=false	mroKind=IMPLICIT_OBJECT	docstring=	serviceVersionLinkHash=SERVICE_VERSION_00000000000000000000000000000000	pyTypeUniqueHash=PY_TYPE_f511a7eca38906948dce8170bb4e5495
name=Registry	qualifiedName=decorator_forms.Registry	fileName=decorator_forms.py	typeCategory=CLASS_TYPE	typeAccess=PUBLIC_ACCESS	typeModifier=	typePlacement=TOP_LEVEL_PLACEMENT	startLine=15	endLine=17	isExternal=false	pyModuleLinkHash=PY_MODULE_732c028e10cc873fb59fb05238047955	enclosingTypeLinkHash=	enclosingMethodLinkHash=	scopeLinkHash=PY_SCOPE_7882eb1c95ef0251b9ea93bc2a1ae019	classInitMethodLinkHash=PY_METHOD_d088b48d0ba02b1410047d0a659d3582	declaringBindingLinkHash=PY_BINDING_93e4ebbab7650256e80b1d291239f639	metaclassName=	baseCount=0	hasDynamicBase=false	mroKind=IMPLICIT_OBJECT	docstring=	serviceVersionLinkHash=SERVICE_VERSION_00000000000000000000000000000000	pyTypeUniqueHash=PY_TYPE_91bc905298638e8692b0e9b01c81f0b2
name=Repository	qualifiedName=service_layer.Repository	fileName=service_layer.py	typeCategory=CLASS_TYPE	typeAccess=PUBLIC_ACCESS	typeModifier=	typePlacement=TOP_LEVEL_PLACEMENT	startLine=26	endLine=39	isExternal=false	pyModuleLinkHash=PY_MODULE_87ff823ca7cda9220c2fe03210807591	enclosingTypeLinkHash=	enclosingMethodLinkHash=	scopeLinkHash=PY_SCOPE_85c0f4593c0a69f8258cb09d875c1a96	classInitMethodLinkHash=PY_METHOD_0748cdc01694063134d677d1ea60bbf0	declaringBindingLinkHash=PY_BINDING_d8cd5e66503992c8093c0dca33f7a646	metaclassName=	baseCount=0	hasDynamicBase=false	mroKind=IMPLICIT_OBJECT	docstring=	serviceVersionLinkHash=SERVICE_VERSION_00000000000000000000000000000000	pyTypeUniqueHash=PY_TYPE_2dfd4389681449004ff326855f81c683
name=Right	qualifiedName=resolution_edges.Right	fileName=resolution_edges.py	typeCategory=CLASS_TYPE	typeAccess=PUBLIC_ACCESS	typeModifier=	typePlacement=TOP_LEVEL_PLACEMENT	startLine=22	endLine=24	isExternal=false	pyModuleLinkHash=PY_MODULE_daef721b73c8bfbcc0348299f2f7bf9a	enclosingTypeLinkHash=	enclosingMethodLinkHash=	scopeLinkHash=PY_SCOPE_46ed1af6a3f6bdbb9cdbf23c71bfd72a	classInitMethodLinkHash=PY_METHOD_ad3c9c98b11b10f91cd6051d21e6b94a	declaringBindingLinkHash=PY_BINDING_2201512534625b8041841c4d7e3fdb4f	metaclassName=	baseCount=1	hasDynamicBase=false	mroKind=SINGLE_INHERITANCE	docstring=	serviceVersionLinkHash=SERVICE_VERSION_00000000000000000000000000000000	pyTypeUniqueHash=PY_TYPE_be6a2fb99c3bc67bdab9a6a4ef7678de
name=SavingsAccount	qualifiedName=name_mangling_edge_cases.SavingsAccount	fileName=name_mangling_edge_cases.py	typeCategory=CLASS_TYPE	typeAccess=PUBLIC_ACCESS	typeModifier=	typePlacement=TOP_LEVEL_PLACEMENT	startLine=56	endLine=62	isExternal=false	pyModuleLinkHash=PY_MODULE_75dd800d24b53dd3ca1d826ca1525876	enclosingTypeLinkHash=	enclosingMethodLinkHash=	scopeLinkHash=PY_SCOPE_7b87d54093077b1346070ae56075c290	classInitMethodLinkHash=PY_METHOD_e2b04ba991241e6262a772678503e6af	declaringBindingLinkHash=PY_BINDING_ec3a12a6f3e0af5514c39b9bb69269ad	metaclassName=	baseCount=1	hasDynamicBase=false	mroKind=SINGLE_INHERITANCE	docstring=	serviceVersionLinkHash=SERVICE_VERSION_00000000000000000000000000000000	pyTypeUniqueHash=PY_TYPE_123066224b71bd554d5fb2221924b3d1
name=SelfInClosure	qualifiedName=resolution_edges.SelfInClosure	fileName=resolution_edges.py	typeCategory=CLASS_TYPE	typeAccess=PUBLIC_ACCESS	typeModifier=	typePlacement=TOP_LEVEL_PLACEMENT	startLine=40	endLine=49	isExternal=false	pyModuleLinkHash=PY_MODULE_daef721b73c8bfbcc0348299f2f7bf9a	enclosingTypeLinkHash=	enclosingMethodLinkHash=	scopeLinkHash=PY_SCOPE_5e2507f118b09401a724b3fe3a2364d0	classInitMethodLinkHash=PY_METHOD_cf6d34518e3c7a4ec927b50520fefec4	declaringBindingLinkHash=PY_BINDING_697c7f927985b2ad2bbd39f6f7eb8e2d	metaclassName=	baseCount=0	hasDynamicBase=false	mroKind=IMPLICIT_OBJECT	docstring=	serviceVersionLinkHash=SERVICE_VERSION_00000000000000000000000000000000	pyTypeUniqueHash=PY_TYPE_ab730c1749c1b625cba85007e4336795
name=Service	qualifiedName=service_layer.Service	fileName=service_layer.py	typeCategory=CLASS_TYPE	typeAccess=PUBLIC_ACCESS	typeModifier=	typePlacement=TOP_LEVEL_PLACEMENT	startLine=42	endLine=58	isExternal=false	pyModuleLinkHash=PY_MODULE_87ff823ca7cda9220c2fe03210807591	enclosingTypeLinkHash=	enclosingMethodLinkHash=	scopeLinkHash=PY_SCOPE_7377efbfdf480cb5836dfe9d3cf96fe6	classInitMethodLinkHash=PY_METHOD_94439eaa2691aaa0295e0cd54ceb9e50	declaringBindingLinkHash=PY_BINDING_c3c660c9c152a7c0222474b8c614bf4a	metaclassName=	baseCount=0	hasDynamicBase=false	mroKind=IMPLICIT_OBJECT	docstring=	serviceVersionLinkHash=SERVICE_VERSION_00000000000000000000000000000000	pyTypeUniqueHash=PY_TYPE_c4ea4c823c48edb338a6cd78787cae9b
name=Shadowing	qualifiedName=resolution_edges.Shadowing	fileName=resolution_edges.py	typeCategory=CLASS_TYPE	typeAccess=PUBLIC_ACCESS	typeModifier=	typePlacement=TOP_LEVEL_PLACEMENT	startLine=34	endLine=37	isExternal=false	pyModuleLinkHash=PY_MODULE_daef721b73c8bfbcc0348299f2f7bf9a	enclosingTypeLinkHash=	enclosingMethodLinkHash=	scopeLinkHash=PY_SCOPE_575fdcb5742de289175b79dd421e9238	classInitMethodLinkHash=PY_METHOD_18f1186a8d4c67c5986bac6474f3350c	declaringBindingLinkHash=PY_BINDING_ce354b935fef71072920628187b14685	metaclassName=	baseCount=1	hasDynamicBase=false	mroKind=SINGLE_INHERITANCE	docstring=	serviceVersionLinkHash=SERVICE_VERSION_00000000000000000000000000000000	pyTypeUniqueHash=PY_TYPE_1bf61e0a850388f43213e71a26df28f6
name=Store	qualifiedName=service_layer.Store	fileName=service_layer.py	typeCategory=CLASS_TYPE	typeAccess=PUBLIC_ACCESS	typeModifier=	typePlacement=TOP_LEVEL_PLACEMENT	startLine=15	endLine=23	isExternal=false	pyModuleLinkHash=PY_MODULE_87ff823ca7cda9220c2fe03210807591	enclosingTypeLinkHash=	enclosingMethodLinkHash=	scopeLinkHash=PY_SCOPE_ed08f48ddbbbc018936a34ab683fcf2b	classInitMethodLinkHash=PY_METHOD_8ff7c40797f7a029624146c9fec2cef4	declaringBindingLinkHash=PY_BINDING_71ffbced3c5c8180a92fc7d33276d1fe	metaclassName=	baseCount=0	hasDynamicBase=false	mroKind=IMPLICIT_OBJECT	docstring=	serviceVersionLinkHash=SERVICE_VERSION_00000000000000000000000000000000	pyTypeUniqueHash=PY_TYPE_2cf22ea62c0a0c4b7621a04b81853658
name=Sub	qualifiedName=reference_contexts.Sub	fileName=reference_contexts.py	typeCategory=CLASS_TYPE	typeAccess=PUBLIC_ACCESS	typeModifier=	typePlacement=TOP_LEVEL_PLACEMENT	startLine=10	endLine=11	isExternal=false	pyModuleLinkHash=PY_MODULE_2ad12d409f3c3e259800bca32bb8559f	enclosingTypeLinkHash=	enclosingMethodLinkHash=	scopeLinkHash=PY_SCOPE_7c64f7522adf1ce4bc02d6aeed35fea7	classInitMethodLinkHash=PY_METHOD_1702446e8ba88eaf62e5dab75891155e	declaringBindingLinkHash=PY_BINDING_625bf2c109df9882fb24aa82971515ec	metaclassName=	baseCount=1	hasDynamicBase=false	mroKind=SINGLE_INHERITANCE	docstring=	serviceVersionLinkHash=SERVICE_VERSION_00000000000000000000000000000000	pyTypeUniqueHash=PY_TYPE_c1336dda8d84220f71b783e827ad3311
name=Tagged	qualifiedName=services.inheritance.Tagged	fileName=inheritance.py	typeCategory=CLASS_TYPE	typeAccess=PUBLIC_ACCESS	typeModifier=	typePlacement=TOP_LEVEL_PLACEMENT	startLine=5	endLine=13	isExternal=false	pyModuleLinkHash=PY_MODULE_0a821397f31f9644e27278ab1de4362b	enclosingTypeLinkHash=	enclosingMethodLinkHash=	scopeLinkHash=PY_SCOPE_0208583a82f3ed45ecc4771129f45018	classInitMethodLinkHash=PY_METHOD_7179d2de9d227a8382ef5c92ecdccb12	declaringBindingLinkHash=PY_BINDING_4b1cef2da8914a979b1adfb03a8c4954	metaclassName=	baseCount=1	hasDynamicBase=false	mroKind=SINGLE_INHERITANCE	docstring=	serviceVersionLinkHash=SERVICE_VERSION_00000000000000000000000000000000	pyTypeUniqueHash=PY_TYPE_87b5de4c1461e6b37e42d0b104fd407c
name=Typed	qualifiedName=field_origins.Typed	fileName=field_origins.py	typeCategory=TYPEDDICT_TYPE	typeAccess=PUBLIC_ACCESS	typeModifier=	typePlacement=TOP_LEVEL_PLACEMENT	startLine=31	endLine=32	isExternal=false	pyModuleLinkHash=PY_MODULE_d9b6cd4b9890511117f0581289c3e72e	enclosingTypeLinkHash=	enclosingMethodLinkHash=	scopeLinkHash=PY_SCOPE_ddbd0a960c858e71924df159803db7a6	classInitMethodLinkHash=PY_METHOD_9882feefb38d07d49317dcd72ef03bc6	declaringBindingLinkHash=PY_BINDING_75f7b96f193932ba1fc3059e8f6c7f5b	metaclassName=	baseCount=1	hasDynamicBase=false	mroKind=SINGLE_INHERITANCE	docstring=	serviceVersionLinkHash=SERVICE_VERSION_00000000000000000000000000000000	pyTypeUniqueHash=PY_TYPE_ab0f66955e01d63bfcdb185cba8220c9
name=TypedBuilder	qualifiedName=core.factory.TypedBuilder	fileName=factory.py	typeCategory=CLASS_TYPE	typeAccess=PUBLIC_ACCESS	typeModifier=	typePlacement=TOP_LEVEL_PLACEMENT	startLine=26	endLine=29	isExternal=false	pyModuleLinkHash=PY_MODULE_7908beb43f8c739558eabfcf93ebca84	enclosingTypeLinkHash=	enclosingMethodLinkHash=	scopeLinkHash=PY_SCOPE_d76a54ec93f0d0b97b08d3f2a1df3111	classInitMethodLinkHash=PY_METHOD_62e76ad4b00ab68bf712a38f2ec418eb	declaringBindingLinkHash=PY_BINDING_21beda66769b7b22f937b40f5b1a7a19	metaclassName=	baseCount=1	hasDynamicBase=false	mroKind=SINGLE_INHERITANCE	docstring=	serviceVersionLinkHash=SERVICE_VERSION_00000000000000000000000000000000	pyTypeUniqueHash=PY_TYPE_e05aff09427e5b3fb8b3b7c28b5be2d6
name=UsesMeta	qualifiedName=class_forms.UsesMeta	fileName=class_forms.py	typeCategory=CLASS_TYPE	typeAccess=PUBLIC_ACCESS	typeModifier=	typePlacement=TOP_LEVEL_PLACEMENT	startLine=38	endLine=40	isExternal=false	pyModuleLinkHash=PY_MODULE_512fa5aa67cc77834aa18c596c931e59	enclosingTypeLinkHash=	enclosingMethodLinkHash=	scopeLinkHash=PY_SCOPE_2634f3498c7b6771a107b586afb944b1	classInitMethodLinkHash=PY_METHOD_2ecf3ff8939f493a421e36174686292a	declaringBindingLinkHash=PY_BINDING_fd6152aa5de540a7bf1ba21ab56eeaad	metaclassName=Meta	baseCount=0	hasDynamicBase=false	mroKind=IMPLICIT_OBJECT	docstring=	serviceVersionLinkHash=SERVICE_VERSION_00000000000000000000000000000000	pyTypeUniqueHash=PY_TYPE_7f72979af8f7abc913baef30dee94e3f
name=WithSlots	qualifiedName=class_forms.WithSlots	fileName=class_forms.py	typeCategory=CLASS_TYPE	typeAccess=PUBLIC_ACCESS	typeModifier=SLOTS	typePlacement=TOP_LEVEL_PLACEMENT	startLine=21	endLine=26	isExternal=false	pyModuleLinkHash=PY_MODULE_512fa5aa67cc77834aa18c596c931e59	enclosingTypeLinkHash=	enclosingMethodLinkHash=	scopeLinkHash=PY_SCOPE_50dd8db91517bbd00616d2323b71de88	classInitMethodLinkHash=PY_METHOD_9c1e7d8f447aeb51b7e8eb76ddcdd695	declaringBindingLinkHash=PY_BINDING_3d7dbfaddb7c3097b4bb9f25913c4aa5	metaclassName=	baseCount=0	hasDynamicBase=false	mroKind=IMPLICIT_OBJECT	docstring=	serviceVersionLinkHash=SERVICE_VERSION_00000000000000000000000000000000	pyTypeUniqueHash=PY_TYPE_834b419437b855738443676b9b3cada0
