baseKind=DOTTED_NAME	position=0	baseText=abc.ABC	baseSimpleName=ABC	baseDottedPath=abc.ABC	keywordName=	pyTypeLinkHash=PY_TYPE_a1bd5124fede6d4f3504a0dd00092899	pyModuleLinkHash=PY_MODULE_7f80b0a69e6ccd5fc2e3932cc9e5dc10	pyExpressionLinkHash=	pyTypeReferenceLinkHash=PY_TYPE_REFERENCE_3bded0b6c030c49b42733b6c10869098	resolvedTypeLinkHash=	isResolvedLocally=false	isDynamic=false	startLine=6	serviceVersionLinkHash=SERVICE_VERSION_00000000000000000000000000000000	pyTypeBaseUniqueHash=PY_TYPE_BASE_9be278177bf016aa3f30ddf64db6f7be
baseKind=DOTTED_NAME	position=0	baseText=enum.Enum	baseSimpleName=Enum	baseDottedPath=enum.Enum	keywordName=	pyTypeLinkHash=PY_TYPE_9e523515e44d6cfd9bc7abbd870a39fc	pyModuleLinkHash=PY_MODULE_512fa5aa67cc77834aa18c596c931e59	pyExpressionLinkHash=	pyTypeReferenceLinkHash=PY_TYPE_REFERENCE_52d9e616cd3def5f0f1edab09f3f7dd7	resolvedTypeLinkHash=	isResolvedLocally=false	isDynamic=false	startLine=29	serviceVersionLinkHash=SERVICE_VERSION_00000000000000000000000000000000	pyTypeBaseUniqueHash=PY_TYPE_BASE_8cf5971b76a7e8c8ed78cf7115ff5cf8
baseKind=DOTTED_NAME	position=0	baseText=typing.NamedTuple	baseSimpleName=NamedTuple	baseDottedPath=typing.NamedTuple	keywordName=	pyTypeLinkHash=PY_TYPE_57e2471ba226031232617e9a2c039483	pyModuleLinkHash=PY_MODULE_d9b6cd4b9890511117f0581289c3e72e	pyExpressionLinkHash=	pyTypeReferenceLinkHash=PY_TYPE_REFERENCE_679cccd68326ce179956ba8fd4bde9dd	resolvedTypeLinkHash=	isResolvedLocally=false	isDynamic=false	startLine=26	serviceVersionLinkHash=SERVICE_VERSION_00000000000000000000000000000000	pyTypeBaseUniqueHash=PY_TYPE_BASE_69e2dae2e6c4a9fc0df3601f6c432e01
baseKind=DOTTED_NAME	position=0	baseText=typing.TypedDict	baseSimpleName=TypedDict	baseDottedPath=typing.TypedDict	keywordName=	pyTypeLinkHash=PY_TYPE_ab0f66955e01d63bfcdb185cba8220c9	pyModuleLinkHash=PY_MODULE_d9b6cd4b9890511117f0581289c3e72e	pyExpressionLinkHash=	pyTypeReferenceLinkHash=PY_TYPE_REFERENCE_a2b12ea8ad3133a154235b9cbf39d166	resolvedTypeLinkHash=	isResolvedLocally=false	isDynamic=false	startLine=31	serviceVersionLinkHash=SERVICE_VERSION_00000000000000000000000000000000	pyTypeBaseUniqueHash=PY_TYPE_BASE_f971759af372b304ae9c1cd76d5d53fe
baseKind=DOTTED_NAME	position=1	baseText=abc.ABC	baseSimpleName=ABC	baseDottedPath=abc.ABC	keywordName=	pyTypeLinkHash=PY_TYPE_096510570e66f2c2f8c16790dc103c81	pyModuleLinkHash=PY_MODULE_512fa5aa67cc77834aa18c596c931e59	pyExpressionLinkHash=	pyTypeReferenceLinkHash=PY_TYPE_REFERENCE_c294339b222116c6b2c37553d77db9d6	resolvedTypeLinkHash=	isResolvedLocally=false	isDynamic=false	startLine=16	serviceVersionLinkHash=SERVICE_VERSION_00000000000000000000000000000000	pyTypeBaseUniqueHash=PY_TYPE_BASE_2d6faedd9b25e259d932d71d471b1cf0
baseKind=KEYWORD_METACLASS	position=	baseText=Meta	baseSimpleName=Meta	baseDottedPath=Meta	keywordName=metaclass	pyTypeLinkHash=PY_TYPE_7f72979af8f7abc913baef30dee94e3f	pyModuleLinkHash=PY_MODULE_512fa5aa67cc77834aa18c596c931e59	pyExpressionLinkHash=	pyTypeReferenceLinkHash=PY_TYPE_REFERENCE_f5f48f43af5f41786eb2cba3b96ec0ac	resolvedTypeLinkHash=	isResolvedLocally=false	isDynamic=false	startLine=38	serviceVersionLinkHash=SERVICE_VERSION_00000000000000000000000000000000	pyTypeBaseUniqueHash=PY_TYPE_BASE_8d8997b8ab13e425f4cd4d391e1e7784
baseKind=NAME	position=0	baseText=Base	baseSimpleName=Base	baseDottedPath=Base	keywordName=	pyTypeLinkHash=PY_TYPE_1bf61e0a850388f43213e71a26df28f6	pyModuleLinkHash=PY_MODULE_daef721b73c8bfbcc0348299f2f7bf9a	pyExpressionLinkHash=	pyTypeReferenceLinkHash=PY_TYPE_REFERENCE_dfd8e3ad398b15ae9b399242e41efe32	resolvedTypeLinkHash=PY_TYPE_ac74f38a005c7d51233bf10afc324bb2	isResolvedLocally=true	isDynamic=false	startLine=34	serviceVersionLinkHash=SERVICE_VERSION_00000000000000000000000000000000	pyTypeBaseUniqueHash=PY_TYPE_BASE_5d5fb23d3c040be099ea00e169a8fd19
baseKind=NAME	position=0	baseText=Base	baseSimpleName=Base	baseDottedPath=Base	keywordName=	pyTypeLinkHash=PY_TYPE_97961fc0439b80bc2765dc863bbe1c35	pyModuleLinkHash=PY_MODULE_daef721b73c8bfbcc0348299f2f7bf9a	pyExpressionLinkHash=	pyTypeReferenceLinkHash=PY_TYPE_REFERENCE_7ec1925cb24e53e99a2f1df0f4a1551f	resolvedTypeLinkHash=PY_TYPE_ac74f38a005c7d51233bf10afc324bb2	isResolvedLocally=true	isDynamic=false	startLine=17	serviceVersionLinkHash=SERVICE_VERSION_00000000000000000000000000000000	pyTypeBaseUniqueHash=PY_TYPE_BASE_5fb893f4c85b6115172bff5723a2e3ae
baseKind=NAME	position=0	baseText=Base	baseSimpleName=Base	baseDottedPath=Base	keywordName=	pyTypeLinkHash=PY_TYPE_be6a2fb99c3bc67bdab9a6a4ef7678de	pyModuleLinkHash=PY_MODULE_daef721b73c8bfbcc0348299f2f7bf9a	pyExpressionLinkHash=	pyTypeReferenceLinkHash=PY_TYPE_REFERENCE_d5d30e525bd854e6e3aab084683f5c21	resolvedTypeLinkHash=PY_TYPE_ac74f38a005c7d51233bf10afc324bb2	isResolvedLocally=true	isDynamic=false	startLine=22	serviceVersionLinkHash=SERVICE_VERSION_00000000000000000000000000000000	pyTypeBaseUniqueHash=PY_TYPE_BASE_e5b5d0bfb47674c2873776590f1ce647
baseKind=NAME	position=0	baseText=Base	baseSimpleName=Base	baseDottedPath=Base	keywordName=	pyTypeLinkHash=PY_TYPE_c1336dda8d84220f71b783e827ad3311	pyModuleLinkHash=PY_MODULE_2ad12d409f3c3e259800bca32bb8559f	pyExpressionLinkHash=	pyTypeReferenceLinkHash=PY_TYPE_REFERENCE_2f50af3307472fb7566a44cd4db108a2	resolvedTypeLinkHash=PY_TYPE_362c5489dff51a1f3b1124e5bed6ac2e	isResolvedLocally=true	isDynamic=false	startLine=10	serviceVersionLinkHash=SERVICE_VERSION_00000000000000000000000000000000	pyTypeBaseUniqueHash=PY_TYPE_BASE_93e9ac62967650528a41a8bb4dfc00ab
baseKind=NAME	position=0	baseText=Builder	baseSimpleName=Builder	baseDottedPath=Builder	keywordName=	pyTypeLinkHash=PY_TYPE_e05aff09427e5b3fb8b3b7c28b5be2d6	pyModuleLinkHash=PY_MODULE_7908beb43f8c739558eabfcf93ebca84	pyExpressionLinkHash=	pyTypeReferenceLinkHash=PY_TYPE_REFERENCE_9aabbecd1d0526441c86defad84616f4	resolvedTypeLinkHash=PY_TYPE_bf6354f36ebb9ff7d338d07707f4d6c9	isResolvedLocally=true	isDynamic=false	startLine=26	serviceVersionLinkHash=SERVICE_VERSION_00000000000000000000000000000000	pyTypeBaseUniqueHash=PY_TYPE_BASE_76c964ed258817048cfe9740ed44b72c
baseKind=NAME	position=0	baseText=Exception	baseSimpleName=Exception	baseDottedPath=Exception	keywordName=	pyTypeLinkHash=PY_TYPE_cb754447970b86a6a5c92e1cb57555d4	pyModuleLinkHash=PY_MODULE_2ad12d409f3c3e259800bca32bb8559f	pyExpressionLinkHash=	pyTypeReferenceLinkHash=PY_TYPE_REFERENCE_d08a087d1ddd4c0b3a7440b2ffb6ef86	resolvedTypeLinkHash=	isResolvedLocally=false	isDynamic=false	startLine=35	serviceVersionLinkHash=SERVICE_VERSION_00000000000000000000000000000000	pyTypeBaseUniqueHash=PY_TYPE_BASE_492c1482bf0263cb95575d66192f15c9
baseKind=NAME	position=0	baseText=Leaf	baseSimpleName=Leaf	baseDottedPath=Leaf	keywordName=	pyTypeLinkHash=PY_TYPE_834321b821663a60dfa7d7e9704dc276	pyModuleLinkHash=PY_MODULE_0a821397f31f9644e27278ab1de4362b	pyExpressionLinkHash=	pyTypeReferenceLinkHash=PY_TYPE_REFERENCE_76637fed4d5e59c8264407bfdd6f65fe	resolvedTypeLinkHash=PY_TYPE_50545579e02058f8c7ab2e28c6b40e6a	isResolvedLocally=true	isDynamic=false	startLine=16	serviceVersionLinkHash=SERVICE_VERSION_00000000000000000000000000000000	pyTypeBaseUniqueHash=PY_TYPE_BASE_cdab1404e2ac24c2f8d8f32afa13a94b
baseKind=NAME	position=0	baseText=Left	baseSimpleName=Left	baseDottedPath=Left	keywordName=	pyTypeLinkHash=PY_TYPE_b2ac8d252bb014bc57de1b1b81de26d9	pyModuleLinkHash=PY_MODULE_daef721b73c8bfbcc0348299f2f7bf9a	pyExpressionLinkHash=	pyTypeReferenceLinkHash=PY_TYPE_REFERENCE_da0dc54bf5bff7465e4f4278498ad9ac	resolvedTypeLinkHash=PY_TYPE_97961fc0439b80bc2765dc863bbe1c35	isResolvedLocally=true	isDynamic=false	startLine=27	serviceVersionLinkHash=SERVICE_VERSION_00000000000000000000000000000000	pyTypeBaseUniqueHash=PY_TYPE_BASE_660ccc60dcda40a137cd3ac164b3096a
baseKind=NAME	position=0	baseText=Node	baseSimpleName=Node	baseDottedPath=Node	keywordName=	pyTypeLinkHash=PY_TYPE_50545579e02058f8c7ab2e28c6b40e6a	pyModuleLinkHash=PY_MODULE_0af7a9df251376bafe876afe4a32f46e	pyExpressionLinkHash=	pyTypeReferenceLinkHash=PY_TYPE_REFERENCE_8a689ad81b3e8fa0c19e5d398ba7d89d	resolvedTypeLinkHash=PY_TYPE_114cb72d42012abcb4ffcbce3bc6a345	isResolvedLocally=true	isDynamic=false	startLine=20	serviceVersionLinkHash=SERVICE_VERSION_00000000000000000000000000000000	pyTypeBaseUniqueHash=PY_TYPE_BASE_68f0e303e7319a0c053d6154bfddab09
baseKind=NAME	position=0	baseText=Node	baseSimpleName=Node	baseDottedPath=Node	keywordName=	pyTypeLinkHash=PY_TYPE_87b5de4c1461e6b37e42d0b104fd407c	pyModuleLinkHash=PY_MODULE_0a821397f31f9644e27278ab1de4362b	pyExpressionLinkHash=	pyTypeReferenceLinkHash=PY_TYPE_REFERENCE_8c9722e5162af60a42d5cfdada30f842	resolvedTypeLinkHash=PY_TYPE_114cb72d42012abcb4ffcbce3bc6a345	isResolvedLocally=true	isDynamic=false	startLine=5	serviceVersionLinkHash=SERVICE_VERSION_00000000000000000000000000000000	pyTypeBaseUniqueHash=PY_TYPE_BASE_f434280eae8d34aec5444f534db30bc3
baseKind=NAME	position=0	baseText=Outer	baseSimpleName=Outer	baseDottedPath=Outer	keywordName=	pyTypeLinkHash=PY_TYPE_123066224b71bd554d5fb2221924b3d1	pyModuleLinkHash=PY_MODULE_75dd800d24b53dd3ca1d826ca1525876	pyExpressionLinkHash=	pyTypeReferenceLinkHash=PY_TYPE_REFERENCE_3b1110f349e649e84781bb6449a2bdaf	resolvedTypeLinkHash=PY_TYPE_fd26c3cd94bd9663ee01dd2cfe94159d	isResolvedLocally=true	isDynamic=false	startLine=56	serviceVersionLinkHash=SERVICE_VERSION_00000000000000000000000000000000	pyTypeBaseUniqueHash=PY_TYPE_BASE_2bdada638c02717e3aaeed1d970c343f
baseKind=NAME	position=0	baseText=Plain	baseSimpleName=Plain	baseDottedPath=Plain	keywordName=	pyTypeLinkHash=PY_TYPE_096510570e66f2c2f8c16790dc103c81	pyModuleLinkHash=PY_MODULE_512fa5aa67cc77834aa18c596c931e59	pyExpressionLinkHash=	pyTypeReferenceLinkHash=PY_TYPE_REFERENCE_4203c5c7eb694bb5e1276d2cdba4538c	resolvedTypeLinkHash=PY_TYPE_8c38e5456fe2b467433fbc7003e4cdb7	isResolvedLocally=true	isDynamic=false	startLine=16	serviceVersionLinkHash=SERVICE_VERSION_00000000000000000000000000000000	pyTypeBaseUniqueHash=PY_TYPE_BASE_db48fb68ce3acafb6de348ff48072357
baseKind=NAME	position=0	baseText=Plain	baseSimpleName=Plain	baseDottedPath=Plain	keywordName=	pyTypeLinkHash=PY_TYPE_e23a2272c26b8aa8b67ae25ac452b1c4	pyModuleLinkHash=PY_MODULE_512fa5aa67cc77834aa18c596c931e59	pyExpressionLinkHash=	pyTypeReferenceLinkHash=PY_TYPE_REFERENCE_8b9f18203433b78a12d76f53a63f3311	resolvedTypeLinkHash=PY_TYPE_8c38e5456fe2b467433fbc7003e4cdb7	isResolvedLocally=true	isDynamic=false	startLine=11	serviceVersionLinkHash=SERVICE_VERSION_00000000000000000000000000000000	pyTypeBaseUniqueHash=PY_TYPE_BASE_7c6dc67aac1a3c18a9cdecd9de0b869e
baseKind=NAME	position=0	baseText=type	baseSimpleName=type	baseDottedPath=type	keywordName=	pyTypeLinkHash=PY_TYPE_a22e06fd098af9d04885e6cfc8e4db85	pyModuleLinkHash=PY_MODULE_512fa5aa67cc77834aa18c596c931e59	pyExpressionLinkHash=	pyTypeReferenceLinkHash=PY_TYPE_REFERENCE_6ab021775eba5673f99f444a1824bab4	resolvedTypeLinkHash=	isResolvedLocally=false	isDynamic=false	startLine=34	serviceVersionLinkHash=SERVICE_VERSION_00000000000000000000000000000000	pyTypeBaseUniqueHash=PY_TYPE_BASE_5b9ad10a5b3a53884a0cfae754264834
baseKind=NAME	position=1	baseText=Right	baseSimpleName=Right	baseDottedPath=Right	keywordName=	pyTypeLinkHash=PY_TYPE_b2ac8d252bb014bc57de1b1b81de26d9	pyModuleLinkHash=PY_MODULE_daef721b73c8bfbcc0348299f2f7bf9a	pyExpressionLinkHash=	pyTypeReferenceLinkHash=PY_TYPE_REFERENCE_c29fcc30ff522768afdd6e51dd43ffb0	resolvedTypeLinkHash=PY_TYPE_be6a2fb99c3bc67bdab9a6a4ef7678de	isResolvedLocally=true	isDynamic=false	startLine=27	serviceVersionLinkHash=SERVICE_VERSION_00000000000000000000000000000000	pyTypeBaseUniqueHash=PY_TYPE_BASE_116701c47fcf312d18c65dfea9709afd
